../Middlewares/ST/touchgfx/framework/include/mvp/Presenter.hpp:37:18:virtual void touchgfx::Presenter::activate()	16	static
../Middlewares/ST/touchgfx/framework/include/mvp/Presenter.hpp:47:18:virtual void touchgfx::Presenter::deactivate()	16	static
../Middlewares/ST/touchgfx/framework/include/mvp/Presenter.hpp:52:13:touchgfx::Presenter::~Presenter()	16	static
../Middlewares/ST/touchgfx/framework/include/mvp/Presenter.hpp:52:13:virtual touchgfx::Presenter::~Presenter()	16	static
../Middlewares/ST/touchgfx/framework/include/mvp/Presenter.hpp:58:5:touchgfx::Presenter::Presenter()	16	static
../TouchGFX/gui/include/gui/model/ModelListener.hpp:12:5:ModelListener::ModelListener()	16	static
../TouchGFX/gui/include/gui/model/ModelListener.hpp:14:13:ModelListener::~ModelListener()	16	static
../TouchGFX/gui/include/gui/model/ModelListener.hpp:14:13:virtual ModelListener::~ModelListener()	16	static
../TouchGFX/gui/include/gui/projectsettings_screen/ProjectSettingsPresenter.hpp:27:10:ProjectSettingsPresenter::~ProjectSettingsPresenter()	16	static
../TouchGFX/gui/include/gui/projectsettings_screen/ProjectSettingsPresenter.hpp:27:10:virtual ProjectSettingsPresenter::~ProjectSettingsPresenter()	16	static
../TouchGFX/gui/src/projectsettings_screen/ProjectSettingsPresenter.cpp:4:1:ProjectSettingsPresenter::ProjectSettingsPresenter(ProjectSettingsView&)	16	static
../TouchGFX/gui/src/projectsettings_screen/ProjectSettingsPresenter.cpp:10:6:virtual void ProjectSettingsPresenter::activate()	16	static
../TouchGFX/gui/src/projectsettings_screen/ProjectSettingsPresenter.cpp:15:6:virtual void ProjectSettingsPresenter::deactivate()	16	static
../TouchGFX/gui/src/projectsettings_screen/ProjectSettingsPresenter.cpp:20:6:virtual void ProjectSettingsPresenter::parameterChange(uint8_t, int8_t)	16	static
../TouchGFX/gui/src/projectsettings_screen/ProjectSettingsPresenter.cpp:24:6:virtual void ProjectSettingsPresenter::encScroll_action(int8_t)	16	static
../TouchGFX/gui/src/projectsettings_screen/ProjectSettingsPresenter.cpp:28:6:virtual void ProjectSettingsPresenter::btnYES_action()	16	static
../TouchGFX/gui/src/projectsettings_screen/ProjectSettingsPresenter.cpp:32:6:virtual void ProjectSettingsPresenter::btnNO_action()	16	static
