../Middlewares/ST/touchgfx/framework/include/touchgfx/hal/HAL.hpp:124:18:virtual void touchgfx::HAL::setDisplayOrientation(touchgfx::DisplayOrientation)	0	static
../Middlewares/ST/touchgfx/framework/include/touchgfx/hal/HAL.hpp:320:28:virtual touchgfx::BlitOperations touchgfx::HAL::getBlitCaps()	8	static
../Middlewares/ST/touchgfx/framework/include/touchgfx/hal/HAL.hpp:670:18:virtual bool touchgfx::HAL::sampleKey(uint8_t&)	0	static
../Middlewares/ST/touchgfx/framework/include/touchgfx/hal/HAL.hpp:737:18:virtual void touchgfx::HAL::setAnimationStorage(void*)	0	static
../Middlewares/ST/touchgfx/framework/include/touchgfx/hal/HAL.hpp:876:30:virtual touchgfx::FlashDataReader* touchgfx::HAL::getFlashDataReader() const	0	static
../Middlewares/ST/touchgfx/framework/include/touchgfx/hal/HAL.hpp:1025:18:virtual void touchgfx::HAL::taskDelay(uint16_t)	8	static
../Middlewares/ST/touchgfx/framework/include/touchgfx/hal/HAL.hpp:1052:22:virtual uint16_t touchgfx::HAL::getTFTCurrentLine()	0	static
../Middlewares/ST/touchgfx/framework/include/touchgfx/hal/HAL.hpp:1063:21:virtual touchgfx::DMAType touchgfx::HAL::getDMAType()	8	static
../Middlewares/ST/touchgfx/framework/include/touchgfx/hal/HAL.hpp:1162:18:virtual void touchgfx::HAL::performDisplayOrientationChange()	0	static
../TouchGFX/target/generated/TouchGFXGeneratedHAL.cpp:60:6:virtual void TouchGFXGeneratedHAL::configureInterrupts()	0	static
../TouchGFX/target/generated/TouchGFXGeneratedHAL.cpp:64:6:virtual void TouchGFXGeneratedHAL::enableInterrupts()	0	static
../TouchGFX/target/generated/TouchGFXGeneratedHAL.cpp:68:6:virtual void TouchGFXGeneratedHAL::disableInterrupts()	0	static
../TouchGFX/target/generated/TouchGFXGeneratedHAL.cpp:72:6:virtual void TouchGFXGeneratedHAL::enableLCDControllerInterrupt()	0	static
../TouchGFX/target/generated/TouchGFXGeneratedHAL.cpp:98:11:virtual uint16_t* TouchGFXGeneratedHAL::getTFTFrameBuffer() const	0	static
../TouchGFX/target/generated/TouchGFXGeneratedHAL.cpp:104:6:virtual void TouchGFXGeneratedHAL::setTFTFrameBuffer(uint16_t*)	0	static
../TouchGFX/target/generated/TouchGFXGeneratedHAL.cpp:139:6:virtual void TouchGFXGeneratedHAL::InvalidateCache()	4	static,ignoring_inline_asm
../TouchGFX/target/generated/TouchGFXGeneratedHAL.cpp:151:6:virtual void TouchGFXGeneratedHAL::FlushCache()	4	static,ignoring_inline_asm
../Middlewares/ST/touchgfx/framework/include/touchgfx/hal/FrameBufferAllocator.hpp:133:7:touchgfx::ManyBlockAllocator<1920, 3, 2>::~ManyBlockAllocator()	0	static
../TouchGFX/target/generated/TouchGFXGeneratedHAL.hpp:30:7:TouchGFXGeneratedHAL::~TouchGFXGeneratedHAL()	0	static
../TouchGFX/target/generated/TouchGFXGeneratedHAL.cpp:226:1:void __static_initialization_and_destruction_0(int, int)	0	static
../Middlewares/ST/touchgfx/framework/include/touchgfx/hal/FrameBufferAllocator.hpp:195:18:bool touchgfx::ManyBlockAllocator<block_size, blocks, bytes_pr_pixel>::hasBlockReadyForTransfer() [with long unsigned int block_size = 1920; long unsigned int blocks = 3; long unsigned int bytes_pr_pixel = 2]	0	static
../Middlewares/ST/touchgfx/framework/include/touchgfx/hal/FrameBufferAllocator.hpp:238:18:bool touchgfx::ManyBlockAllocator<block_size, blocks, bytes_pr_pixel>::hasEmptyBlock() [with long unsigned int block_size = 1920; long unsigned int blocks = 3; long unsigned int bytes_pr_pixel = 2]	0	static
../TouchGFX/target/generated/TouchGFXGeneratedHAL.cpp:51:6:virtual void TouchGFXGeneratedHAL::initialize()	16	static
../TouchGFX/target/generated/TouchGFXGeneratedHAL.cpp:76:6:virtual bool TouchGFXGeneratedHAL::beginFrame()	8	static
../TouchGFX/target/generated/TouchGFXGeneratedHAL.cpp:81:6:virtual void TouchGFXGeneratedHAL::endFrame()	8	static
../TouchGFX/target/generated/TouchGFXGeneratedHAL.cpp:109:6:virtual void TouchGFXGeneratedHAL::flushFrameBuffer(const touchgfx::Rect&)	24	static,ignoring_inline_asm
../TouchGFX/target/generated/TouchGFXGeneratedHAL.cpp:134:6:virtual bool TouchGFXGeneratedHAL::blockCopy(void*, const void*, uint32_t)	8	static
../Middlewares/ST/touchgfx/framework/include/touchgfx/hal/HAL.hpp:720:18:virtual void touchgfx::HAL::setFrameBufferStartAddresses(void*, void*, void*)	8	static
../Middlewares/ST/touchgfx/framework/include/touchgfx/hal/HAL.hpp:156:18:virtual void touchgfx::HAL::setFrameBufferSize(uint16_t, uint16_t)	8	static
../Middlewares/ST/touchgfx/framework/include/touchgfx/hal/FrameBufferAllocator.hpp:253:18:void touchgfx::ManyBlockAllocator<block_size, blocks, bytes_pr_pixel>::freeBlockAfterTransfer() [with long unsigned int block_size = 1920; long unsigned int blocks = 3; long unsigned int bytes_pr_pixel = 2]	8	static
../Middlewares/ST/touchgfx/framework/include/touchgfx/hal/FrameBufferAllocator.hpp:227:25:const touchgfx::Rect& touchgfx::ManyBlockAllocator<block_size, blocks, bytes_pr_pixel>::peekBlockForTransfer() [with long unsigned int block_size = 1920; long unsigned int blocks = 3; long unsigned int bytes_pr_pixel = 2]	8	static
../Middlewares/ST/touchgfx/framework/include/touchgfx/hal/FrameBufferAllocator.hpp:214:28:const uint8_t* touchgfx::ManyBlockAllocator<block_size, blocks, bytes_pr_pixel>::getBlockForTransfer(touchgfx::Rect&) [with long unsigned int block_size = 1920; long unsigned int blocks = 3; long unsigned int bytes_pr_pixel = 2]	8	static
../Middlewares/ST/touchgfx/framework/include/touchgfx/hal/HAL.hpp:638:18:virtual void touchgfx::HAL::backPorchExited()	8	static
../TouchGFX/target/generated/TouchGFXGeneratedHAL.hpp:106:18:virtual void TouchGFXGeneratedHAL::flushFrameBuffer()	8	static
../Middlewares/ST/touchgfx/framework/include/touchgfx/hal/FrameBufferAllocator.hpp:133:7:virtual touchgfx::ManyBlockAllocator<1920, 3, 2>::~ManyBlockAllocator()	8	static
../TouchGFX/target/generated/TouchGFXGeneratedHAL.hpp:30:7:virtual TouchGFXGeneratedHAL::~TouchGFXGeneratedHAL()	8	static
../Middlewares/ST/touchgfx/framework/include/touchgfx/hal/PaintRGB565Impl.hpp:31:6:void touchgfx::paint::rgb565::setL8Pallette(const uint8_t*)	0	static
../Middlewares/ST/touchgfx/framework/include/touchgfx/hal/PaintRGB565Impl.hpp:36:6:void touchgfx::paint::rgb565::tearDown()	0	static
../Middlewares/ST/touchgfx/framework/include/touchgfx/hal/PaintRGB565Impl.hpp:40:6:void touchgfx::paint::rgb565::lineFromColor(uint16_t*, unsigned int, uint32_t, uint8_t, uint32_t)	32	static
../Middlewares/ST/touchgfx/framework/include/touchgfx/hal/PaintRGB565Impl.hpp:60:6:void touchgfx::paint::rgb565::lineFromRGB565(uint16_t*, const uint16_t*, unsigned int, uint8_t)	32	static
../Middlewares/ST/touchgfx/framework/include/touchgfx/hal/PaintRGB565Impl.hpp:82:6:void touchgfx::paint::rgb565::lineFromARGB8888(uint16_t*, const uint32_t*, unsigned int, uint8_t)	36	static
../Middlewares/ST/touchgfx/framework/include/touchgfx/hal/PaintRGB565Impl.hpp:104:6:void touchgfx::paint::rgb565::lineFromL8RGB888(uint16_t*, const uint8_t*, unsigned int, uint8_t)	28	static
../Middlewares/ST/touchgfx/framework/include/touchgfx/hal/PaintRGB565Impl.hpp:140:6:void touchgfx::paint::rgb565::lineFromL8ARGB8888(uint16_t*, const uint8_t*, unsigned int, uint8_t)	36	static
../TouchGFX/target/generated/TouchGFXGeneratedHAL.cpp:174:13:void touchgfx::FrameBufferAllocatorWaitOnTransfer()	0	static
../Middlewares/ST/touchgfx/framework/include/touchgfx/hal/FrameBufferAllocator.hpp:159:22:uint16_t touchgfx::ManyBlockAllocator<block_size, blocks, bytes_pr_pixel>::allocateBlock(uint16_t, uint16_t, uint16_t, uint16_t, uint8_t**) [with long unsigned int block_size = 1920; long unsigned int blocks = 3; long unsigned int bytes_pr_pixel = 2]	24	static
../TouchGFX/target/generated/TouchGFXGeneratedHAL.cpp:186:13:void touchgfx::FrameBufferAllocatorSignalBlockDrawn()	0	static
../Middlewares/ST/touchgfx/framework/include/touchgfx/hal/FrameBufferAllocator.hpp:183:18:void touchgfx::ManyBlockAllocator<block_size, blocks, bytes_pr_pixel>::markBlockReadyForTransfer() [with long unsigned int block_size = 1920; long unsigned int blocks = 3; long unsigned int bytes_pr_pixel = 2]	8	static
../TouchGFX/target/generated/TouchGFXGeneratedHAL.cpp:194:6:void touchgfx::startNewTransfer()	24	static
../TouchGFX/target/generated/TouchGFXGeneratedHAL.cpp:211:6:void touchgfx::DisplayDriver_TransferCompleteCallback()	8	static
../TouchGFX/target/generated/TouchGFXGeneratedHAL.cpp:219:6:void touchgfxSignalVSync()	8	static
../TouchGFX/target/generated/TouchGFXGeneratedHAL.cpp:226:1:cpp)	8	static
../TouchGFX/target/generated/TouchGFXGeneratedHAL.cpp:226:1:cpp)	8	static
