../Middlewares/Third_Party/FreeRTOS/Source/timers.c:644:19:prvGetNextExpireTime	0	static
../Middlewares/Third_Party/FreeRTOS/Source/timers.c:693:19:prvInsertTimerInActiveList	8	static
../Middlewares/Third_Party/FreeRTOS/Source/timers.c:941:13:prvCheckForValidListAndQueue	24	static
../Middlewares/Third_Party/FreeRTOS/Source/timers.c:349:13:prvInitialiseNewTimer	24	static,ignoring_inline_asm
../Middlewares/Third_Party/FreeRTOS/Source/timers.c:227:12:xTimerCreateTimerTask	40	static,ignoring_inline_asm
../Middlewares/Third_Party/FreeRTOS/Source/timers.c:282:16:xTimerCreate	32	static
../Middlewares/Third_Party/FreeRTOS/Source/timers.c:309:16:xTimerCreateStatic	24	static,ignoring_inline_asm
../Middlewares/Third_Party/FreeRTOS/Source/timers.c:381:12:xTimerGenericCommand	24	static,ignoring_inline_asm
../Middlewares/Third_Party/FreeRTOS/Source/timers.c:882:13:prvSwitchTimerLists	24	static,ignoring_inline_asm
../Middlewares/Third_Party/FreeRTOS/Source/timers.c:670:19:prvSampleTimeNow	16	static
../Middlewares/Third_Party/FreeRTOS/Source/timers.c:507:13:prvProcessExpiredTimer	24	static,ignoring_inline_asm
../Middlewares/Third_Party/FreeRTOS/Source/timers.c:584:13:prvProcessTimerOrBlockTask	24	static,ignoring_inline_asm
../Middlewares/Third_Party/FreeRTOS/Source/timers.c:734:13:prvProcessReceivedCommands	40	static,ignoring_inline_asm
../Middlewares/Third_Party/FreeRTOS/Source/timers.c:548:8:prvTimerTask	16	static
../Middlewares/Third_Party/FreeRTOS/Source/timers.c:424:14:xTimerGetTimerDaemonTaskHandle	0	static,ignoring_inline_asm
../Middlewares/Third_Party/FreeRTOS/Source/timers.c:433:12:xTimerGetPeriod	0	static,ignoring_inline_asm
../Middlewares/Third_Party/FreeRTOS/Source/timers.c:442:6:vTimerSetReloadMode	16	static,ignoring_inline_asm
../Middlewares/Third_Party/FreeRTOS/Source/timers.c:462:13:uxTimerGetReloadMode	8	static,ignoring_inline_asm
../Middlewares/Third_Party/FreeRTOS/Source/timers.c:487:12:xTimerGetExpiryTime	0	static,ignoring_inline_asm
../Middlewares/Third_Party/FreeRTOS/Source/timers.c:498:14:pcTimerGetName	0	static,ignoring_inline_asm
../Middlewares/Third_Party/FreeRTOS/Source/timers.c:992:12:xTimerIsTimerActive	8	static,ignoring_inline_asm
../Middlewares/Third_Party/FreeRTOS/Source/timers.c:1017:7:pvTimerGetTimerID	8	static,ignoring_inline_asm
../Middlewares/Third_Party/FreeRTOS/Source/timers.c:1034:6:vTimerSetTimerID	16	static,ignoring_inline_asm
../Middlewares/Third_Party/FreeRTOS/Source/timers.c:1050:13:xTimerPendFunctionCallFromISR	24	static
../Middlewares/Third_Party/FreeRTOS/Source/timers.c:1074:13:xTimerPendFunctionCall	32	static,ignoring_inline_asm
../Middlewares/Third_Party/FreeRTOS/Source/timers.c:1103:14:uxTimerGetTimerNumber	0	static
../Middlewares/Third_Party/FreeRTOS/Source/timers.c:1113:7:vTimerSetTimerNumber	0	static
