../Middlewares/ST/STM32_USB_Device_Library/Core/Src/usbd_ctlreq.c:1025:16:USBD_GetLen	0	static
../Middlewares/ST/STM32_USB_Device_Library/Core/Src/usbd_ctlreq.c:943:6:USBD_ParseSetupRequest	0	static
../Middlewares/ST/STM32_USB_Device_Library/Core/Src/usbd_ctlreq.c:972:6:USBD_CtlError	8	static
../Middlewares/ST/STM32_USB_Device_Library/Core/Src/usbd_ctlreq.c:426:13:USBD_GetDescriptor	24	static
../Middlewares/ST/STM32_USB_Device_Library/Core/Src/usbd_ctlreq.c:682:13:USBD_SetAddress	16	static
../Middlewares/ST/STM32_USB_Device_Library/Core/Src/usbd_ctlreq.c:723:27:USBD_SetConfig	16	static
../Middlewares/ST/STM32_USB_Device_Library/Core/Src/usbd_ctlreq.c:814:13:USBD_GetConfig	8	static
../Middlewares/ST/STM32_USB_Device_Library/Core/Src/usbd_ctlreq.c:848:13:USBD_GetStatus	8	static
../Middlewares/ST/STM32_USB_Device_Library/Core/Src/usbd_ctlreq.c:889:13:USBD_SetFeature	8	static
../Middlewares/ST/STM32_USB_Device_Library/Core/Src/usbd_ctlreq.c:915:13:USBD_ClrFeature	8	static
../Middlewares/ST/STM32_USB_Device_Library/Core/Src/usbd_ctlreq.c:102:20:USBD_StdDevReq	16	static
../Middlewares/ST/STM32_USB_Device_Library/Core/Src/usbd_ctlreq.c:165:20:USBD_StdItfReq	16	static
../Middlewares/ST/STM32_USB_Device_Library/Core/Src/usbd_ctlreq.c:237:20:USBD_StdEPReq	24	static
../Middlewares/ST/STM32_USB_Device_Library/Core/Src/usbd_ctlreq.c:989:6:USBD_GetString	16	static
