../Middlewares/ST/touchgfx/framework/include/mvp/Presenter.hpp:37:18:virtual void touchgfx::Presenter::activate()	16	static
../Middlewares/ST/touchgfx/framework/include/mvp/Presenter.hpp:47:18:virtual void touchgfx::Presenter::deactivate()	16	static
../Middlewares/ST/touchgfx/framework/include/mvp/Presenter.hpp:52:13:touchgfx::Presenter::~Presenter()	16	static
../Middlewares/ST/touchgfx/framework/include/mvp/Presenter.hpp:52:13:virtual touchgfx::Presenter::~Presenter()	16	static
../Middlewares/ST/touchgfx/framework/include/mvp/Presenter.hpp:58:5:touchgfx::Presenter::Presenter()	16	static
../TouchGFX/gui/include/gui/model/ModelListener.hpp:12:5:ModelListener::ModelListener()	16	static
../TouchGFX/gui/include/gui/model/ModelListener.hpp:14:13:ModelListener::~ModelListener()	16	static
../TouchGFX/gui/include/gui/model/ModelListener.hpp:14:13:virtual ModelListener::~ModelListener()	16	static
../TouchGFX/gui/include/gui/logostartup_screen/LogoStartupPresenter.hpp:28:13:LogoStartupPresenter::~LogoStartupPresenter()	16	static
../TouchGFX/gui/include/gui/logostartup_screen/LogoStartupPresenter.hpp:28:13:virtual LogoStartupPresenter::~LogoStartupPresenter()	16	static
../TouchGFX/gui/src/logostartup_screen/LogoStartupPresenter.cpp:4:1:LogoStartupPresenter::LogoStartupPresenter(LogoStartupView&)	16	static
../TouchGFX/gui/src/logostartup_screen/LogoStartupPresenter.cpp:10:6:virtual void LogoStartupPresenter::activate()	16	static
../TouchGFX/gui/src/logostartup_screen/LogoStartupPresenter.cpp:15:6:virtual void LogoStartupPresenter::deactivate()	16	static
../TouchGFX/gui/src/logostartup_screen/LogoStartupPresenter.cpp:20:6:virtual void LogoStartupPresenter::parameterChange(uint8_t, int8_t)	16	static
../TouchGFX/gui/src/logostartup_screen/LogoStartupPresenter.cpp:24:6:virtual void LogoStartupPresenter::encScroll_action(int8_t)	16	static
../TouchGFX/gui/src/logostartup_screen/LogoStartupPresenter.cpp:28:6:virtual void LogoStartupPresenter::btnYES_action()	16	static
../TouchGFX/gui/src/logostartup_screen/LogoStartupPresenter.cpp:32:6:virtual void LogoStartupPresenter::btnNO_action()	16	static
