../Drivers/HW/cs42448.c:55:10:CS42448_volumebyte	8	static
../Drivers/HW/cs42448.c:61:9:CS42448_inputlevelbyte	8	static
../Drivers/HW/cs42448.c:82:6:CS42448_write_byte	40	static
../Drivers/HW/cs42448.c:67:6:CS42448_filterFreeze	8	static
../Drivers/HW/cs42448.c:72:6:CS42448_invertDAC	8	static
../Drivers/HW/cs42448.c:77:6:CS42448_invertADC	8	static
../Drivers/HW/cs42448.c:87:6:CS42448_write	40	static
../Drivers/HW/cs42448.c:18:6:CS42448_enable	8	static
../Drivers/HW/cs42448.c:27:6:CS42448_volumeInteger	24	static
../Drivers/HW/cs42448.c:41:6:CS42448_inputLevelInteger	16	static
../Drivers/HW/cs42448.c:92:10:CS42448_checkAddr	48	static
