../Core/Src/stm32h7xx_it.c:79:6:NMI_Handler	8	static
../Core/Src/stm32h7xx_it.c:95:6:HardFault_Handler	0	static
../Core/Src/stm32h7xx_it.c:110:6:MemManage_Handler	0	static
../Core/Src/stm32h7xx_it.c:125:6:BusFault_Handler	0	static
../Core/Src/stm32h7xx_it.c:140:6:UsageFault_Handler	0	static
../Core/Src/stm32h7xx_it.c:155:6:SVC_Handler	0	static
../Core/Src/stm32h7xx_it.c:168:6:DebugMon_Handler	0	static
../Core/Src/stm32h7xx_it.c:181:6:PendSV_Handler	0	static
../Core/Src/stm32h7xx_it.c:194:6:SysTick_Handler	8	static
../Core/Src/stm32h7xx_it.c:215:6:DMA1_Stream2_IRQHandler	8	static
../Core/Src/stm32h7xx_it.c:229:6:DMA1_Stream3_IRQHandler	8	static
../Core/Src/stm32h7xx_it.c:243:6:DMA1_Stream4_IRQHandler	8	static
../Core/Src/stm32h7xx_it.c:257:6:DMA1_Stream5_IRQHandler	8	static
../Core/Src/stm32h7xx_it.c:271:6:DMA1_Stream6_IRQHandler	8	static
../Core/Src/stm32h7xx_it.c:285:6:SPI2_IRQHandler	8	static
../Core/Src/stm32h7xx_it.c:299:6:USART2_IRQHandler	8	static
../Core/Src/stm32h7xx_it.c:314:6:DMA1_Stream7_IRQHandler	8	static
../Core/Src/stm32h7xx_it.c:328:6:SAI1_IRQHandler	8	static
