../Core/Src/stm32h7xx_it.cpp:78:6:void NMI_Handler()	4	static
../Core/Src/stm32h7xx_it.cpp:93:6:void HardFault_Handler()	4	static
../Core/Src/stm32h7xx_it.cpp:108:6:void MemManage_Handler()	4	static
../Core/Src/stm32h7xx_it.cpp:123:6:void BusFault_Handler()	4	static
../Core/Src/stm32h7xx_it.cpp:138:6:void UsageFault_Handler()	4	static
../Core/Src/stm32h7xx_it.cpp:153:6:void SVC_Handler()	4	static
../Core/Src/stm32h7xx_it.cpp:166:6:void DebugMon_Handler()	4	static
../Core/Src/stm32h7xx_it.cpp:179:6:void PendSV_Handler()	4	static
../Core/Src/stm32h7xx_it.cpp:192:6:void SysTick_Handler()	4	static
../Core/Src/stm32h7xx_it.cpp:213:6:void DMA1_Stream0_IRQHandler()	8	static
../Core/Src/stm32h7xx_it.cpp:227:6:void DMA1_Stream1_IRQHandler()	8	static
../Core/Src/stm32h7xx_it.cpp:241:6:void TIM2_IRQHandler()	8	static
../Core/Src/stm32h7xx_it.cpp:255:6:void SPI2_IRQHandler()	8	static
../Core/Src/stm32h7xx_it.cpp:269:6:void OTG_FS_IRQHandler()	8	static
../Core/Src/stm32h7xx_it.cpp:281:6:void HAL_SPI_TxRxCpltCallback(SPI_HandleTypeDef*)	16	static
