../Drivers/STM32H7xx_HAL_Driver/Src/stm32h7xx_hal_flash_ex.c:848:13:FLASH_MassErase	0	static
../Drivers/STM32H7xx_HAL_Driver/Src/stm32h7xx_hal_flash_ex.c:982:13:FLASH_OB_EnableWRP	0	static
../Drivers/STM32H7xx_HAL_Driver/Src/stm32h7xx_hal_flash_ex.c:1017:13:FLASH_OB_DisableWRP	0	static
../Drivers/STM32H7xx_HAL_Driver/Src/stm32h7xx_hal_flash_ex.c:1056:13:FLASH_OB_GetWRP	0	static
../Drivers/STM32H7xx_HAL_Driver/Src/stm32h7xx_hal_flash_ex.c:1102:13:FLASH_OB_RDPConfig	0	static
../Drivers/STM32H7xx_HAL_Driver/Src/stm32h7xx_hal_flash_ex.c:1119:17:FLASH_OB_GetRDP	0	static
../Drivers/STM32H7xx_HAL_Driver/Src/stm32h7xx_hal_flash_ex.c:1175:13:FLASH_OB_UserConfig	0	static
../Drivers/STM32H7xx_HAL_Driver/Src/stm32h7xx_hal_flash_ex.c:1363:17:FLASH_OB_GetUser	0	static
../Drivers/STM32H7xx_HAL_Driver/Src/stm32h7xx_hal_flash_ex.c:1397:13:FLASH_OB_PCROPConfig	8	static
../Drivers/STM32H7xx_HAL_Driver/Src/stm32h7xx_hal_flash_ex.c:1446:13:FLASH_OB_GetPCROP	4	static
../Drivers/STM32H7xx_HAL_Driver/Src/stm32h7xx_hal_flash_ex.c:1482:13:FLASH_OB_BOR_LevelConfig	0	static
../Drivers/STM32H7xx_HAL_Driver/Src/stm32h7xx_hal_flash_ex.c:1499:17:FLASH_OB_GetBOR	0	static
../Drivers/STM32H7xx_HAL_Driver/Src/stm32h7xx_hal_flash_ex.c:1514:13:FLASH_OB_BootAddConfig	8	static
../Drivers/STM32H7xx_HAL_Driver/Src/stm32h7xx_hal_flash_ex.c:1552:13:FLASH_OB_GetBootAdd	0	static
../Drivers/STM32H7xx_HAL_Driver/Src/stm32h7xx_hal_flash_ex.c:1636:13:FLASH_OB_SecureAreaConfig	8	static
../Drivers/STM32H7xx_HAL_Driver/Src/stm32h7xx_hal_flash_ex.c:1678:13:FLASH_OB_GetSecureArea	4	static
../Drivers/STM32H7xx_HAL_Driver/Src/stm32h7xx_hal_flash_ex.c:1711:13:FLASH_CRC_AddSector	0	static
../Drivers/STM32H7xx_HAL_Driver/Src/stm32h7xx_hal_flash_ex.c:1743:13:FLASH_CRC_SelectAddress	0	static
../Drivers/STM32H7xx_HAL_Driver/Src/stm32h7xx_hal_flash_ex.c:414:19:HAL_FLASHEx_OBProgram	16	static
../Drivers/STM32H7xx_HAL_Driver/Src/stm32h7xx_hal_flash_ex.c:557:6:HAL_FLASHEx_OBGetConfig	8	static
../Drivers/STM32H7xx_HAL_Driver/Src/stm32h7xx_hal_flash_ex.c:625:19:HAL_FLASHEx_Unlock_Bank1	0	static
../Drivers/STM32H7xx_HAL_Driver/Src/stm32h7xx_hal_flash_ex.c:647:19:HAL_FLASHEx_Lock_Bank1	0	static
../Drivers/STM32H7xx_HAL_Driver/Src/stm32h7xx_hal_flash_ex.c:659:19:HAL_FLASHEx_Unlock_Bank2	0	static
../Drivers/STM32H7xx_HAL_Driver/Src/stm32h7xx_hal_flash_ex.c:681:19:HAL_FLASHEx_Lock_Bank2	0	static
../Drivers/STM32H7xx_HAL_Driver/Src/stm32h7xx_hal_flash_ex.c:700:19:HAL_FLASHEx_ComputeCRC	16	static
../Drivers/STM32H7xx_HAL_Driver/Src/stm32h7xx_hal_flash_ex.c:925:6:FLASH_Erase_Sector	4	static
../Drivers/STM32H7xx_HAL_Driver/Src/stm32h7xx_hal_flash_ex.c:176:19:HAL_FLASHEx_Erase	24	static
../Drivers/STM32H7xx_HAL_Driver/Src/stm32h7xx_hal_flash_ex.c:293:19:HAL_FLASHEx_Erase_IT	16	static
