../Drivers/STM32H7xx_HAL_Driver/Src/stm32h7xx_hal_sai.c:2291:26:SAI_InitI2S	4	static
../Drivers/STM32H7xx_HAL_Driver/Src/stm32h7xx_hal_sai.c:2386:26:SAI_InitPCM	8	static
../Drivers/STM32H7xx_HAL_Driver/Src/stm32h7xx_hal_sai.c:2456:13:SAI_FillFifo	4	static
../Drivers/STM32H7xx_HAL_Driver/Src/stm32h7xx_hal_sai.c:2499:17:SAI_InterruptFlag	0	static
../Drivers/STM32H7xx_HAL_Driver/Src/stm32h7xx_hal_sai.c:2532:26:SAI_Disable	0	static
../Drivers/STM32H7xx_HAL_Driver/Src/stm32h7xx_hal_sai.c:863:13:HAL_SAI_MspInit	0	static
../Drivers/STM32H7xx_HAL_Driver/Src/stm32h7xx_hal_sai.c:369:19:HAL_SAI_Init	24	static
../Drivers/STM32H7xx_HAL_Driver/Src/stm32h7xx_hal_sai.c:330:19:HAL_SAI_InitProtocol	8	static
../Drivers/STM32H7xx_HAL_Driver/Src/stm32h7xx_hal_sai.c:879:13:HAL_SAI_MspDeInit	0	static
../Drivers/STM32H7xx_HAL_Driver/Src/stm32h7xx_hal_sai.c:782:19:HAL_SAI_DeInit	16	static
../Drivers/STM32H7xx_HAL_Driver/Src/stm32h7xx_hal_sai.c:1120:19:HAL_SAI_Transmit	32	static
../Drivers/STM32H7xx_HAL_Driver/Src/stm32h7xx_hal_sai.c:1233:19:HAL_SAI_Receive	32	static
../Drivers/STM32H7xx_HAL_Driver/Src/stm32h7xx_hal_sai.c:1343:19:HAL_SAI_Transmit_IT	16	static
../Drivers/STM32H7xx_HAL_Driver/Src/stm32h7xx_hal_sai.c:1405:19:HAL_SAI_Receive_IT	16	static
../Drivers/STM32H7xx_HAL_Driver/Src/stm32h7xx_hal_sai.c:1463:19:HAL_SAI_DMAPause	0	static
../Drivers/STM32H7xx_HAL_Driver/Src/stm32h7xx_hal_sai.c:1483:19:HAL_SAI_DMAResume	0	static
../Drivers/STM32H7xx_HAL_Driver/Src/stm32h7xx_hal_sai.c:1510:19:HAL_SAI_DMAStop	16	static
../Drivers/STM32H7xx_HAL_Driver/Src/stm32h7xx_hal_sai.c:1572:19:HAL_SAI_Abort	16	static
../Drivers/STM32H7xx_HAL_Driver/Src/stm32h7xx_hal_sai.c:1644:19:HAL_SAI_Transmit_DMA	24	static
../Drivers/STM32H7xx_HAL_Driver/Src/stm32h7xx_hal_sai.c:1731:19:HAL_SAI_Receive_DMA	16	static
../Drivers/STM32H7xx_HAL_Driver/Src/stm32h7xx_hal_sai.c:1800:19:HAL_SAI_EnableTxMuteMode	0	static
../Drivers/STM32H7xx_HAL_Driver/Src/stm32h7xx_hal_sai.c:1819:19:HAL_SAI_DisableTxMuteMode	0	static
../Drivers/STM32H7xx_HAL_Driver/Src/stm32h7xx_hal_sai.c:1837:19:HAL_SAI_EnableRxMuteMode	4	static
../Drivers/STM32H7xx_HAL_Driver/Src/stm32h7xx_hal_sai.c:1860:19:HAL_SAI_DisableRxMuteMode	0	static
../Drivers/STM32H7xx_HAL_Driver/Src/stm32h7xx_hal_sai.c:2152:13:HAL_SAI_TxCpltCallback	0	static
../Drivers/STM32H7xx_HAL_Driver/Src/stm32h7xx_hal_sai.c:2625:13:SAI_Transmit_IT32Bit	8	static
../Drivers/STM32H7xx_HAL_Driver/Src/stm32h7xx_hal_sai.c:2592:13:SAI_Transmit_IT16Bit	8	static
../Drivers/STM32H7xx_HAL_Driver/Src/stm32h7xx_hal_sai.c:2563:13:SAI_Transmit_IT8Bit	8	static
../Drivers/STM32H7xx_HAL_Driver/Src/stm32h7xx_hal_sai.c:2769:13:SAI_DMATxCplt	8	static
../Drivers/STM32H7xx_HAL_Driver/Src/stm32h7xx_hal_sai.c:2168:13:HAL_SAI_TxHalfCpltCallback	0	static
../Drivers/STM32H7xx_HAL_Driver/Src/stm32h7xx_hal_sai.c:2798:13:SAI_DMATxHalfCplt	8	static
../Drivers/STM32H7xx_HAL_Driver/Src/stm32h7xx_hal_sai.c:2184:13:HAL_SAI_RxCpltCallback	0	static
../Drivers/STM32H7xx_HAL_Driver/Src/stm32h7xx_hal_sai.c:2729:13:SAI_Receive_IT32Bit	8	static
../Drivers/STM32H7xx_HAL_Driver/Src/stm32h7xx_hal_sai.c:2693:13:SAI_Receive_IT16Bit	8	static
../Drivers/STM32H7xx_HAL_Driver/Src/stm32h7xx_hal_sai.c:2662:13:SAI_Receive_IT8Bit	8	static
../Drivers/STM32H7xx_HAL_Driver/Src/stm32h7xx_hal_sai.c:2815:13:SAI_DMARxCplt	8	static
../Drivers/STM32H7xx_HAL_Driver/Src/stm32h7xx_hal_sai.c:2200:13:HAL_SAI_RxHalfCpltCallback	0	static
../Drivers/STM32H7xx_HAL_Driver/Src/stm32h7xx_hal_sai.c:2843:13:SAI_DMARxHalfCplt	8	static
../Drivers/STM32H7xx_HAL_Driver/Src/stm32h7xx_hal_sai.c:2216:13:HAL_SAI_ErrorCallback	0	static
../Drivers/STM32H7xx_HAL_Driver/Src/stm32h7xx_hal_sai.c:2860:13:SAI_DMAError	8	static
../Drivers/STM32H7xx_HAL_Driver/Src/stm32h7xx_hal_sai.c:1879:6:HAL_SAI_IRQHandler	8	static
../Drivers/STM32H7xx_HAL_Driver/Src/stm32h7xx_hal_sai.c:2898:13:SAI_DMAAbort	8	static
../Drivers/STM32H7xx_HAL_Driver/Src/stm32h7xx_hal_sai.c:2251:22:HAL_SAI_GetState	0	static
../Drivers/STM32H7xx_HAL_Driver/Src/stm32h7xx_hal_sai.c:2262:10:HAL_SAI_GetError	0	static
