../Drivers/STM32H7xx_HAL_Driver/Src/stm32h7xx_ll_fmc.c:189:20:FMC_NORSRAM_Init	8	static
../Drivers/STM32H7xx_HAL_Driver/Src/stm32h7xx_ll_fmc.c:286:19:FMC_NORSRAM_DeInit	0	static
../Drivers/STM32H7xx_HAL_Driver/Src/stm32h7xx_ll_fmc.c:323:19:FMC_NORSRAM_Timing_Init	8	static
../Drivers/STM32H7xx_HAL_Driver/Src/stm32h7xx_ll_fmc.c:371:19:FMC_NORSRAM_Extended_Timing_Init	8	static
../Drivers/STM32H7xx_HAL_Driver/Src/stm32h7xx_ll_fmc.c:429:19:FMC_NORSRAM_WriteOperation_Enable	0	static
../Drivers/STM32H7xx_HAL_Driver/Src/stm32h7xx_ll_fmc.c:447:19:FMC_NORSRAM_WriteOperation_Disable	0	static
../Drivers/STM32H7xx_HAL_Driver/Src/stm32h7xx_ll_fmc.c:517:19:FMC_NAND_Init	4	static
../Drivers/STM32H7xx_HAL_Driver/Src/stm32h7xx_ll_fmc.c:549:19:FMC_NAND_CommonSpace_Timing_Init	0	static
../Drivers/STM32H7xx_HAL_Driver/Src/stm32h7xx_ll_fmc.c:580:19:FMC_NAND_AttributeSpace_Timing_Init	0	static
../Drivers/STM32H7xx_HAL_Driver/Src/stm32h7xx_ll_fmc.c:609:19:FMC_NAND_DeInit	0	static
../Drivers/STM32H7xx_HAL_Driver/Src/stm32h7xx_ll_fmc.c:657:19:FMC_NAND_ECC_Enable	0	static
../Drivers/STM32H7xx_HAL_Driver/Src/stm32h7xx_ll_fmc.c:679:19:FMC_NAND_ECC_Disable	0	static
../Drivers/STM32H7xx_HAL_Driver/Src/stm32h7xx_ll_fmc.c:702:19:FMC_NAND_GetECC	24	static
../Drivers/STM32H7xx_HAL_Driver/Src/stm32h7xx_ll_fmc.c:788:19:FMC_SDRAM_Init	4	static
../Drivers/STM32H7xx_HAL_Driver/Src/stm32h7xx_ll_fmc.c:850:19:FMC_SDRAM_Timing_Init	4	static
../Drivers/STM32H7xx_HAL_Driver/Src/stm32h7xx_ll_fmc.c:902:19:FMC_SDRAM_DeInit	0	static
../Drivers/STM32H7xx_HAL_Driver/Src/stm32h7xx_ll_fmc.c:943:19:FMC_SDRAM_WriteProtection_Enable	0	static
../Drivers/STM32H7xx_HAL_Driver/Src/stm32h7xx_ll_fmc.c:960:19:FMC_SDRAM_WriteProtection_Disable	0	static
../Drivers/STM32H7xx_HAL_Driver/Src/stm32h7xx_ll_fmc.c:980:19:FMC_SDRAM_SendCommand	4	static
../Drivers/STM32H7xx_HAL_Driver/Src/stm32h7xx_ll_fmc.c:1006:19:FMC_SDRAM_ProgramRefreshRate	0	static
../Drivers/STM32H7xx_HAL_Driver/Src/stm32h7xx_ll_fmc.c:1024:19:FMC_SDRAM_SetAutoRefreshNumber	0	static
../Drivers/STM32H7xx_HAL_Driver/Src/stm32h7xx_ll_fmc.c:1046:10:FMC_SDRAM_GetModeStatus	0	static
