../Middlewares/ST/touchgfx/framework/include/mvp/Presenter.hpp:37:18:virtual void touchgfx::Presenter::activate()	0	static
../Middlewares/ST/touchgfx/framework/include/mvp/Presenter.hpp:47:18:virtual void touchgfx::Presenter::deactivate()	0	static
../Middlewares/ST/touchgfx/framework/include/mvp/Presenter.hpp:52:13:touchgfx::Presenter::~Presenter()	0	static
../TouchGFX/gui/include/gui/screen_parameters_screen/Screen_ParametersPresenter.hpp:28:13:Screen_ParametersPresenter::~Screen_ParametersPresenter()	0	static
../TouchGFX/gui/src/screen_parameters_screen/Screen_ParametersPresenter.cpp:10:6:virtual void Screen_ParametersPresenter::activate()	0	static
../TouchGFX/gui/src/screen_parameters_screen/Screen_ParametersPresenter.cpp:15:6:virtual void Screen_ParametersPresenter::deactivate()	0	static
../TouchGFX/gui/src/screen_parameters_screen/Screen_ParametersPresenter.cpp:20:6:virtual void Screen_ParametersPresenter::scrollWindow(int8_t)	0	static
../TouchGFX/gui/src/screen_parameters_screen/Screen_ParametersPresenter.cpp:25:6:virtual void Screen_ParametersPresenter::changeScreenRight()	0	static
../Middlewares/ST/touchgfx/framework/include/mvp/Presenter.hpp:52:13:virtual touchgfx::Presenter::~Presenter()	8	static
../TouchGFX/gui/include/gui/screen_parameters_screen/Screen_ParametersPresenter.hpp:28:13:virtual Screen_ParametersPresenter::~Screen_ParametersPresenter()	8	static
../TouchGFX/gui/src/screen_parameters_screen/Screen_ParametersPresenter.cpp:30:6:virtual void Screen_ParametersPresenter::changeScreenLeft()	8	static
../TouchGFX/gui/src/screen_parameters_screen/Screen_ParametersPresenter.cpp:35:6:virtual void Screen_ParametersPresenter::parameterChange()	8	static
../TouchGFX/gui/include/gui/screen_parameters_screen/Screen_ParametersPresenter.hpp:28:13:virtual void* Screen_ParametersPresenter::_ZThn4_N26Screen_ParametersPresenterD1Ev()	0	static
../TouchGFX/gui/include/gui/screen_parameters_screen/Screen_ParametersPresenter.hpp:28:13:virtual void* Screen_ParametersPresenter::_ZThn4_N26Screen_ParametersPresenterD0Ev()	8	static
../TouchGFX/gui/src/screen_parameters_screen/Screen_ParametersPresenter.cpp:4:1:Screen_ParametersPresenter::Screen_ParametersPresenter(Screen_ParametersView&)	4	static
