../Middlewares/ST/STM32_USB_Device_Library/Class/MSC/Src/usbd_msc_scsi.c:657:15:SCSI_AllowPreventRemovable	0	static
../Middlewares/ST/STM32_USB_Device_Library/Class/MSC/Src/usbd_msc_scsi.c:1170:15:SCSI_UpdateBotData	0	static
../Middlewares/ST/STM32_USB_Device_Library/Class/MSC/Src/usbd_msc_scsi.c:466:15:SCSI_ModeSense6	8	static
../Middlewares/ST/STM32_USB_Device_Library/Class/MSC/Src/usbd_msc_scsi.c:495:15:SCSI_ModeSense10	8	static
../Middlewares/ST/STM32_USB_Device_Library/Class/MSC/Src/usbd_msc_scsi.c:582:6:SCSI_SenseCode	4	static
../Middlewares/ST/STM32_USB_Device_Library/Class/MSC/Src/usbd_msc_scsi.c:211:15:SCSI_TestUnitReady	16	static
../Middlewares/ST/STM32_USB_Device_Library/Class/MSC/Src/usbd_msc_scsi.c:524:15:SCSI_RequestSense	8	static
../Middlewares/ST/STM32_USB_Device_Library/Class/MSC/Src/usbd_msc_scsi.c:256:15:SCSI_Inquiry	8	static
../Middlewares/ST/STM32_USB_Device_Library/Class/MSC/Src/usbd_msc_scsi.c:611:15:SCSI_StartStopUnit	8	static
../Middlewares/ST/STM32_USB_Device_Library/Class/MSC/Src/usbd_msc_scsi.c:415:15:SCSI_ReadFormatCapacity	24	static
../Middlewares/ST/STM32_USB_Device_Library/Class/MSC/Src/usbd_msc_scsi.c:316:15:SCSI_ReadCapacity10	16	static
../Middlewares/ST/STM32_USB_Device_Library/Class/MSC/Src/usbd_msc_scsi.c:359:15:SCSI_ReadCapacity16	24	static
../Middlewares/ST/STM32_USB_Device_Library/Class/MSC/Src/usbd_msc_scsi.c:1039:15:SCSI_CheckAddressRange	8	static
../Middlewares/ST/STM32_USB_Device_Library/Class/MSC/Src/usbd_msc_scsi.c:1064:15:SCSI_ProcessRead	32	static
../Middlewares/ST/STM32_USB_Device_Library/Class/MSC/Src/usbd_msc_scsi.c:689:15:SCSI_Read10	24	static
../Middlewares/ST/STM32_USB_Device_Library/Class/MSC/Src/usbd_msc_scsi.c:755:15:SCSI_Read12	24	static
../Middlewares/ST/STM32_USB_Device_Library/Class/MSC/Src/usbd_msc_scsi.c:1113:15:SCSI_ProcessWrite	32	static
../Middlewares/ST/STM32_USB_Device_Library/Class/MSC/Src/usbd_msc_scsi.c:823:15:SCSI_Write10	24	static
../Middlewares/ST/STM32_USB_Device_Library/Class/MSC/Src/usbd_msc_scsi.c:913:15:SCSI_Write12	24	static
../Middlewares/ST/STM32_USB_Device_Library/Class/MSC/Src/usbd_msc_scsi.c:1006:15:SCSI_Verify10	8	static
../Middlewares/ST/STM32_USB_Device_Library/Class/MSC/Src/usbd_msc_scsi.c:121:8:SCSI_ProcessCmd	8	static
