../Core/Src/stm32h7xx_it.cpp:89:6:void NMI_Handler()	0	static
../Core/Src/stm32h7xx_it.cpp:103:6:void HardFault_Handler()	0	static
../Core/Src/stm32h7xx_it.cpp:118:6:void MemManage_Handler()	0	static
../Core/Src/stm32h7xx_it.cpp:133:6:void BusFault_Handler()	0	static
../Core/Src/stm32h7xx_it.cpp:148:6:void UsageFault_Handler()	0	static
../Core/Src/stm32h7xx_it.cpp:163:6:void DebugMon_Handler()	0	static
../Core/Src/stm32h7xx_it.cpp:183:6:void RCC_IRQHandler()	0	static
../Core/Src/stm32h7xx_it.cpp:196:6:void DMA1_Stream0_IRQHandler()	8	static
../Core/Src/stm32h7xx_it.cpp:210:6:void DMA1_Stream1_IRQHandler()	8	static
../Core/Src/stm32h7xx_it.cpp:224:6:void DMA1_Stream2_IRQHandler()	8	static
../Core/Src/stm32h7xx_it.cpp:238:6:void DMA1_Stream3_IRQHandler()	8	static
../Core/Src/stm32h7xx_it.cpp:252:6:void TIM1_UP_IRQHandler()	8	static
../Core/Src/stm32h7xx_it.cpp:266:6:void TIM2_IRQHandler()	8	static
../Core/Src/stm32h7xx_it.cpp:280:6:void TIM3_IRQHandler()	8	static
../Core/Src/stm32h7xx_it.cpp:294:6:void SDMMC1_IRQHandler()	8	static
../Core/Src/stm32h7xx_it.cpp:308:6:void SPI6_IRQHandler()	8	static
../Core/Src/stm32h7xx_it.cpp:322:6:void SAI1_IRQHandler()	8	static
../Core/Src/stm32h7xx_it.cpp:337:6:void SAI2_IRQHandler()	8	static
../Core/Src/stm32h7xx_it.cpp:352:6:void OTG_FS_IRQHandler()	8	static
../Core/Src/stm32h7xx_it.cpp:364:6:void HAL_SPI_TxRxCpltCallback(SPI_HandleTypeDef*)	8	static
