../Core/Src/stm32h7xx_it.c:80:6:NMI_Handler	0	static
../Core/Src/stm32h7xx_it.c:95:6:HardFault_Handler	0	static
../Core/Src/stm32h7xx_it.c:111:6:MemManage_Handler	0	static
../Core/Src/stm32h7xx_it.c:126:6:BusFault_Handler	0	static
../Core/Src/stm32h7xx_it.c:141:6:UsageFault_Handler	0	static
../Core/Src/stm32h7xx_it.c:156:6:SVC_Handler	0	static
../Core/Src/stm32h7xx_it.c:169:6:DebugMon_Handler	0	static
../Core/Src/stm32h7xx_it.c:182:6:PendSV_Handler	0	static
../Core/Src/stm32h7xx_it.c:195:6:SysTick_Handler	8	static
../Core/Src/stm32h7xx_it.c:216:6:DMA1_Stream0_IRQHandler	8	static
../Core/Src/stm32h7xx_it.c:230:6:DMA1_Stream1_IRQHandler	8	static
../Core/Src/stm32h7xx_it.c:244:6:DMA1_Stream2_IRQHandler	8	static
../Core/Src/stm32h7xx_it.c:258:6:DMA1_Stream3_IRQHandler	8	static
../Core/Src/stm32h7xx_it.c:272:6:DMA1_Stream4_IRQHandler	8	static
../Core/Src/stm32h7xx_it.c:286:6:DMA1_Stream5_IRQHandler	8	static
../Core/Src/stm32h7xx_it.c:300:6:TIM2_IRQHandler	8	static
../Core/Src/stm32h7xx_it.c:314:6:SPI1_IRQHandler	8	static
../Core/Src/stm32h7xx_it.c:328:6:SAI1_IRQHandler	8	static
../Core/Src/stm32h7xx_it.c:343:6:SAI2_IRQHandler	8	static
