../Middlewares/Third_Party/FatFs/src/ff.c:613:6:ld_word	0	static
../Middlewares/Third_Party/FatFs/src/ff.c:623:7:ld_dword	0	static
../Middlewares/Third_Party/FatFs/src/ff.c:654:6:st_word	0	static
../Middlewares/Third_Party/FatFs/src/ff.c:661:6:st_dword	0	static
../Middlewares/Third_Party/FatFs/src/ff.c:693:6:mem_cpy	0	static
../Middlewares/Third_Party/FatFs/src/ff.c:706:6:mem_set	0	static
../Middlewares/Third_Party/FatFs/src/ff.c:716:5:mem_cmp	0	static
../Middlewares/Third_Party/FatFs/src/ff.c:729:5:chk_chr	0	static
../Middlewares/Third_Party/FatFs/src/ff.c:771:9:chk_lock	4	static
../Middlewares/Third_Party/FatFs/src/ff.c:798:5:enq_lock	0	static
../Middlewares/Third_Party/FatFs/src/ff.c:808:6:inc_lock	12	static
../Middlewares/Third_Party/FatFs/src/ff.c:840:9:dec_lock	0	static
../Middlewares/Third_Party/FatFs/src/ff.c:863:6:clear_lock	4	static
../Middlewares/Third_Party/FatFs/src/ff.c:983:7:clust2sect	0	static
../Middlewares/Third_Party/FatFs/src/ff.c:1440:7:clmt_clust	0	static
../Middlewares/Third_Party/FatFs/src/ff.c:1632:7:ld_clust	16	static
../Middlewares/Third_Party/FatFs/src/ff.c:1650:6:st_clust	16	static
../Middlewares/Third_Party/FatFs/src/ff.c:2444:6:get_fileinfo	16	static
../Middlewares/Third_Party/FatFs/src/ff.c:2618:9:create_name	40	static
../Middlewares/Third_Party/FatFs/src/ff.c:2904:5:get_ldnumber	0	static
../Middlewares/Third_Party/FatFs/src/ff.c:5987:6:putc_init	0	static
../Middlewares/Third_Party/FatFs/src/ff.c:742:5:lock_fs	8	static
../Middlewares/Third_Party/FatFs/src/ff.c:883:9:sync_window	24	static
../Middlewares/Third_Party/FatFs/src/ff.c:912:9:move_window	16	static
../Middlewares/Third_Party/FatFs/src/ff.c:2965:6:check_fs	16	static
../Middlewares/Third_Party/FatFs/src/ff.c:2993:9:find_volume	64	static
../Middlewares/Third_Party/FatFs/src/ff.c:1081:9:put_fat	32	static
../Middlewares/Third_Party/FatFs/src/ff.c:1001:7:get_fat	24	static
../Middlewares/Third_Party/FatFs/src/ff.c:1470:9:dir_sdi	24	static
../Middlewares/Third_Party/FatFs/src/ff.c:1351:7:create_chain	24	static
../Middlewares/Third_Party/FatFs/src/ff.c:1271:9:remove_chain	24	static
../Middlewares/Third_Party/FatFs/src/ff.c:2396:9:dir_remove	16	static
../Middlewares/Third_Party/FatFs/src/ff.c:1519:9:dir_next	32	static
../Middlewares/Third_Party/FatFs/src/ff.c:2210:9:dir_find	16	static
../Middlewares/Third_Party/FatFs/src/ff.c:2813:9:follow_path	24	static
../Middlewares/Third_Party/FatFs/src/ff.c:1589:9:dir_alloc	24	static
../Middlewares/Third_Party/FatFs/src/ff.c:2292:9:dir_register	16	static
../Middlewares/Third_Party/FatFs/src/ff.c:2131:9:dir_read	24	static
../Middlewares/Third_Party/FatFs/src/ff.c:944:9:sync_fs	16	static
../Middlewares/Third_Party/FatFs/src/ff.c:751:6:unlock_fs	8	static
../Middlewares/Third_Party/FatFs/src/ff.c:3216:9:validate	16	static
../Middlewares/Third_Party/FatFs/src/ff.c:3260:9:f_mount	32	static
../Middlewares/Third_Party/FatFs/src/ff.c:3308:9:f_open	96	static
../Middlewares/Third_Party/FatFs/src/ff.c:3511:9:f_read	56	static
../Middlewares/Third_Party/FatFs/src/ff.c:3611:9:f_write	56	static
../Middlewares/Third_Party/FatFs/src/ff.c:5917:6:putc_bfd	24	static
../Middlewares/Third_Party/FatFs/src/ff.c:5973:5:putc_flush	16	static
../Middlewares/Third_Party/FatFs/src/ff.c:3732:9:f_sync	24	static
../Middlewares/Third_Party/FatFs/src/ff.c:3813:9:f_close	24	static
../Middlewares/Third_Party/FatFs/src/ff.c:4001:9:f_lseek	48	static
../Middlewares/Third_Party/FatFs/src/ff.c:4162:9:f_opendir	32	static
../Middlewares/Third_Party/FatFs/src/ff.c:4232:9:f_closedir	24	static
../Middlewares/Third_Party/FatFs/src/ff.c:4265:9:f_readdir	24	static
../Middlewares/Third_Party/FatFs/src/ff.c:4353:9:f_stat	72	static
../Middlewares/Third_Party/FatFs/src/ff.c:4388:9:f_getfree	72	static
../Middlewares/Third_Party/FatFs/src/ff.c:4475:9:f_truncate	24	static
../Middlewares/Third_Party/FatFs/src/ff.c:4525:9:f_unlink	136	static
../Middlewares/Third_Party/FatFs/src/ff.c:4620:9:f_mkdir	104	static
../Middlewares/Third_Party/FatFs/src/ff.c:4717:9:f_rename	152	static
../Middlewares/Third_Party/FatFs/src/ff.c:5301:9:f_mkfs	88	static
../Middlewares/Third_Party/FatFs/src/ff.c:5830:8:f_gets	32	static
../Middlewares/Third_Party/FatFs/src/ff.c:5998:5:f_putc	88	static
../Middlewares/Third_Party/FatFs/src/ff.c:6018:5:f_puts	88	static
../Middlewares/Third_Party/FatFs/src/ff.c:6038:5:f_printf	148	static
