../Middlewares/ST/STM32_USB_Device_Library/Class/MSC/Src/usbd_msc_bot.c:98:6:MSC_BOT_Init	24	static
../Middlewares/ST/STM32_USB_Device_Library/Class/MSC/Src/usbd_msc_bot.c:136:6:MSC_BOT_Reset	24	static
../Middlewares/ST/STM32_USB_Device_Library/Class/MSC/Src/usbd_msc_bot.c:168:6:MSC_BOT_DeInit	24	static
../Middlewares/ST/STM32_USB_Device_Library/Class/MSC/Src/usbd_msc_bot.c:185:6:MSC_BOT_DataIn	24	static
../Middlewares/ST/STM32_USB_Device_Library/Class/MSC/Src/usbd_msc_bot.c:221:6:MSC_BOT_DataOut	24	static
../Middlewares/ST/STM32_USB_Device_Library/Class/MSC/Src/usbd_msc_bot.c:256:14:MSC_BOT_CBW_Decode	24	static
../Middlewares/ST/STM32_USB_Device_Library/Class/MSC/Src/usbd_msc_bot.c:330:14:MSC_BOT_SendData	32	static
../Middlewares/ST/STM32_USB_Device_Library/Class/MSC/Src/usbd_msc_bot.c:363:7:MSC_BOT_SendCSW	24	static
../Middlewares/ST/STM32_USB_Device_Library/Class/MSC/Src/usbd_msc_bot.c:397:14:MSC_BOT_Abort	24	static
../Middlewares/ST/STM32_USB_Device_Library/Class/MSC/Src/usbd_msc_bot.c:436:7:MSC_BOT_CplClrFeature	24	static
