Archive member included to satisfy reference by file (symbol)

c:/st/stm32cubeide_1.7.0/stm32cubeide/plugins/com.st.stm32cube.ide.mcu.externaltools.gnu-tools-for-stm32.10.3-2021.10.win32_1.0.0.202111181127/tools/bin/../lib/gcc/arm-none-eabi/10.3.1/../../../../arm-none-eabi/lib/thumb/v7e-m+dp/hard\libc_nano.a(lib_a-errno.o)
                              ./Core/Src/syscalls.o (__errno)
c:/st/stm32cubeide_1.7.0/stm32cubeide/plugins/com.st.stm32cube.ide.mcu.externaltools.gnu-tools-for-stm32.10.3-2021.10.win32_1.0.0.202111181127/tools/bin/../lib/gcc/arm-none-eabi/10.3.1/../../../../arm-none-eabi/lib/thumb/v7e-m+dp/hard\libc_nano.a(lib_a-exit.o)
                              c:/st/stm32cubeide_1.7.0/stm32cubeide/plugins/com.st.stm32cube.ide.mcu.externaltools.gnu-tools-for-stm32.10.3-2021.10.win32_1.0.0.202111181127/tools/bin/../lib/gcc/arm-none-eabi/10.3.1/../../../../arm-none-eabi/lib/thumb/v7e-m+dp/hard/crt0.o (exit)
c:/st/stm32cubeide_1.7.0/stm32cubeide/plugins/com.st.stm32cube.ide.mcu.externaltools.gnu-tools-for-stm32.10.3-2021.10.win32_1.0.0.202111181127/tools/bin/../lib/gcc/arm-none-eabi/10.3.1/../../../../arm-none-eabi/lib/thumb/v7e-m+dp/hard\libc_nano.a(lib_a-impure.o)
                              c:/st/stm32cubeide_1.7.0/stm32cubeide/plugins/com.st.stm32cube.ide.mcu.externaltools.gnu-tools-for-stm32.10.3-2021.10.win32_1.0.0.202111181127/tools/bin/../lib/gcc/arm-none-eabi/10.3.1/../../../../arm-none-eabi/lib/thumb/v7e-m+dp/hard\libc_nano.a(lib_a-exit.o) (_global_impure_ptr)
c:/st/stm32cubeide_1.7.0/stm32cubeide/plugins/com.st.stm32cube.ide.mcu.externaltools.gnu-tools-for-stm32.10.3-2021.10.win32_1.0.0.202111181127/tools/bin/../lib/gcc/arm-none-eabi/10.3.1/../../../../arm-none-eabi/lib/thumb/v7e-m+dp/hard\libc_nano.a(lib_a-init.o)
                              c:/st/stm32cubeide_1.7.0/stm32cubeide/plugins/com.st.stm32cube.ide.mcu.externaltools.gnu-tools-for-stm32.10.3-2021.10.win32_1.0.0.202111181127/tools/bin/../lib/gcc/arm-none-eabi/10.3.1/../../../../arm-none-eabi/lib/thumb/v7e-m+dp/hard/crt0.o (__libc_init_array)
c:/st/stm32cubeide_1.7.0/stm32cubeide/plugins/com.st.stm32cube.ide.mcu.externaltools.gnu-tools-for-stm32.10.3-2021.10.win32_1.0.0.202111181127/tools/bin/../lib/gcc/arm-none-eabi/10.3.1/../../../../arm-none-eabi/lib/thumb/v7e-m+dp/hard\libc_nano.a(lib_a-memset.o)
                              c:/st/stm32cubeide_1.7.0/stm32cubeide/plugins/com.st.stm32cube.ide.mcu.externaltools.gnu-tools-for-stm32.10.3-2021.10.win32_1.0.0.202111181127/tools/bin/../lib/gcc/arm-none-eabi/10.3.1/../../../../arm-none-eabi/lib/thumb/v7e-m+dp/hard/crt0.o (memset)

Discarded input sections

 .text          0x0000000000000000        0x0 c:/st/stm32cubeide_1.7.0/stm32cubeide/plugins/com.st.stm32cube.ide.mcu.externaltools.gnu-tools-for-stm32.10.3-2021.10.win32_1.0.0.202111181127/tools/bin/../lib/gcc/arm-none-eabi/10.3.1/thumb/v7e-m+dp/hard/crti.o
 .data          0x0000000000000000        0x0 c:/st/stm32cubeide_1.7.0/stm32cubeide/plugins/com.st.stm32cube.ide.mcu.externaltools.gnu-tools-for-stm32.10.3-2021.10.win32_1.0.0.202111181127/tools/bin/../lib/gcc/arm-none-eabi/10.3.1/thumb/v7e-m+dp/hard/crti.o
 .bss           0x0000000000000000        0x0 c:/st/stm32cubeide_1.7.0/stm32cubeide/plugins/com.st.stm32cube.ide.mcu.externaltools.gnu-tools-for-stm32.10.3-2021.10.win32_1.0.0.202111181127/tools/bin/../lib/gcc/arm-none-eabi/10.3.1/thumb/v7e-m+dp/hard/crti.o
 .data          0x0000000000000000        0x4 c:/st/stm32cubeide_1.7.0/stm32cubeide/plugins/com.st.stm32cube.ide.mcu.externaltools.gnu-tools-for-stm32.10.3-2021.10.win32_1.0.0.202111181127/tools/bin/../lib/gcc/arm-none-eabi/10.3.1/thumb/v7e-m+dp/hard/crtbegin.o
 .rodata        0x0000000000000000       0x24 c:/st/stm32cubeide_1.7.0/stm32cubeide/plugins/com.st.stm32cube.ide.mcu.externaltools.gnu-tools-for-stm32.10.3-2021.10.win32_1.0.0.202111181127/tools/bin/../lib/gcc/arm-none-eabi/10.3.1/thumb/v7e-m+dp/hard/crtbegin.o
 .text          0x0000000000000000       0x7c c:/st/stm32cubeide_1.7.0/stm32cubeide/plugins/com.st.stm32cube.ide.mcu.externaltools.gnu-tools-for-stm32.10.3-2021.10.win32_1.0.0.202111181127/tools/bin/../lib/gcc/arm-none-eabi/10.3.1/../../../../arm-none-eabi/lib/thumb/v7e-m+dp/hard/crt0.o
 .data          0x0000000000000000        0x0 c:/st/stm32cubeide_1.7.0/stm32cubeide/plugins/com.st.stm32cube.ide.mcu.externaltools.gnu-tools-for-stm32.10.3-2021.10.win32_1.0.0.202111181127/tools/bin/../lib/gcc/arm-none-eabi/10.3.1/../../../../arm-none-eabi/lib/thumb/v7e-m+dp/hard/crt0.o
 .bss           0x0000000000000000        0x0 c:/st/stm32cubeide_1.7.0/stm32cubeide/plugins/com.st.stm32cube.ide.mcu.externaltools.gnu-tools-for-stm32.10.3-2021.10.win32_1.0.0.202111181127/tools/bin/../lib/gcc/arm-none-eabi/10.3.1/../../../../arm-none-eabi/lib/thumb/v7e-m+dp/hard/crt0.o
[...]
Memory Configuration

Name             Origin             Length             Attributes
FLASH            0x0000000008000000 0x0000000000020000 xr
DTCMRAM          0x0000000020000000 0x0000000000020000 xrw
RAM_D1           0x0000000024000000 0x0000000000080000 xrw
RAM_D2           0x0000000030000000 0x0000000000048000 xrw
RAM_D3           0x0000000038000000 0x0000000000010000 xrw
ITCMRAM          0x0000000000000000 0x0000000000010000 xrw
*default*        0x0000000000000000 0xffffffffffffffff

Linker script and memory map

LOAD c:/st/stm32cubeide_1.7.0/stm32cubeide/plugins/com.st.stm32cube.ide.mcu.externaltools.gnu-tools-for-stm32.10.3-2021.10.win32_1.0.0.202111181127/tools/bin/../lib/gcc/arm-none-eabi/10.3.1/thumb/v7e-m+dp/hard/crti.o
LOAD c:/st/stm32cubeide_1.7.0/stm32cubeide/plugins/com.st.stm32cube.ide.mcu.externaltools.gnu-tools-for-stm32.10.3-2021.10.win32_1.0.0.202111181127/tools/bin/../lib/gcc/arm-none-eabi/10.3.1/thumb/v7e-m+dp/hard/crtbegin.o
LOAD c:/st/stm32cubeide_1.7.0/stm32cubeide/plugins/com.st.stm32cube.ide.mcu.externaltools.gnu-tools-for-stm32.10.3-2021.10.win32_1.0.0.202111181127/tools/bin/../lib/gcc/arm-none-eabi/10.3.1/../../../../arm-none-eabi/lib/thumb/v7e-m+dp/hard/crt0.o
LOAD ./Core/Src/gpio.o
LOAD ./Core/Src/i2c.o
LOAD ./Core/Src/main.o
LOAD ./Core/Src/stm32h7xx_hal_msp.o
LOAD ./Core/Src/stm32h7xx_it.o
LOAD ./Core/Src/syscalls.o
LOAD ./Core/Src/sysmem.o
LOAD ./Core/Src/system_stm32h7xx.o
LOAD ./Core/Startup/startup_stm32h750vbtx.o
LOAD ./Drivers/HW/ssd1305_i2c/ssd1305_i2c.o
LOAD ./Drivers/STM32H7xx_HAL_Driver/Src/stm32h7xx_hal.o
LOAD ./Drivers/STM32H7xx_HAL_Driver/Src/stm32h7xx_hal_cortex.o
LOAD ./Drivers/STM32H7xx_HAL_Driver/Src/stm32h7xx_hal_dma.o
LOAD ./Drivers/STM32H7xx_HAL_Driver/Src/stm32h7xx_hal_dma_ex.o
LOAD ./Drivers/STM32H7xx_HAL_Driver/Src/stm32h7xx_hal_exti.o
LOAD ./Drivers/STM32H7xx_HAL_Driver/Src/stm32h7xx_hal_flash.o
LOAD ./Drivers/STM32H7xx_HAL_Driver/Src/stm32h7xx_hal_flash_ex.o
LOAD ./Drivers/STM32H7xx_HAL_Driver/Src/stm32h7xx_hal_gpio.o
LOAD ./Drivers/STM32H7xx_HAL_Driver/Src/stm32h7xx_hal_hsem.o
LOAD ./Drivers/STM32H7xx_HAL_Driver/Src/stm32h7xx_hal_i2c.o
LOAD ./Drivers/STM32H7xx_HAL_Driver/Src/stm32h7xx_hal_i2c_ex.o
LOAD ./Drivers/STM32H7xx_HAL_Driver/Src/stm32h7xx_hal_mdma.o
LOAD ./Drivers/STM32H7xx_HAL_Driver/Src/stm32h7xx_hal_pwr.o
LOAD ./Drivers/STM32H7xx_HAL_Driver/Src/stm32h7xx_hal_pwr_ex.o
LOAD ./Drivers/STM32H7xx_HAL_Driver/Src/stm32h7xx_hal_rcc.o
LOAD ./Drivers/STM32H7xx_HAL_Driver/Src/stm32h7xx_hal_rcc_ex.o
LOAD ./Drivers/STM32H7xx_HAL_Driver/Src/stm32h7xx_hal_tim.o
LOAD ./Drivers/STM32H7xx_HAL_Driver/Src/stm32h7xx_hal_tim_ex.o
START GROUP
LOAD c:/st/stm32cubeide_1.7.0/stm32cubeide/plugins/com.st.stm32cube.ide.mcu.externaltools.gnu-tools-for-stm32.10.3-2021.10.win32_1.0.0.202111181127/tools/bin/../lib/gcc/arm-none-eabi/10.3.1/../../../../arm-none-eabi/lib/thumb/v7e-m+dp/hard\libc_nano.a
LOAD c:/st/stm32cubeide_1.7.0/stm32cubeide/plugins/com.st.stm32cube.ide.mcu.externaltools.gnu-tools-for-stm32.10.3-2021.10.win32_1.0.0.202111181127/tools/bin/../lib/gcc/arm-none-eabi/10.3.1/../../../../arm-none-eabi/lib/thumb/v7e-m+dp/hard\libm.a
END GROUP
START GROUP
LOAD c:/st/stm32cubeide_1.7.0/stm32cubeide/plugins/com.st.stm32cube.ide.mcu.externaltools.gnu-tools-for-stm32.10.3-2021.10.win32_1.0.0.202111181127/tools/bin/../lib/gcc/arm-none-eabi/10.3.1/thumb/v7e-m+dp/hard\libgcc.a
LOAD c:/st/stm32cubeide_1.7.0/stm32cubeide/plugins/com.st.stm32cube.ide.mcu.externaltools.gnu-tools-for-stm32.10.3-2021.10.win32_1.0.0.202111181127/tools/bin/../lib/gcc/arm-none-eabi/10.3.1/../../../../arm-none-eabi/lib/thumb/v7e-m+dp/hard\libc_nano.a
END GROUP
START GROUP
LOAD c:/st/stm32cubeide_1.7.0/stm32cubeide/plugins/com.st.stm32cube.ide.mcu.externaltools.gnu-tools-for-stm32.10.3-2021.10.win32_1.0.0.202111181127/tools/bin/../lib/gcc/arm-none-eabi/10.3.1/thumb/v7e-m+dp/hard\libgcc.a
LOAD c:/st/stm32cubeide_1.7.0/stm32cubeide/plugins/com.st.stm32cube.ide.mcu.externaltools.gnu-tools-for-stm32.10.3-2021.10.win32_1.0.0.202111181127/tools/bin/../lib/gcc/arm-none-eabi/10.3.1/../../../../arm-none-eabi/lib/thumb/v7e-m+dp/hard\libc_nano.a
LOAD c:/st/stm32cubeide_1.7.0/stm32cubeide/plugins/com.st.stm32cube.ide.mcu.externaltools.gnu-tools-for-stm32.10.3-2021.10.win32_1.0.0.202111181127/tools/bin/../lib/gcc/arm-none-eabi/10.3.1/../../../../arm-none-eabi/lib/thumb/v7e-m+dp/hard\libnosys.a
END GROUP
START GROUP
LOAD c:/st/stm32cubeide_1.7.0/stm32cubeide/plugins/com.st.stm32cube.ide.mcu.externaltools.gnu-tools-for-stm32.10.3-2021.10.win32_1.0.0.202111181127/tools/bin/../lib/gcc/arm-none-eabi/10.3.1/thumb/v7e-m+dp/hard\libgcc.a
LOAD c:/st/stm32cubeide_1.7.0/stm32cubeide/plugins/com.st.stm32cube.ide.mcu.externaltools.gnu-tools-for-stm32.10.3-2021.10.win32_1.0.0.202111181127/tools/bin/../lib/gcc/arm-none-eabi/10.3.1/../../../../arm-none-eabi/lib/thumb/v7e-m+dp/hard\libc_nano.a
LOAD c:/st/stm32cubeide_1.7.0/stm32cubeide/plugins/com.st.stm32cube.ide.mcu.externaltools.gnu-tools-for-stm32.10.3-2021.10.win32_1.0.0.202111181127/tools/bin/../lib/gcc/arm-none-eabi/10.3.1/../../../../arm-none-eabi/lib/thumb/v7e-m+dp/hard\libnosys.a
END GROUP
LOAD c:/st/stm32cubeide_1.7.0/stm32cubeide/plugins/com.st.stm32cube.ide.mcu.externaltools.gnu-tools-for-stm32.10.3-2021.10.win32_1.0.0.202111181127/tools/bin/../lib/gcc/arm-none-eabi/10.3.1/thumb/v7e-m+dp/hard/crtend.o
LOAD c:/st/stm32cubeide_1.7.0/stm32cubeide/plugins/com.st.stm32cube.ide.mcu.externaltools.gnu-tools-for-stm32.10.3-2021.10.win32_1.0.0.202111181127/tools/bin/../lib/gcc/arm-none-eabi/10.3.1/thumb/v7e-m+dp/hard/crtn.o
                0x0000000024080000                _estack = (ORIGIN (RAM_D1) + LENGTH (RAM_D1))
                0x0000000000000200                _Min_Heap_Size = 0x200
                0x0000000000000400                _Min_Stack_Size = 0x400

.isr_vector     0x0000000008000000      0x298
                0x0000000008000000                . = ALIGN (0x4)
 *(.isr_vector)
 .isr_vector    0x0000000008000000      0x298 ./Core/Startup/startup_stm32h750vbtx.o
                0x0000000008000000                g_pfnVectors
                0x0000000008000298                . = ALIGN (0x4)

.text           0x0000000008000298     0x39f4
                0x0000000008000298                . = ALIGN (0x4)
 *(.text)
 .text          0x0000000008000298       0x40 c:/st/stm32cubeide_1.7.0/stm32cubeide/plugins/com.st.stm32cube.ide.mcu.externaltools.gnu-tools-for-stm32.10.3-2021.10.win32_1.0.0.202111181127/tools/bin/../lib/gcc/arm-none-eabi/10.3.1/thumb/v7e-m+dp/hard/crtbegin.o
 *(.text*)
 .text.MX_GPIO_Init
                0x00000000080002d8       0x70 ./Core/Src/gpio.o
                0x00000000080002d8                MX_GPIO_Init
 .text.MX_I2C1_Init
                0x0000000008000348       0x80 ./Core/Src/i2c.o
                0x0000000008000348                MX_I2C1_Init
 .text.HAL_I2C_MspInit
                0x00000000080003c8       0xc8 ./Core/Src/i2c.o
                0x00000000080003c8                HAL_I2C_MspInit
 .text.main     0x0000000008000490       0x1a ./Core/Src/main.o
                0x0000000008000490                main
 *fill*         0x00000000080004aa        0x2 
 .text.SystemClock_Config
                0x00000000080004ac      0x15c ./Core/Src/main.o
                0x00000000080004ac                SystemClock_Config
 .text.Error_Handler
                0x0000000008000608        0xa ./Core/Src/main.o
                0x0000000008000608                Error_Handler
 *fill*         0x0000000008000612        0x2 
 .text.HAL_MspInit
                0x0000000008000614       0x34 ./Core/Src/stm32h7xx_hal_msp.o
                0x0000000008000614                HAL_MspInit
 .text.NMI_Handler
                0x0000000008000648        0x6 ./Core/Src/stm32h7xx_it.o
                0x0000000008000648                NMI_Handler
 .text.HardFault_Handler
                0x000000000800064e        0x6 ./Core/Src/stm32h7xx_it.o
                0x000000000800064e                HardFault_Handler
 .text.MemManage_Handler
                0x0000000008000654        0x6 ./Core/Src/stm32h7xx_it.o
                0x0000000008000654                MemManage_Handler
 .text.BusFault_Handler
                0x000000000800065a        0x6 ./Core/Src/stm32h7xx_it.o
                0x000000000800065a                BusFault_Handler
 .text.UsageFault_Handler
                0x0000000008000660        0x6 ./Core/Src/stm32h7xx_it.o
                0x0000000008000660                UsageFault_Handler
 .text.SVC_Handler
                0x0000000008000666        0xe ./Core/Src/stm32h7xx_it.o
                0x0000000008000666                SVC_Handler
 .text.DebugMon_Handler
                0x0000000008000674        0xe ./Core/Src/stm32h7xx_it.o
                0x0000000008000674                DebugMon_Handler
 .text.PendSV_Handler
                0x0000000008000682        0xe ./Core/Src/stm32h7xx_it.o
                0x0000000008000682                PendSV_Handler
 .text.SysTick_Handler
                0x0000000008000690        0xc ./Core/Src/stm32h7xx_it.o
                0x0000000008000690                SysTick_Handler
 .text.SystemInit
                0x000000000800069c      0x110 ./Core/Src/system_stm32h7xx.o
                0x000000000800069c                SystemInit
 .text.Reset_Handler
                0x00000000080007ac       0x50 ./Core/Startup/startup_stm32h750vbtx.o
                0x00000000080007ac                Reset_Handler
 .text.Default_Handler
                0x00000000080007fc        0x2 ./Core/Startup/startup_stm32h750vbtx.o
                0x00000000080007fc                RTC_Alarm_IRQHandler
                0x00000000080007fc                HASH_RNG_IRQHandler
                0x00000000080007fc                EXTI2_IRQHandler
                0x00000000080007fc                TIM8_CC_IRQHandler
                0x00000000080007fc                HRTIM1_Master_IRQHandler
                0x00000000080007fc                UART8_IRQHandler
                0x00000000080007fc                SPI4_IRQHandler
                0x00000000080007fc                TIM1_CC_IRQHandler
                0x00000000080007fc                BDMA_Channel6_IRQHandler
                0x00000000080007fc                DMA2_Stream5_IRQHandler
                0x00000000080007fc                HRTIM1_FLT_IRQHandler
                0x00000000080007fc                JPEG_IRQHandler
                0x00000000080007fc                DMA1_Stream5_IRQHandler
                0x00000000080007fc                BDMA_Channel1_IRQHandler
                0x00000000080007fc                HRTIM1_TIMD_IRQHandler
                0x00000000080007fc                TAMP_STAMP_IRQHandler
                0x00000000080007fc                EXTI3_IRQHandler
                0x00000000080007fc                LPTIM4_IRQHandler
                0x00000000080007fc                TIM8_TRG_COM_TIM14_IRQHandler
                0x00000000080007fc                LPTIM2_IRQHandler
                0x00000000080007fc                DFSDM1_FLT1_IRQHandler
                0x00000000080007fc                DMAMUX2_OVR_IRQHandler
                0x00000000080007fc                TIM8_UP_TIM13_IRQHandler
                0x00000000080007fc                I2C3_ER_IRQHandler
                0x00000000080007fc                DFSDM1_FLT2_IRQHandler
                0x00000000080007fc                MDMA_IRQHandler
                0x00000000080007fc                LPTIM3_IRQHandler
                0x00000000080007fc                HSEM1_IRQHandler
                0x00000000080007fc                EXTI0_IRQHandler
                0x00000000080007fc                I2C2_EV_IRQHandler
                0x00000000080007fc                DMA1_Stream2_IRQHandler
                0x00000000080007fc                FPU_IRQHandler
                0x00000000080007fc                OTG_HS_WKUP_IRQHandler
                0x00000000080007fc                FDCAN1_IT1_IRQHandler
                0x00000000080007fc                LTDC_ER_IRQHandler
                0x00000000080007fc                DMA2_Stream2_IRQHandler
                0x00000000080007fc                HRTIM1_TIME_IRQHandler
                0x00000000080007fc                SPI1_IRQHandler
                0x00000000080007fc                TIM6_DAC_IRQHandler
                0x00000000080007fc                DCMI_IRQHandler
                0x00000000080007fc                HRTIM1_TIMC_IRQHandler
                0x00000000080007fc                DMA2_Stream3_IRQHandler
                0x00000000080007fc                SAI2_IRQHandler
                0x00000000080007fc                DFSDM1_FLT3_IRQHandler
                0x00000000080007fc                USART6_IRQHandler
                0x00000000080007fc                TIM17_IRQHandler
                0x00000000080007fc                USART3_IRQHandler
                0x00000000080007fc                BDMA_Channel7_IRQHandler
                0x00000000080007fc                CRYP_IRQHandler
                0x00000000080007fc                LPTIM5_IRQHandler
                0x00000000080007fc                UART5_IRQHandler
                0x00000000080007fc                ADC3_IRQHandler
                0x00000000080007fc                DMA2_Stream0_IRQHandler
                0x00000000080007fc                TIM4_IRQHandler
                0x00000000080007fc                BDMA_Channel2_IRQHandler
                0x00000000080007fc                QUADSPI_IRQHandler
                0x00000000080007fc                I2C1_EV_IRQHandler
                0x00000000080007fc                DMA1_Stream6_IRQHandler
                0x00000000080007fc                DMAMUX1_OVR_IRQHandler
                0x00000000080007fc                DMA1_Stream1_IRQHandler
                0x00000000080007fc                TIM16_IRQHandler
                0x00000000080007fc                UART4_IRQHandler
                0x00000000080007fc                BDMA_Channel5_IRQHandler
                0x00000000080007fc                TIM3_IRQHandler
                0x00000000080007fc                RCC_IRQHandler
                0x00000000080007fc                TIM8_BRK_TIM12_IRQHandler
                0x00000000080007fc                TIM1_TRG_COM_IRQHandler
                0x00000000080007fc                Default_Handler
                0x00000000080007fc                ECC_IRQHandler
                0x00000000080007fc                CEC_IRQHandler
                0x00000000080007fc                EXTI15_10_IRQHandler
                0x00000000080007fc                BDMA_Channel0_IRQHandler
                0x00000000080007fc                ADC_IRQHandler
                0x00000000080007fc                DMA1_Stream7_IRQHandler
                0x00000000080007fc                HRTIM1_TIMA_IRQHandler
                0x00000000080007fc                SPI5_IRQHandler
                0x00000000080007fc                TIM7_IRQHandler
                0x00000000080007fc                SDMMC1_IRQHandler
                0x00000000080007fc                TIM5_IRQHandler
                0x00000000080007fc                DMA2_Stream7_IRQHandler
                0x00000000080007fc                TIM15_IRQHandler
                0x00000000080007fc                PVD_AVD_IRQHandler
                0x00000000080007fc                I2C3_EV_IRQHandler
                0x00000000080007fc                EXTI9_5_IRQHandler
                0x00000000080007fc                RTC_WKUP_IRQHandler
                0x00000000080007fc                LTDC_IRQHandler
                0x00000000080007fc                SAI3_IRQHandler
                0x00000000080007fc                ETH_WKUP_IRQHandler
                0x00000000080007fc                SPDIF_RX_IRQHandler
                0x00000000080007fc                SPI2_IRQHandler
                0x00000000080007fc                OTG_HS_EP1_IN_IRQHandler
                0x00000000080007fc                DMA1_Stream0_IRQHandler
                0x00000000080007fc                CRS_IRQHandler
                0x00000000080007fc                EXTI4_IRQHandler
                0x00000000080007fc                HRTIM1_TIMB_IRQHandler
                0x00000000080007fc                FDCAN2_IT1_IRQHandler
                0x00000000080007fc                ETH_IRQHandler
                0x00000000080007fc                TIM1_UP_IRQHandler
                0x00000000080007fc                BDMA_Channel4_IRQHandler
                0x00000000080007fc                OTG_HS_EP1_OUT_IRQHandler
                0x00000000080007fc                WWDG_IRQHandler
                0x00000000080007fc                SPI6_IRQHandler
                0x00000000080007fc                MDIOS_IRQHandler
                0x00000000080007fc                I2C4_EV_IRQHandler
                0x00000000080007fc                FDCAN2_IT0_IRQHandler
                0x00000000080007fc                LPUART1_IRQHandler
                0x00000000080007fc                FDCAN1_IT0_IRQHandler
                0x00000000080007fc                TIM2_IRQHandler
                0x00000000080007fc                OTG_FS_WKUP_IRQHandler
                0x00000000080007fc                OTG_HS_IRQHandler
                0x00000000080007fc                DMA2D_IRQHandler
                0x00000000080007fc                TIM1_BRK_IRQHandler
                0x00000000080007fc                EXTI1_IRQHandler
                0x00000000080007fc                SDMMC2_IRQHandler
                0x00000000080007fc                OTG_FS_EP1_OUT_IRQHandler
                0x00000000080007fc                BDMA_Channel3_IRQHandler
                0x00000000080007fc                UART7_IRQHandler
                0x00000000080007fc                MDIOS_WKUP_IRQHandler
                0x00000000080007fc                USART2_IRQHandler
                0x00000000080007fc                DFSDM1_FLT0_IRQHandler
                0x00000000080007fc                SAI4_IRQHandler
                0x00000000080007fc                I2C2_ER_IRQHandler
                0x00000000080007fc                DMA2_Stream1_IRQHandler
                0x00000000080007fc                FLASH_IRQHandler
                0x00000000080007fc                DMA2_Stream4_IRQHandler
                0x00000000080007fc                USART1_IRQHandler
                0x00000000080007fc                OTG_FS_IRQHandler
                0x00000000080007fc                SPI3_IRQHandler
                0x00000000080007fc                WAKEUP_PIN_IRQHandler
                0x00000000080007fc                DMA1_Stream4_IRQHandler
                0x00000000080007fc                OTG_FS_EP1_IN_IRQHandler
                0x00000000080007fc                I2C1_ER_IRQHandler
                0x00000000080007fc                FMC_IRQHandler
                0x00000000080007fc                FDCAN_CAL_IRQHandler
                0x00000000080007fc                SWPMI1_IRQHandler
                0x00000000080007fc                COMP1_IRQHandler
                0x00000000080007fc                LPTIM1_IRQHandler
                0x00000000080007fc                I2C4_ER_IRQHandler
                0x00000000080007fc                DMA2_Stream6_IRQHandler
                0x00000000080007fc                SAI1_IRQHandler
                0x00000000080007fc                DMA1_Stream3_IRQHandler
 *fill*         0x00000000080007fe        0x2 
 .text.oled_command
                0x0000000008000800       0x44 ./Drivers/HW/ssd1305_i2c/ssd1305_i2c.o
                0x0000000008000800                oled_command
 .text.oled_commandList
                0x0000000008000844       0x34 ./Drivers/HW/ssd1305_i2c/ssd1305_i2c.o
                0x0000000008000844                oled_commandList
 .text.oled_data
                0x0000000008000878       0x40 ./Drivers/HW/ssd1305_i2c/ssd1305_i2c.o
                0x0000000008000878                oled_data
 .text.ssd1305_Init
                0x00000000080008b8       0x4c ./Drivers/HW/ssd1305_i2c/ssd1305_i2c.o
                0x00000000080008b8                ssd1305_Init
 .text.Display_Picture
                0x0000000008000904       0x86 ./Drivers/HW/ssd1305_i2c/ssd1305_i2c.o
                0x0000000008000904                Display_Picture
 .text.Set_Page_Address
                0x000000000800098a       0x22 ./Drivers/HW/ssd1305_i2c/ssd1305_i2c.o
                0x000000000800098a                Set_Page_Address
 .text.Set_Column_Address
                0x00000000080009ac       0x3c ./Drivers/HW/ssd1305_i2c/ssd1305_i2c.o
                0x00000000080009ac                Set_Column_Address
 .text.HAL_Init
                0x00000000080009e8       0x78 ./Drivers/STM32H7xx_HAL_Driver/Src/stm32h7xx_hal.o
                0x00000000080009e8                HAL_Init
 .text.HAL_InitTick
                0x0000000008000a60       0x6c ./Drivers/STM32H7xx_HAL_Driver/Src/stm32h7xx_hal.o
                0x0000000008000a60                HAL_InitTick
 .text.HAL_IncTick
                0x0000000008000acc       0x28 ./Drivers/STM32H7xx_HAL_Driver/Src/stm32h7xx_hal.o
                0x0000000008000acc                HAL_IncTick
 .text.HAL_GetTick
                0x0000000008000af4       0x18 ./Drivers/STM32H7xx_HAL_Driver/Src/stm32h7xx_hal.o
                0x0000000008000af4                HAL_GetTick
 .text.HAL_Delay
                0x0000000008000b0c       0x48 ./Drivers/STM32H7xx_HAL_Driver/Src/stm32h7xx_hal.o
                0x0000000008000b0c                HAL_Delay
 .text.HAL_GetREVID
                0x0000000008000b54       0x18 ./Drivers/STM32H7xx_HAL_Driver/Src/stm32h7xx_hal.o
                0x0000000008000b54                HAL_GetREVID
 .text.__NVIC_SetPriorityGrouping
                0x0000000008000b6c       0x48 ./Drivers/STM32H7xx_HAL_Driver/Src/stm32h7xx_hal_cortex.o
 .text.__NVIC_GetPriorityGrouping
                0x0000000008000bb4       0x1c ./Drivers/STM32H7xx_HAL_Driver/Src/stm32h7xx_hal_cortex.o
 .text.__NVIC_SetPriority
                0x0000000008000bd0       0x54 ./Drivers/STM32H7xx_HAL_Driver/Src/stm32h7xx_hal_cortex.o
 .text.NVIC_EncodePriority
                0x0000000008000c24       0x66 ./Drivers/STM32H7xx_HAL_Driver/Src/stm32h7xx_hal_cortex.o
 *fill*         0x0000000008000c8a        0x2 
 .text.SysTick_Config
                0x0000000008000c8c       0x44 ./Drivers/STM32H7xx_HAL_Driver/Src/stm32h7xx_hal_cortex.o
 .text.HAL_NVIC_SetPriorityGrouping
                0x0000000008000cd0       0x16 ./Drivers/STM32H7xx_HAL_Driver/Src/stm32h7xx_hal_cortex.o
                0x0000000008000cd0                HAL_NVIC_SetPriorityGrouping
 .text.HAL_NVIC_SetPriority
                0x0000000008000ce6       0x34 ./Drivers/STM32H7xx_HAL_Driver/Src/stm32h7xx_hal_cortex.o
                0x0000000008000ce6                HAL_NVIC_SetPriority
 .text.HAL_SYSTICK_Config
                0x0000000008000d1a       0x18 ./Drivers/STM32H7xx_HAL_Driver/Src/stm32h7xx_hal_cortex.o
                0x0000000008000d1a                HAL_SYSTICK_Config
 *fill*         0x0000000008000d32        0x2 
 .text.HAL_GPIO_Init
                0x0000000008000d34      0x360 ./Drivers/STM32H7xx_HAL_Driver/Src/stm32h7xx_hal_gpio.o
                0x0000000008000d34                HAL_GPIO_Init
 .text.HAL_I2C_Init
                0x0000000008001094      0x120 ./Drivers/STM32H7xx_HAL_Driver/Src/stm32h7xx_hal_i2c.o
                0x0000000008001094                HAL_I2C_Init
 .text.HAL_I2C_Master_Transmit
                0x00000000080011b4      0x1e8 ./Drivers/STM32H7xx_HAL_Driver/Src/stm32h7xx_hal_i2c.o
                0x00000000080011b4                HAL_I2C_Master_Transmit
 .text.HAL_I2C_Mem_Write
                0x000000000800139c      0x228 ./Drivers/STM32H7xx_HAL_Driver/Src/stm32h7xx_hal_i2c.o
                0x000000000800139c                HAL_I2C_Mem_Write
 .text.I2C_RequestMemoryWrite
                0x00000000080015c4       0xa8 ./Drivers/STM32H7xx_HAL_Driver/Src/stm32h7xx_hal_i2c.o
 .text.I2C_Flush_TXDR
                0x000000000800166c       0x48 ./Drivers/STM32H7xx_HAL_Driver/Src/stm32h7xx_hal_i2c.o
 .text.I2C_WaitOnFlagUntilTimeout
                0x00000000080016b4       0x80 ./Drivers/STM32H7xx_HAL_Driver/Src/stm32h7xx_hal_i2c.o
 .text.I2C_WaitOnTXISFlagUntilTimeout
                0x0000000008001734       0x80 ./Drivers/STM32H7xx_HAL_Driver/Src/stm32h7xx_hal_i2c.o
 .text.I2C_WaitOnSTOPFlagUntilTimeout
                0x00000000080017b4       0x78 ./Drivers/STM32H7xx_HAL_Driver/Src/stm32h7xx_hal_i2c.o
 .text.I2C_IsErrorOccurred
                0x000000000800182c      0x1d8 ./Drivers/STM32H7xx_HAL_Driver/Src/stm32h7xx_hal_i2c.o
 .text.I2C_TransferConfig
                0x0000000008001a04       0x64 ./Drivers/STM32H7xx_HAL_Driver/Src/stm32h7xx_hal_i2c.o
 .text.HAL_I2CEx_ConfigAnalogFilter
                0x0000000008001a68       0x96 ./Drivers/STM32H7xx_HAL_Driver/Src/stm32h7xx_hal_i2c_ex.o
                0x0000000008001a68                HAL_I2CEx_ConfigAnalogFilter
 .text.HAL_I2CEx_ConfigDigitalFilter
                0x0000000008001afe       0x98 ./Drivers/STM32H7xx_HAL_Driver/Src/stm32h7xx_hal_i2c_ex.o
                0x0000000008001afe                HAL_I2CEx_ConfigDigitalFilter
 *fill*         0x0000000008001b96        0x2 
 .text.HAL_PWREx_ConfigSupply
                0x0000000008001b98       0x74 ./Drivers/STM32H7xx_HAL_Driver/Src/stm32h7xx_hal_pwr_ex.o
                0x0000000008001b98                HAL_PWREx_ConfigSupply
 .text.HAL_RCC_OscConfig
                0x0000000008001c0c      0x85c ./Drivers/STM32H7xx_HAL_Driver/Src/stm32h7xx_hal_rcc.o
                0x0000000008001c0c                HAL_RCC_OscConfig
 .text.HAL_RCC_ClockConfig
                0x0000000008002468      0x36c ./Drivers/STM32H7xx_HAL_Driver/Src/stm32h7xx_hal_rcc.o
                0x0000000008002468                HAL_RCC_ClockConfig
 .text.HAL_RCC_GetSysClockFreq
                0x00000000080027d4      0x2f4 ./Drivers/STM32H7xx_HAL_Driver/Src/stm32h7xx_hal_rcc.o
                0x00000000080027d4                HAL_RCC_GetSysClockFreq
 .text.HAL_RCCEx_PeriphCLKConfig
                0x0000000008002ac8      0xe8c ./Drivers/STM32H7xx_HAL_Driver/Src/stm32h7xx_hal_rcc_ex.o
                0x0000000008002ac8                HAL_RCCEx_PeriphCLKConfig
 .text.RCCEx_PLL2_Config
                0x0000000008003954      0x164 ./Drivers/STM32H7xx_HAL_Driver/Src/stm32h7xx_hal_rcc_ex.o
 .text.RCCEx_PLL3_Config
                0x0000000008003ab8      0x164 ./Drivers/STM32H7xx_HAL_Driver/Src/stm32h7xx_hal_rcc_ex.o
 .text.__libc_init_array
                0x0000000008003c1c       0x48 c:/st/stm32cubeide_1.7.0/stm32cubeide/plugins/com.st.stm32cube.ide.mcu.externaltools.gnu-tools-for-stm32.10.3-2021.10.win32_1.0.0.202111181127/tools/bin/../lib/gcc/arm-none-eabi/10.3.1/../../../../arm-none-eabi/lib/thumb/v7e-m+dp/hard\libc_nano.a(lib_a-init.o)
                0x0000000008003c1c                __libc_init_array
 .text.memset   0x0000000008003c64       0x10 c:/st/stm32cubeide_1.7.0/stm32cubeide/plugins/com.st.stm32cube.ide.mcu.externaltools.gnu-tools-for-stm32.10.3-2021.10.win32_1.0.0.202111181127/tools/bin/../lib/gcc/arm-none-eabi/10.3.1/../../../../arm-none-eabi/lib/thumb/v7e-m+dp/hard\libc_nano.a(lib_a-memset.o)
                0x0000000008003c64                memset
 *(.glue_7)
 .glue_7        0x0000000008003c74        0x0 linker stubs
 *(.glue_7t)
 .glue_7t       0x0000000008003c74        0x0 linker stubs
 *(.eh_frame)
 .eh_frame      0x0000000008003c74        0x0 c:/st/stm32cubeide_1.7.0/stm32cubeide/plugins/com.st.stm32cube.ide.mcu.externaltools.gnu-tools-for-stm32.10.3-2021.10.win32_1.0.0.202111181127/tools/bin/../lib/gcc/arm-none-eabi/10.3.1/thumb/v7e-m+dp/hard/crtbegin.o
 *(.init)
 .init          0x0000000008003c74        0x4 c:/st/stm32cubeide_1.7.0/stm32cubeide/plugins/com.st.stm32cube.ide.mcu.externaltools.gnu-tools-for-stm32.10.3-2021.10.win32_1.0.0.202111181127/tools/bin/../lib/gcc/arm-none-eabi/10.3.1/thumb/v7e-m+dp/hard/crti.o
                0x0000000008003c74                _init
 .init          0x0000000008003c78        0x8 c:/st/stm32cubeide_1.7.0/stm32cubeide/plugins/com.st.stm32cube.ide.mcu.externaltools.gnu-tools-for-stm32.10.3-2021.10.win32_1.0.0.202111181127/tools/bin/../lib/gcc/arm-none-eabi/10.3.1/thumb/v7e-m+dp/hard/crtn.o
 *(.fini)
 .fini          0x0000000008003c80        0x4 c:/st/stm32cubeide_1.7.0/stm32cubeide/plugins/com.st.stm32cube.ide.mcu.externaltools.gnu-tools-for-stm32.10.3-2021.10.win32_1.0.0.202111181127/tools/bin/../lib/gcc/arm-none-eabi/10.3.1/thumb/v7e-m+dp/hard/crti.o
                0x0000000008003c80                _fini
 .fini          0x0000000008003c84        0x8 c:/st/stm32cubeide_1.7.0/stm32cubeide/plugins/com.st.stm32cube.ide.mcu.externaltools.gnu-tools-for-stm32.10.3-2021.10.win32_1.0.0.202111181127/tools/bin/../lib/gcc/arm-none-eabi/10.3.1/thumb/v7e-m+dp/hard/crtn.o
                0x0000000008003c8c                . = ALIGN (0x4)
                0x0000000008003c8c                _etext = .

.vfp11_veneer   0x0000000008003c8c        0x0
 .vfp11_veneer  0x0000000008003c8c        0x0 linker stubs

.v4_bx          0x0000000008003c8c        0x0
 .v4_bx         0x0000000008003c8c        0x0 linker stubs

.iplt           0x0000000008003c8c        0x0
 .iplt          0x0000000008003c8c        0x0 c:/st/stm32cubeide_1.7.0/stm32cubeide/plugins/com.st.stm32cube.ide.mcu.externaltools.gnu-tools-for-stm32.10.3-2021.10.win32_1.0.0.202111181127/tools/bin/../lib/gcc/arm-none-eabi/10.3.1/thumb/v7e-m+dp/hard/crtbegin.o

.rodata         0x0000000008003c8c       0x4c
                0x0000000008003c8c                . = ALIGN (0x4)
 *(.rodata)
 .rodata        0x0000000008003c8c       0x3a ./Drivers/HW/ssd1305_i2c/ssd1305_i2c.o
 *(.rodata*)
 *fill*         0x0000000008003cc6        0x2 
 .rodata.D1CorePrescTable
                0x0000000008003cc8       0x10 ./Core/Src/system_stm32h7xx.o
                0x0000000008003cc8                D1CorePrescTable
                0x0000000008003cd8                . = ALIGN (0x4)

.rel.dyn        0x0000000008003cd8        0x0
 .rel.iplt      0x0000000008003cd8        0x0 c:/st/stm32cubeide_1.7.0/stm32cubeide/plugins/com.st.stm32cube.ide.mcu.externaltools.gnu-tools-for-stm32.10.3-2021.10.win32_1.0.0.202111181127/tools/bin/../lib/gcc/arm-none-eabi/10.3.1/thumb/v7e-m+dp/hard/crtbegin.o

.ARM.extab
 *(.ARM.extab* .gnu.linkonce.armextab.*)

.ARM            0x0000000008003cd8        0x0
                0x0000000008003cd8                __exidx_start = .
 *(.ARM.exidx*)
                0x0000000008003cd8                __exidx_end = .

.preinit_array  0x0000000008003cd8        0x0
                0x0000000008003cd8                PROVIDE (__preinit_array_start = .)
 *(.preinit_array*)
                0x0000000008003cd8                PROVIDE (__preinit_array_end = .)

.init_array     0x0000000008003cd8        0x4
                0x0000000008003cd8                PROVIDE (__init_array_start = .)
 *(SORT_BY_NAME(.init_array.*))
 *(.init_array*)
 .init_array    0x0000000008003cd8        0x4 c:/st/stm32cubeide_1.7.0/stm32cubeide/plugins/com.st.stm32cube.ide.mcu.externaltools.gnu-tools-for-stm32.10.3-2021.10.win32_1.0.0.202111181127/tools/bin/../lib/gcc/arm-none-eabi/10.3.1/thumb/v7e-m+dp/hard/crtbegin.o
                0x0000000008003cdc                PROVIDE (__init_array_end = .)

.fini_array     0x0000000008003cdc        0x4
                [!provide]                        PROVIDE (__fini_array_start = .)
 *(SORT_BY_NAME(.fini_array.*))
 *(.fini_array*)
 .fini_array    0x0000000008003cdc        0x4 c:/st/stm32cubeide_1.7.0/stm32cubeide/plugins/com.st.stm32cube.ide.mcu.externaltools.gnu-tools-for-stm32.10.3-2021.10.win32_1.0.0.202111181127/tools/bin/../lib/gcc/arm-none-eabi/10.3.1/thumb/v7e-m+dp/hard/crtbegin.o
                [!provide]                        PROVIDE (__fini_array_end = .)
                0x0000000008003ce0                _sidata = LOADADDR (.data)

.data           0x0000000024000000      0x210 load address 0x0000000008003ce0
                0x0000000024000000                . = ALIGN (0x4)
                0x0000000024000000                _sdata = .
 *(.data)
 *(.data*)
 .data.SystemCoreClock
                0x0000000024000000        0x4 ./Core/Src/system_stm32h7xx.o
                0x0000000024000000                SystemCoreClock
 .data.SystemD2Clock
                0x0000000024000004        0x4 ./Core/Src/system_stm32h7xx.o
                0x0000000024000004                SystemD2Clock
 .data.picture  0x0000000024000008      0x200 ./Drivers/HW/ssd1305_i2c/ssd1305_i2c.o
                0x0000000024000008                picture
 .data.uwTickPrio
                0x0000000024000208        0x4 ./Drivers/STM32H7xx_HAL_Driver/Src/stm32h7xx_hal.o
                0x0000000024000208                uwTickPrio
 .data.uwTickFreq
                0x000000002400020c        0x1 ./Drivers/STM32H7xx_HAL_Driver/Src/stm32h7xx_hal.o
                0x000000002400020c                uwTickFreq
 *(.RamFunc)
 *(.RamFunc*)
                0x0000000024000210                . = ALIGN (0x4)
 *fill*         0x000000002400020d        0x3 
                0x0000000024000210                _edata = .

.igot.plt       0x0000000024000210        0x0 load address 0x0000000008003ef0
 .igot.plt      0x0000000024000210        0x0 c:/st/stm32cubeide_1.7.0/stm32cubeide/plugins/com.st.stm32cube.ide.mcu.externaltools.gnu-tools-for-stm32.10.3-2021.10.win32_1.0.0.202111181127/tools/bin/../lib/gcc/arm-none-eabi/10.3.1/thumb/v7e-m+dp/hard/crtbegin.o
                0x0000000024000210                . = ALIGN (0x4)

.bss            0x0000000024000210       0x6c load address 0x0000000008003ef0
                0x0000000024000210                _sbss = .
                0x0000000024000210                __bss_start__ = _sbss
 *(.bss)
 .bss           0x0000000024000210       0x1c c:/st/stm32cubeide_1.7.0/stm32cubeide/plugins/com.st.stm32cube.ide.mcu.externaltools.gnu-tools-for-stm32.10.3-2021.10.win32_1.0.0.202111181127/tools/bin/../lib/gcc/arm-none-eabi/10.3.1/thumb/v7e-m+dp/hard/crtbegin.o
 *(.bss*)
 .bss.hi2c1     0x000000002400022c       0x4c ./Core/Src/i2c.o
                0x000000002400022c                hi2c1
 .bss.uwTick    0x0000000024000278        0x4 ./Drivers/STM32H7xx_HAL_Driver/Src/stm32h7xx_hal.o
                0x0000000024000278                uwTick
 *(COMMON)
                0x000000002400027c                . = ALIGN (0x4)
                0x000000002400027c                _ebss = .
                0x000000002400027c                __bss_end__ = _ebss

._user_heap_stack
                0x000000002400027c      0x604 load address 0x0000000008003ef0
                0x0000000024000280                . = ALIGN (0x8)
 *fill*         0x000000002400027c        0x4 
                [!provide]                        PROVIDE (end = .)
                0x0000000024000280                PROVIDE (_end = .)
                0x0000000024000480                . = (. + _Min_Heap_Size)
 *fill*         0x0000000024000280      0x200 
                0x0000000024000880                . = (. + _Min_Stack_Size)
 *fill*         0x0000000024000480      0x400 
                0x0000000024000880                . = ALIGN (0x8)

/DISCARD/
 libc.a(*)
 libm.a(*)
 libgcc.a(*)

.ARM.attributes
                0x0000000000000000       0x2e
 *(.ARM.attributes)
 .ARM.attributes
                0x0000000000000000       0x1e c:/st/stm32cubeide_1.7.0/stm32cubeide/plugins/com.st.stm32cube.ide.mcu.externaltools.gnu-tools-for-stm32.10.3-2021.10.win32_1.0.0.202111181127/tools/bin/../lib/gcc/arm-none-eabi/10.3.1/thumb/v7e-m+dp/hard/crti.o
 .ARM.attributes
                0x000000000000001e       0x32 c:/st/stm32cubeide_1.7.0/stm32cubeide/plugins/com.st.stm32cube.ide.mcu.externaltools.gnu-tools-for-stm32.10.3-2021.10.win32_1.0.0.202111181127/tools/bin/../lib/gcc/arm-none-eabi/10.3.1/thumb/v7e-m+dp/hard/crtbegin.o
 .ARM.attributes
                0x0000000000000050       0x32 ./Core/Src/gpio.o
 .ARM.attributes
                0x0000000000000082       0x32 ./Core/Src/i2c.o
 .ARM.attributes
                0x00000000000000b4       0x32 ./Core/Src/main.o
 .ARM.attributes
                0x00000000000000e6       0x32 ./Core/Src/stm32h7xx_hal_msp.o
 .ARM.attributes
                0x0000000000000118       0x32 ./Core/Src/stm32h7xx_it.o
 .ARM.attributes
                0x000000000000014a       0x32 ./Core/Src/system_stm32h7xx.o
 .ARM.attributes
                0x000000000000017c       0x21 ./Core/Startup/startup_stm32h750vbtx.o
 .ARM.attributes
                0x000000000000019d       0x32 ./Drivers/HW/ssd1305_i2c/ssd1305_i2c.o
 .ARM.attributes
                0x00000000000001cf       0x32 ./Drivers/STM32H7xx_HAL_Driver/Src/stm32h7xx_hal.o
 .ARM.attributes
                0x0000000000000201       0x32 ./Drivers/STM32H7xx_HAL_Driver/Src/stm32h7xx_hal_cortex.o
 .ARM.attributes
                0x0000000000000233       0x32 ./Drivers/STM32H7xx_HAL_Driver/Src/stm32h7xx_hal_gpio.o
 .ARM.attributes
                0x0000000000000265       0x32 ./Drivers/STM32H7xx_HAL_Driver/Src/stm32h7xx_hal_i2c.o
 .ARM.attributes
                0x0000000000000297       0x32 ./Drivers/STM32H7xx_HAL_Driver/Src/stm32h7xx_hal_i2c_ex.o
 .ARM.attributes
                0x00000000000002c9       0x32 ./Drivers/STM32H7xx_HAL_Driver/Src/stm32h7xx_hal_pwr_ex.o
 .ARM.attributes
                0x00000000000002fb       0x32 ./Drivers/STM32H7xx_HAL_Driver/Src/stm32h7xx_hal_rcc.o
 .ARM.attributes
                0x000000000000032d       0x32 ./Drivers/STM32H7xx_HAL_Driver/Src/stm32h7xx_hal_rcc_ex.o
 .ARM.attributes
                0x000000000000035f       0x32 c:/st/stm32cubeide_1.7.0/stm32cubeide/plugins/com.st.stm32cube.ide.mcu.externaltools.gnu-tools-for-stm32.10.3-2021.10.win32_1.0.0.202111181127/tools/bin/../lib/gcc/arm-none-eabi/10.3.1/../../../../arm-none-eabi/lib/thumb/v7e-m+dp/hard\libc_nano.a(lib_a-init.o)
 .ARM.attributes
                0x0000000000000391       0x32 c:/st/stm32cubeide_1.7.0/stm32cubeide/plugins/com.st.stm32cube.ide.mcu.externaltools.gnu-tools-for-stm32.10.3-2021.10.win32_1.0.0.202111181127/tools/bin/../lib/gcc/arm-none-eabi/10.3.1/../../../../arm-none-eabi/lib/thumb/v7e-m+dp/hard\libc_nano.a(lib_a-memset.o)
 .ARM.attributes
                0x00000000000003c3       0x1e c:/st/stm32cubeide_1.7.0/stm32cubeide/plugins/com.st.stm32cube.ide.mcu.externaltools.gnu-tools-for-stm32.10.3-2021.10.win32_1.0.0.202111181127/tools/bin/../lib/gcc/arm-none-eabi/10.3.1/thumb/v7e-m+dp/hard/crtn.o
OUTPUT(ProtoStack_H750_testLCDsmall.elf elf32-littlearm)
LOAD linker stubs
LOAD c:/st/stm32cubeide_1.7.0/stm32cubeide/plugins/com.st.stm32cube.ide.mcu.externaltools.gnu-tools-for-stm32.10.3-2021.10.win32_1.0.0.202111181127/tools/bin/../lib/gcc/arm-none-eabi/10.3.1/../../../../arm-none-eabi/lib/thumb/v7e-m+dp/hard\libc.a
LOAD c:/st/stm32cubeide_1.7.0/stm32cubeide/plugins/com.st.stm32cube.ide.mcu.externaltools.gnu-tools-for-stm32.10.3-2021.10.win32_1.0.0.202111181127/tools/bin/../lib/gcc/arm-none-eabi/10.3.1/../../../../arm-none-eabi/lib/thumb/v7e-m+dp/hard\libm.a
LOAD c:/st/stm32cubeide_1.7.0/stm32cubeide/plugins/com.st.stm32cube.ide.mcu.externaltools.gnu-tools-for-stm32.10.3-2021.10.win32_1.0.0.202111181127/tools/bin/../lib/gcc/arm-none-eabi/10.3.1/thumb/v7e-m+dp/hard\libgcc.a

.debug_info     0x0000000000000000     0xd4e1
 .debug_info    0x0000000000000000      0x4de ./Core/Src/gpio.o
 .debug_info    0x00000000000004de     0x1024 ./Core/Src/i2c.o
 .debug_info    0x0000000000001502      0xa5f ./Core/Src/main.o
 .debug_info    0x0000000000001f61      0x4a4 ./Core/Src/stm32h7xx_hal_msp.o
 .debug_info    0x0000000000002405      0x137 ./Core/Src/stm32h7xx_it.o
 .debug_info    0x000000000000253c      0xd07 ./Core/Src/system_stm32h7xx.o
 .debug_info    0x0000000000003243       0x22 ./Core/Startup/startup_stm32h750vbtx.o
 .debug_info    0x0000000000003265      0x97d ./Drivers/HW/ssd1305_i2c/ssd1305_i2c.o
 .debug_info    0x0000000000003be2     0x15dd ./Drivers/STM32H7xx_HAL_Driver/Src/stm32h7xx_hal.o
 .debug_info    0x00000000000051bf     0x1173 ./Drivers/STM32H7xx_HAL_Driver/Src/stm32h7xx_hal_cortex.o
 .debug_info    0x0000000000006332      0xd28 ./Drivers/STM32H7xx_HAL_Driver/Src/stm32h7xx_hal_gpio.o
 .debug_info    0x000000000000705a     0x23b3 ./Drivers/STM32H7xx_HAL_Driver/Src/stm32h7xx_hal_i2c.o
 .debug_info    0x000000000000940d      0xe39 ./Drivers/STM32H7xx_HAL_Driver/Src/stm32h7xx_hal_i2c_ex.o
 .debug_info    0x000000000000a246     0x109d ./Drivers/STM32H7xx_HAL_Driver/Src/stm32h7xx_hal_pwr_ex.o
 .debug_info    0x000000000000b2e3      0xf4a ./Drivers/STM32H7xx_HAL_Driver/Src/stm32h7xx_hal_rcc.o
 .debug_info    0x000000000000c22d     0x12b4 ./Drivers/STM32H7xx_HAL_Driver/Src/stm32h7xx_hal_rcc_ex.o

.debug_abbrev   0x0000000000000000     0x1d07
 .debug_abbrev  0x0000000000000000       0xe5 ./Core/Src/gpio.o
 .debug_abbrev  0x00000000000000e5      0x237 ./Core/Src/i2c.o
 .debug_abbrev  0x000000000000031c      0x1fd ./Core/Src/main.o
 .debug_abbrev  0x0000000000000519       0xda ./Core/Src/stm32h7xx_hal_msp.o
 .debug_abbrev  0x00000000000005f3       0x74 ./Core/Src/stm32h7xx_it.o
 .debug_abbrev  0x0000000000000667      0x147 ./Core/Src/system_stm32h7xx.o
 .debug_abbrev  0x00000000000007ae       0x12 ./Core/Startup/startup_stm32h750vbtx.o
 .debug_abbrev  0x00000000000007c0      0x1e2 ./Drivers/HW/ssd1305_i2c/ssd1305_i2c.o
 .debug_abbrev  0x00000000000009a2      0x289 ./Drivers/STM32H7xx_HAL_Driver/Src/stm32h7xx_hal.o
 .debug_abbrev  0x0000000000000c2b      0x329 ./Drivers/STM32H7xx_HAL_Driver/Src/stm32h7xx_hal_cortex.o
 .debug_abbrev  0x0000000000000f54      0x1ec ./Drivers/STM32H7xx_HAL_Driver/Src/stm32h7xx_hal_gpio.o
 .debug_abbrev  0x0000000000001140      0x243 ./Drivers/STM32H7xx_HAL_Driver/Src/stm32h7xx_hal_i2c.o
 .debug_abbrev  0x0000000000001383      0x1e1 ./Drivers/STM32H7xx_HAL_Driver/Src/stm32h7xx_hal_i2c_ex.o
 .debug_abbrev  0x0000000000001564      0x28f ./Drivers/STM32H7xx_HAL_Driver/Src/stm32h7xx_hal_pwr_ex.o
 .debug_abbrev  0x00000000000017f3      0x2b8 ./Drivers/STM32H7xx_HAL_Driver/Src/stm32h7xx_hal_rcc.o
 .debug_abbrev  0x0000000000001aab      0x25c ./Drivers/STM32H7xx_HAL_Driver/Src/stm32h7xx_hal_rcc_ex.o

.debug_aranges  0x0000000000000000      0xa60
 .debug_aranges
                0x0000000000000000       0x20 ./Core/Src/gpio.o
 .debug_aranges
                0x0000000000000020       0x30 ./Core/Src/i2c.o
 .debug_aranges
                0x0000000000000050       0x30 ./Core/Src/main.o
 .debug_aranges
                0x0000000000000080       0x20 ./Core/Src/stm32h7xx_hal_msp.o
 .debug_aranges
                0x00000000000000a0       0x60 ./Core/Src/stm32h7xx_it.o
 .debug_aranges
                0x0000000000000100       0x28 ./Core/Src/system_stm32h7xx.o
 .debug_aranges
                0x0000000000000128       0x28 ./Core/Startup/startup_stm32h750vbtx.o
 .debug_aranges
                0x0000000000000150       0x50 ./Drivers/HW/ssd1305_i2c/ssd1305_i2c.o
 .debug_aranges
                0x00000000000001a0      0x198 ./Drivers/STM32H7xx_HAL_Driver/Src/stm32h7xx_hal.o
 .debug_aranges
                0x0000000000000338      0x120 ./Drivers/STM32H7xx_HAL_Driver/Src/stm32h7xx_hal_cortex.o
 .debug_aranges
                0x0000000000000458       0x58 ./Drivers/STM32H7xx_HAL_Driver/Src/stm32h7xx_hal_gpio.o
 .debug_aranges
                0x00000000000004b0      0x290 ./Drivers/STM32H7xx_HAL_Driver/Src/stm32h7xx_hal_i2c.o
 .debug_aranges
                0x0000000000000740       0x48 ./Drivers/STM32H7xx_HAL_Driver/Src/stm32h7xx_hal_i2c_ex.o
 .debug_aranges
                0x0000000000000788      0x158 ./Drivers/STM32H7xx_HAL_Driver/Src/stm32h7xx_hal_pwr_ex.o
 .debug_aranges
                0x00000000000008e0       0x88 ./Drivers/STM32H7xx_HAL_Driver/Src/stm32h7xx_hal_rcc.o
 .debug_aranges
                0x0000000000000968       0xf8 ./Drivers/STM32H7xx_HAL_Driver/Src/stm32h7xx_hal_rcc_ex.o

.debug_ranges   0x0000000000000000      0x968
 .debug_ranges  0x0000000000000000       0x10 ./Core/Src/gpio.o
 .debug_ranges  0x0000000000000010       0x20 ./Core/Src/i2c.o
 .debug_ranges  0x0000000000000030       0x20 ./Core/Src/main.o
 .debug_ranges  0x0000000000000050       0x10 ./Core/Src/stm32h7xx_hal_msp.o
 .debug_ranges  0x0000000000000060       0x50 ./Core/Src/stm32h7xx_it.o
 .debug_ranges  0x00000000000000b0       0x18 ./Core/Src/system_stm32h7xx.o
 .debug_ranges  0x00000000000000c8       0x20 ./Core/Startup/startup_stm32h750vbtx.o
 .debug_ranges  0x00000000000000e8       0x40 ./Drivers/HW/ssd1305_i2c/ssd1305_i2c.o
 .debug_ranges  0x0000000000000128      0x188 ./Drivers/STM32H7xx_HAL_Driver/Src/stm32h7xx_hal.o
 .debug_ranges  0x00000000000002b0      0x110 ./Drivers/STM32H7xx_HAL_Driver/Src/stm32h7xx_hal_cortex.o
 .debug_ranges  0x00000000000003c0       0x48 ./Drivers/STM32H7xx_HAL_Driver/Src/stm32h7xx_hal_gpio.o
 .debug_ranges  0x0000000000000408      0x280 ./Drivers/STM32H7xx_HAL_Driver/Src/stm32h7xx_hal_i2c.o
 .debug_ranges  0x0000000000000688       0x38 ./Drivers/STM32H7xx_HAL_Driver/Src/stm32h7xx_hal_i2c_ex.o
 .debug_ranges  0x00000000000006c0      0x148 ./Drivers/STM32H7xx_HAL_Driver/Src/stm32h7xx_hal_pwr_ex.o
 .debug_ranges  0x0000000000000808       0x78 ./Drivers/STM32H7xx_HAL_Driver/Src/stm32h7xx_hal_rcc.o
 .debug_ranges  0x0000000000000880       0xe8 ./Drivers/STM32H7xx_HAL_Driver/Src/stm32h7xx_hal_rcc_ex.o

.debug_macro    0x0000000000000000    0x35a99
 .debug_macro   0x0000000000000000      0x294 ./Core/Src/gpio.o
 .debug_macro   0x0000000000000294      0xa90 ./Core/Src/gpio.o
 .debug_macro   0x0000000000000d24      0x22c ./Core/Src/gpio.o
 .debug_macro   0x0000000000000f50       0x2e ./Core/Src/gpio.o
 .debug_macro   0x0000000000000f7e       0x3b ./Core/Src/gpio.o
 .debug_macro   0x0000000000000fb9       0x22 ./Core/Src/gpio.o
 .debug_macro   0x0000000000000fdb       0x8e ./Core/Src/gpio.o
 .debug_macro   0x0000000000001069       0x51 ./Core/Src/gpio.o
 .debug_macro   0x00000000000010ba      0x103 ./Core/Src/gpio.o
 .debug_macro   0x00000000000011bd       0x6a ./Core/Src/gpio.o
 .debug_macro   0x0000000000001227      0x1df ./Core/Src/gpio.o
 .debug_macro   0x0000000000001406       0x1c ./Core/Src/gpio.o
 .debug_macro   0x0000000000001422       0x22 ./Core/Src/gpio.o
 .debug_macro   0x0000000000001444       0xfb ./Core/Src/gpio.o
 .debug_macro   0x000000000000153f     0x1305 ./Core/Src/gpio.o
 .debug_macro   0x0000000000002844      0x11f ./Core/Src/gpio.o
 .debug_macro   0x0000000000002963       0x27 ./Core/Src/gpio.o
 .debug_macro   0x000000000000298a    0x25e6f ./Core/Src/gpio.o
 .debug_macro   0x00000000000287f9       0x6d ./Core/Src/gpio.o
 .debug_macro   0x0000000000028866     0x3d22 ./Core/Src/gpio.o
 .debug_macro   0x000000000002c588      0x174 ./Core/Src/gpio.o
 .debug_macro   0x000000000002c6fc       0x52 ./Core/Src/gpio.o
 .debug_macro   0x000000000002c74e       0x1d ./Core/Src/gpio.o
 .debug_macro   0x000000000002c76b       0x3c ./Core/Src/gpio.o
 .debug_macro   0x000000000002c7a7       0x34 ./Core/Src/gpio.o
 .debug_macro   0x000000000002c7db       0x16 ./Core/Src/gpio.o
 .debug_macro   0x000000000002c7f1       0x43 ./Core/Src/gpio.o
 .debug_macro   0x000000000002c834       0x34 ./Core/Src/gpio.o
 .debug_macro   0x000000000002c868       0x10 ./Core/Src/gpio.o
 .debug_macro   0x000000000002c878       0x58 ./Core/Src/gpio.o
 .debug_macro   0x000000000002c8d0       0x71 ./Core/Src/gpio.o
 .debug_macro   0x000000000002c941       0x1c ./Core/Src/gpio.o
 .debug_macro   0x000000000002c95d      0x12a ./Core/Src/gpio.o
 .debug_macro   0x000000000002ca87      0x341 ./Core/Src/gpio.o
 .debug_macro   0x000000000002cdc8      0x19b ./Core/Src/gpio.o
 .debug_macro   0x000000000002cf63       0x5d ./Core/Src/gpio.o
 .debug_macro   0x000000000002cfc0     0x240e ./Core/Src/gpio.o
 .debug_macro   0x000000000002f3ce     0x1002 ./Core/Src/gpio.o
 .debug_macro   0x00000000000303d0      0x14d ./Core/Src/gpio.o
 .debug_macro   0x000000000003051d      0x114 ./Core/Src/gpio.o
 .debug_macro   0x0000000000030631      0x3b2 ./Core/Src/gpio.o
 .debug_macro   0x00000000000309e3       0xac ./Core/Src/gpio.o
 .debug_macro   0x0000000000030a8f      0x72d ./Core/Src/gpio.o
 .debug_macro   0x00000000000311bc      0x228 ./Core/Src/gpio.o
 .debug_macro   0x00000000000313e4       0x66 ./Core/Src/gpio.o
 .debug_macro   0x000000000003144a      0x3bb ./Core/Src/gpio.o
 .debug_macro   0x0000000000031805      0x3e4 ./Core/Src/gpio.o
 .debug_macro   0x0000000000031be9      0x275 ./Core/Src/gpio.o
 .debug_macro   0x0000000000031e5e      0x3ca ./Core/Src/gpio.o
 .debug_macro   0x0000000000032228      0x3de ./Core/Src/gpio.o
 .debug_macro   0x0000000000032606       0x3c ./Core/Src/gpio.o
 .debug_macro   0x0000000000032642       0x4a ./Core/Src/gpio.o
 .debug_macro   0x000000000003268c      0x22c ./Core/Src/gpio.o
 .debug_macro   0x00000000000328b8       0x67 ./Core/Src/gpio.o
 .debug_macro   0x000000000003291f       0xa5 ./Core/Src/gpio.o
 .debug_macro   0x00000000000329c4      0x1c4 ./Core/Src/gpio.o
 .debug_macro   0x0000000000032b88      0x25e ./Core/Src/gpio.o
 .debug_macro   0x0000000000032de6       0x35 ./Core/Src/gpio.o
 .debug_macro   0x0000000000032e1b      0x5a0 ./Core/Src/gpio.o
 .debug_macro   0x00000000000333bb      0x294 ./Core/Src/i2c.o
 .debug_macro   0x000000000003364f      0x2ab ./Core/Src/main.o
 .debug_macro   0x00000000000338fa       0xf4 ./Core/Src/main.o
 .debug_macro   0x00000000000339ee      0x28a ./Core/Src/stm32h7xx_hal_msp.o
 .debug_macro   0x0000000000033c78      0x294 ./Core/Src/stm32h7xx_it.o
 .debug_macro   0x0000000000033f0c      0x280 ./Core/Src/system_stm32h7xx.o
 .debug_macro   0x000000000003418c      0x2a7 ./Drivers/HW/ssd1305_i2c/ssd1305_i2c.o
 .debug_macro   0x0000000000034433       0xee ./Drivers/HW/ssd1305_i2c/ssd1305_i2c.o
 .debug_macro   0x0000000000034521      0x2aa ./Drivers/STM32H7xx_HAL_Driver/Src/stm32h7xx_hal.o
 .debug_macro   0x00000000000347cb      0x280 ./Drivers/STM32H7xx_HAL_Driver/Src/stm32h7xx_hal_cortex.o
 .debug_macro   0x0000000000034a4b      0x287 ./Drivers/STM32H7xx_HAL_Driver/Src/stm32h7xx_hal_gpio.o
 .debug_macro   0x0000000000034cd2      0x34c ./Drivers/STM32H7xx_HAL_Driver/Src/stm32h7xx_hal_i2c.o
 .debug_macro   0x000000000003501e      0x280 ./Drivers/STM32H7xx_HAL_Driver/Src/stm32h7xx_hal_i2c_ex.o
 .debug_macro   0x000000000003529e      0x2b9 ./Drivers/STM32H7xx_HAL_Driver/Src/stm32h7xx_hal_pwr_ex.o
 .debug_macro   0x0000000000035557      0x2a4 ./Drivers/STM32H7xx_HAL_Driver/Src/stm32h7xx_hal_rcc.o
 .debug_macro   0x00000000000357fb      0x29e ./Drivers/STM32H7xx_HAL_Driver/Src/stm32h7xx_hal_rcc_ex.o

.debug_line     0x0000000000000000     0xe28d
 .debug_line    0x0000000000000000      0x7e0 ./Core/Src/gpio.o
 .debug_line    0x00000000000007e0      0x871 ./Core/Src/i2c.o
 .debug_line    0x0000000000001051      0x8d4 ./Core/Src/main.o
 .debug_line    0x0000000000001925      0x7e1 ./Core/Src/stm32h7xx_hal_msp.o
 .debug_line    0x0000000000002106      0x8a5 ./Core/Src/stm32h7xx_it.o
 .debug_line    0x00000000000029ab      0x992 ./Core/Src/system_stm32h7xx.o
 .debug_line    0x000000000000333d       0x88 ./Core/Startup/startup_stm32h750vbtx.o
 .debug_line    0x00000000000033c5      0x947 ./Drivers/HW/ssd1305_i2c/ssd1305_i2c.o
 .debug_line    0x0000000000003d0c      0xd90 ./Drivers/STM32H7xx_HAL_Driver/Src/stm32h7xx_hal.o
 .debug_line    0x0000000000004a9c      0xd96 ./Drivers/STM32H7xx_HAL_Driver/Src/stm32h7xx_hal_cortex.o
 .debug_line    0x0000000000005832      0xc53 ./Drivers/STM32H7xx_HAL_Driver/Src/stm32h7xx_hal_gpio.o
 .debug_line    0x0000000000006485     0x37a8 ./Drivers/STM32H7xx_HAL_Driver/Src/stm32h7xx_hal_i2c.o
 .debug_line    0x0000000000009c2d      0xa00 ./Drivers/STM32H7xx_HAL_Driver/Src/stm32h7xx_hal_i2c_ex.o
 .debug_line    0x000000000000a62d      0xeaa ./Drivers/STM32H7xx_HAL_Driver/Src/stm32h7xx_hal_pwr_ex.o
 .debug_line    0x000000000000b4d7     0x12fe ./Drivers/STM32H7xx_HAL_Driver/Src/stm32h7xx_hal_rcc.o
 .debug_line    0x000000000000c7d5     0x1ab8 ./Drivers/STM32H7xx_HAL_Driver/Src/stm32h7xx_hal_rcc_ex.o

.debug_str      0x0000000000000000   0x1518f1
 .debug_str     0x0000000000000000   0x14d18c ./Core/Src/gpio.o
                                     0x14d5c0 (size before relaxing)
 .debug_str     0x000000000014d18c      0x99f ./Core/Src/i2c.o
                                     0x14e033 (size before relaxing)
 .debug_str     0x000000000014db2b      0x6a4 ./Core/Src/main.o
                                     0x14dcb9 (size before relaxing)
 .debug_str     0x000000000014e1cf       0x2c ./Core/Src/stm32h7xx_hal_msp.o
                                     0x14d5c0 (size before relaxing)
 .debug_str     0x000000000014e1fb       0xc9 ./Core/Src/stm32h7xx_it.o
                                     0x14d41f (size before relaxing)
 .debug_str     0x000000000014e2c4      0x344 ./Core/Src/system_stm32h7xx.o
                                     0x14d8f3 (size before relaxing)
 .debug_str     0x000000000014e608       0x36 ./Core/Startup/startup_stm32h750vbtx.o
                                         0x7e (size before relaxing)
 .debug_str     0x000000000014e63e      0x104 ./Drivers/HW/ssd1305_i2c/ssd1305_i2c.o
                                     0x14de9b (size before relaxing)
 .debug_str     0x000000000014e742      0xfca ./Drivers/STM32H7xx_HAL_Driver/Src/stm32h7xx_hal.o
                                     0x14e818 (size before relaxing)
 .debug_str     0x000000000014f70c      0x35a ./Drivers/STM32H7xx_HAL_Driver/Src/stm32h7xx_hal_cortex.o
                                     0x14e21b (size before relaxing)
 .debug_str     0x000000000014fa66      0x12d ./Drivers/STM32H7xx_HAL_Driver/Src/stm32h7xx_hal_gpio.o
                                     0x14d8aa (size before relaxing)
 .debug_str     0x000000000014fb93      0xdf3 ./Drivers/STM32H7xx_HAL_Driver/Src/stm32h7xx_hal_i2c.o
                                     0x14e90f (size before relaxing)
 .debug_str     0x0000000000150986       0xb8 ./Drivers/STM32H7xx_HAL_Driver/Src/stm32h7xx_hal_i2c_ex.o
                                     0x14dd03 (size before relaxing)
 .debug_str     0x0000000000150a3e      0x642 ./Drivers/STM32H7xx_HAL_Driver/Src/stm32h7xx_hal_pwr_ex.o
                                     0x14dd6b (size before relaxing)
 .debug_str     0x0000000000151080      0x22e ./Drivers/STM32H7xx_HAL_Driver/Src/stm32h7xx_hal_rcc.o
                                     0x14dc8e (size before relaxing)
 .debug_str     0x00000000001512ae      0x643 ./Drivers/STM32H7xx_HAL_Driver/Src/stm32h7xx_hal_rcc_ex.o
                                     0x14e146 (size before relaxing)

.comment        0x0000000000000000       0x50
 .comment       0x0000000000000000       0x50 ./Core/Src/gpio.o
                                         0x51 (size before relaxing)
 .comment       0x0000000000000050       0x51 ./Core/Src/i2c.o
 .comment       0x0000000000000050       0x51 ./Core/Src/main.o
 .comment       0x0000000000000050       0x51 ./Core/Src/stm32h7xx_hal_msp.o
 .comment       0x0000000000000050       0x51 ./Core/Src/stm32h7xx_it.o
 .comment       0x0000000000000050       0x51 ./Core/Src/system_stm32h7xx.o
 .comment       0x0000000000000050       0x51 ./Drivers/HW/ssd1305_i2c/ssd1305_i2c.o
 .comment       0x0000000000000050       0x51 ./Drivers/STM32H7xx_HAL_Driver/Src/stm32h7xx_hal.o
 .comment       0x0000000000000050       0x51 ./Drivers/STM32H7xx_HAL_Driver/Src/stm32h7xx_hal_cortex.o
 .comment       0x0000000000000050       0x51 ./Drivers/STM32H7xx_HAL_Driver/Src/stm32h7xx_hal_gpio.o
 .comment       0x0000000000000050       0x51 ./Drivers/STM32H7xx_HAL_Driver/Src/stm32h7xx_hal_i2c.o
 .comment       0x0000000000000050       0x51 ./Drivers/STM32H7xx_HAL_Driver/Src/stm32h7xx_hal_i2c_ex.o
 .comment       0x0000000000000050       0x51 ./Drivers/STM32H7xx_HAL_Driver/Src/stm32h7xx_hal_pwr_ex.o
 .comment       0x0000000000000050       0x51 ./Drivers/STM32H7xx_HAL_Driver/Src/stm32h7xx_hal_rcc.o
 .comment       0x0000000000000050       0x51 ./Drivers/STM32H7xx_HAL_Driver/Src/stm32h7xx_hal_rcc_ex.o

.debug_frame    0x0000000000000000     0x28fc
 .debug_frame   0x0000000000000000       0x38 ./Core/Src/gpio.o
 .debug_frame   0x0000000000000038       0x78 ./Core/Src/i2c.o
 .debug_frame   0x00000000000000b0       0x6c ./Core/Src/main.o
 .debug_frame   0x000000000000011c       0x38 ./Core/Src/stm32h7xx_hal_msp.o
 .debug_frame   0x0000000000000154      0x104 ./Core/Src/stm32h7xx_it.o
 .debug_frame   0x0000000000000258       0x58 ./Core/Src/system_stm32h7xx.o
 .debug_frame   0x00000000000002b0      0x110 ./Drivers/HW/ssd1305_i2c/ssd1305_i2c.o
 .debug_frame   0x00000000000003c0      0x690 ./Drivers/STM32H7xx_HAL_Driver/Src/stm32h7xx_hal.o
 .debug_frame   0x0000000000000a50      0x4b8 ./Drivers/STM32H7xx_HAL_Driver/Src/stm32h7xx_hal_cortex.o
 .debug_frame   0x0000000000000f08      0x14c ./Drivers/STM32H7xx_HAL_Driver/Src/stm32h7xx_hal_gpio.o
 .debug_frame   0x0000000000001054      0xbf0 ./Drivers/STM32H7xx_HAL_Driver/Src/stm32h7xx_hal_i2c.o
 .debug_frame   0x0000000000001c44      0x100 ./Drivers/STM32H7xx_HAL_Driver/Src/stm32h7xx_hal_i2c_ex.o
 .debug_frame   0x0000000000001d44      0x580 ./Drivers/STM32H7xx_HAL_Driver/Src/stm32h7xx_hal_pwr_ex.o
 .debug_frame   0x00000000000022c4      0x1f8 ./Drivers/STM32H7xx_HAL_Driver/Src/stm32h7xx_hal_rcc.o
 .debug_frame   0x00000000000024bc      0x3f4 ./Drivers/STM32H7xx_HAL_Driver/Src/stm32h7xx_hal_rcc_ex.o
 .debug_frame   0x00000000000028b0       0x2c c:/st/stm32cubeide_1.7.0/stm32cubeide/plugins/com.st.stm32cube.ide.mcu.externaltools.gnu-tools-for-stm32.10.3-2021.10.win32_1.0.0.202111181127/tools/bin/../lib/gcc/arm-none-eabi/10.3.1/../../../../arm-none-eabi/lib/thumb/v7e-m+dp/hard\libc_nano.a(lib_a-init.o)
 .debug_frame   0x00000000000028dc       0x20 c:/st/stm32cubeide_1.7.0/stm32cubeide/plugins/com.st.stm32cube.ide.mcu.externaltools.gnu-tools-for-stm32.10.3-2021.10.win32_1.0.0.202111181127/tools/bin/../lib/gcc/arm-none-eabi/10.3.1/../../../../arm-none-eabi/lib/thumb/v7e-m+dp/hard\libc_nano.a(lib_a-memset.o)
