../Middlewares/ST/touchgfx/framework/include/mvp/Presenter.hpp:37:18:virtual void touchgfx::Presenter::activate()	0	static
../Middlewares/ST/touchgfx/framework/include/mvp/Presenter.hpp:47:18:virtual void touchgfx::Presenter::deactivate()	0	static
../Middlewares/ST/touchgfx/framework/include/mvp/Presenter.hpp:52:13:touchgfx::Presenter::~Presenter()	0	static
../TouchGFX/gui/include/gui/screen1_screen/Screen1Presenter.hpp:28:13:Screen1Presenter::~Screen1Presenter()	0	static
../TouchGFX/gui/src/screen1_screen/Screen1Presenter.cpp:10:6:virtual void Screen1Presenter::activate()	8	static
../TouchGFX/gui/src/screen1_screen/Screen1Presenter.cpp:16:6:virtual void Screen1Presenter::deactivate()	0	static
../TouchGFX/gui/src/screen1_screen/Screen1Presenter.cpp:21:6:virtual void Screen1Presenter::scrollWindow(int8_t)	8	static
../TouchGFX/gui/src/screen1_screen/Screen1Presenter.cpp:32:6:virtual void Screen1Presenter::changeScreenLeft()	0	static
../TouchGFX/gui/src/screen1_screen/Screen1Presenter.cpp:37:6:virtual void Screen1Presenter::parameterChange()	0	static
../Middlewares/ST/touchgfx/framework/include/mvp/Presenter.hpp:52:13:virtual touchgfx::Presenter::~Presenter()	8	static
../TouchGFX/gui/include/gui/screen1_screen/Screen1Presenter.hpp:28:13:virtual Screen1Presenter::~Screen1Presenter()	8	static
../TouchGFX/gui/src/screen1_screen/Screen1Presenter.cpp:26:6:virtual void Screen1Presenter::changeScreenRight()	8	static
../TouchGFX/gui/include/gui/screen1_screen/Screen1Presenter.hpp:28:13:virtual void* Screen1Presenter::_ZThn4_N16Screen1PresenterD1Ev()	0	static
../TouchGFX/gui/include/gui/screen1_screen/Screen1Presenter.hpp:28:13:virtual void* Screen1Presenter::_ZThn4_N16Screen1PresenterD0Ev()	8	static
../TouchGFX/gui/src/screen1_screen/Screen1Presenter.cpp:4:1:Screen1Presenter::Screen1Presenter(Screen1View&)	4	static
