../Middlewares/ST/touchgfx/framework/include/touchgfx/Drawable.hpp:121:18:virtual void touchgfx::Drawable::invalidateContent() const	16	static
../Middlewares/ST/touchgfx/framework/include/touchgfx/Drawable.hpp:315:18:virtual void touchgfx::Drawable::setX(int16_t)	16	static
../Middlewares/ST/touchgfx/framework/include/touchgfx/Drawable.hpp:327:18:virtual void touchgfx::Drawable::setY(int16_t)	16	static
../Middlewares/ST/touchgfx/framework/include/touchgfx/Drawable.hpp:356:18:virtual void touchgfx::Drawable::setWidth(int16_t)	16	static
../Middlewares/ST/touchgfx/framework/include/touchgfx/Drawable.hpp:368:18:virtual void touchgfx::Drawable::setHeight(int16_t)	16	static
../Middlewares/ST/touchgfx/framework/include/touchgfx/Drawable.hpp:378:18:virtual void touchgfx::Drawable::childGeometryChanged()	16	static
../Middlewares/ST/touchgfx/framework/include/touchgfx/Drawable.hpp:389:18:virtual void touchgfx::Drawable::handleClickEvent(const touchgfx::ClickEvent&)	16	static
../Middlewares/ST/touchgfx/framework/include/touchgfx/Drawable.hpp:401:18:virtual void touchgfx::Drawable::handleGestureEvent(const touchgfx::GestureEvent&)	16	static
../Middlewares/ST/touchgfx/framework/include/touchgfx/Drawable.hpp:490:18:virtual void touchgfx::Drawable::handleDragEvent(const touchgfx::DragEvent&)	16	static
../Middlewares/ST/touchgfx/framework/include/touchgfx/Drawable.hpp:501:18:virtual void touchgfx::Drawable::handleTickEvent()	16	static
../Middlewares/ST/touchgfx/framework/include/touchgfx/Drawable.hpp:588:18:virtual void touchgfx::Drawable::moveTo(int16_t, int16_t)	16	static
../Middlewares/ST/touchgfx/framework/include/touchgfx/containers/Container.hpp:165:23:virtual touchgfx::Drawable* touchgfx::Container::getFirstChild()	16	static
../TouchGFX/gui/include/gui/containers/EffectsListContainer.hpp:11:13:EffectsListContainer::~EffectsListContainer()	16	static
../TouchGFX/gui/include/gui/containers/EffectsListContainer.hpp:11:13:virtual EffectsListContainer::~EffectsListContainer()	16	static
../TouchGFX/gui/src/containers/EffectsListContainer.cpp:3:1:EffectsListContainer::EffectsListContainer()	16	static
../TouchGFX/gui/src/containers/EffectsListContainer.cpp:7:6:virtual void EffectsListContainer::initialize()	16	static
../TouchGFX/gui/src/containers/EffectsListContainer.cpp:11:6:virtual void EffectsListContainer::scrollContents(int8_t)	24	static
../TouchGFX/gui/src/containers/EffectsListContainer.cpp:18:6:virtual void EffectsListContainer::setAvailable(int8_t, bool)	24	static
../TouchGFX/gui/src/containers/EffectsListContainer.cpp:32:12:virtual EffectInfo EffectsListContainer::getInfo(uint8_t)	24	static
../TouchGFX/gui/src/containers/EffectsListContainer.cpp:36:6:virtual void EffectsListContainer::setInfo(uint8_t, EffectInfo)	16	static
../TouchGFX/gui/src/containers/EffectsListContainer.cpp:40:9:virtual uint8_t EffectsListContainer::getCurrentPos()	16	static
../TouchGFX/gui/src/containers/EffectsListContainer.cpp:44:6:virtual void EffectsListContainer::scrollEffectsUpdateItem(EffectListItem&, int16_t)	48	static
../TouchGFX/gui/src/containers/EffectsListContainer.cpp:86:6:virtual void EffectsListContainer::scrollEffectsUpdateCenterItem(EffectListItemSelected&, int16_t)	40	static
../Middlewares/ST/touchgfx/framework/include/touchgfx/containers/scrollers/DrawableList.hpp:95:11:TYPE& touchgfx::DrawableListItems<TYPE, SIZE>::operator[](int) [with TYPE = EffectListItem; int SIZE = 6]	16	static
../Middlewares/ST/touchgfx/framework/include/touchgfx/containers/scrollers/DrawableList.hpp:95:11:TYPE& touchgfx::DrawableListItems<TYPE, SIZE>::operator[](int) [with TYPE = EffectListItemSelected; int SIZE = 2]	16	static
../Middlewares/ST/touchgfx/framework/include/touchgfx/containers/scrollers/DrawableList.hpp:101:21:int16_t touchgfx::DrawableListItems<TYPE, SIZE>::getNumberOfDrawables() [with TYPE = EffectListItem; int SIZE = 6]	16	static
../Middlewares/ST/touchgfx/framework/include/touchgfx/containers/scrollers/DrawableList.hpp:101:21:int16_t touchgfx::DrawableListItems<TYPE, SIZE>::getNumberOfDrawables() [with TYPE = EffectListItemSelected; int SIZE = 2]	16	static
