../Modules/AudioSys.cpp:13:6:void AudioSys::getAudioSamplesInInput(SAIadapter_TypeDef*)	24	static
../Modules/AudioSys.cpp:18:6:void AudioSys::setAudioSamplesToOutput(SAIadapter_TypeDef*)	24	static
../Modules/AudioSys.cpp:25:6:void AudioSys::update()	24	static
../Modules/AudioSys.cpp:71:6:void AudioSys::parseChorusFx(GUIadapter_TypeDef*)	8	static
../Modules/AudioSys.cpp:57:6:void AudioSys::parseRequestParamMsg(GUIadapter_TypeDef*)	8	static
../Modules/AudioSys.cpp:46:6:void AudioSys::parseGUImsg(GUIadapter_TypeDef*)	8	static
../Modules/AudioSys.cpp:40:6:void AudioSys::updateParams()	8	static
