Archive member included to satisfy reference by file (symbol)

c:/st/stm32cubeide_1.7.0/stm32cubeide/plugins/com.st.stm32cube.ide.mcu.externaltools.gnu-tools-for-stm32.10.3-2021.10.win32_1.0.0.202111181127/tools/bin/../lib/gcc/arm-none-eabi/10.3.1/../../../../arm-none-eabi/lib/thumb/v7e-m+dp/hard\libc_nano.a(lib_a-errno.o)
                              ./Core/Src/syscalls.o (__errno)
c:/st/stm32cubeide_1.7.0/stm32cubeide/plugins/com.st.stm32cube.ide.mcu.externaltools.gnu-tools-for-stm32.10.3-2021.10.win32_1.0.0.202111181127/tools/bin/../lib/gcc/arm-none-eabi/10.3.1/../../../../arm-none-eabi/lib/thumb/v7e-m+dp/hard\libc_nano.a(lib_a-exit.o)
                              c:/st/stm32cubeide_1.7.0/stm32cubeide/plugins/com.st.stm32cube.ide.mcu.externaltools.gnu-tools-for-stm32.10.3-2021.10.win32_1.0.0.202111181127/tools/bin/../lib/gcc/arm-none-eabi/10.3.1/../../../../arm-none-eabi/lib/thumb/v7e-m+dp/hard/crt0.o (exit)
c:/st/stm32cubeide_1.7.0/stm32cubeide/plugins/com.st.stm32cube.ide.mcu.externaltools.gnu-tools-for-stm32.10.3-2021.10.win32_1.0.0.202111181127/tools/bin/../lib/gcc/arm-none-eabi/10.3.1/../../../../arm-none-eabi/lib/thumb/v7e-m+dp/hard\libc_nano.a(lib_a-impure.o)
                              c:/st/stm32cubeide_1.7.0/stm32cubeide/plugins/com.st.stm32cube.ide.mcu.externaltools.gnu-tools-for-stm32.10.3-2021.10.win32_1.0.0.202111181127/tools/bin/../lib/gcc/arm-none-eabi/10.3.1/../../../../arm-none-eabi/lib/thumb/v7e-m+dp/hard\libc_nano.a(lib_a-exit.o) (_global_impure_ptr)
c:/st/stm32cubeide_1.7.0/stm32cubeide/plugins/com.st.stm32cube.ide.mcu.externaltools.gnu-tools-for-stm32.10.3-2021.10.win32_1.0.0.202111181127/tools/bin/../lib/gcc/arm-none-eabi/10.3.1/../../../../arm-none-eabi/lib/thumb/v7e-m+dp/hard\libc_nano.a(lib_a-init.o)
                              c:/st/stm32cubeide_1.7.0/stm32cubeide/plugins/com.st.stm32cube.ide.mcu.externaltools.gnu-tools-for-stm32.10.3-2021.10.win32_1.0.0.202111181127/tools/bin/../lib/gcc/arm-none-eabi/10.3.1/../../../../arm-none-eabi/lib/thumb/v7e-m+dp/hard/crt0.o (__libc_init_array)
c:/st/stm32cubeide_1.7.0/stm32cubeide/plugins/com.st.stm32cube.ide.mcu.externaltools.gnu-tools-for-stm32.10.3-2021.10.win32_1.0.0.202111181127/tools/bin/../lib/gcc/arm-none-eabi/10.3.1/../../../../arm-none-eabi/lib/thumb/v7e-m+dp/hard\libc_nano.a(lib_a-memset.o)
                              c:/st/stm32cubeide_1.7.0/stm32cubeide/plugins/com.st.stm32cube.ide.mcu.externaltools.gnu-tools-for-stm32.10.3-2021.10.win32_1.0.0.202111181127/tools/bin/../lib/gcc/arm-none-eabi/10.3.1/../../../../arm-none-eabi/lib/thumb/v7e-m+dp/hard/crt0.o (memset)

Discarded input sections

 .group         0x0000000000000000        0xc ./Core/Src/Dev_Inf.o
 .group         0x0000000000000000        0xc ./Core/Src/Dev_Inf.o
 .group         0x0000000000000000        0xc ./Core/Src/Dev_Inf.o
 .group         0x0000000000000000        0xc ./Core/Src/Dev_Inf.o
 .group         0x0000000000000000        0xc ./Core/Src/Dev_Inf.o
 .group         0x0000000000000000        0xc ./Core/Src/Dev_Inf.o
 .group         0x0000000000000000        0xc ./Core/Src/Dev_Inf.o
 .group         0x0000000000000000        0xc ./Core/Src/Dev_Inf.o
 .group         0x0000000000000000        0xc ./Core/Src/Dev_Inf.o
 .group         0x0000000000000000        0xc ./Core/Src/Dev_Inf.o
 .group         0x0000000000000000        0xc ./Core/Src/Dev_Inf.o
 .group         0x0000000000000000        0xc ./Core/Src/Dev_Inf.o
 .group         0x0000000000000000        0xc ./Core/Src/Dev_Inf.o
 .group         0x0000000000000000        0xc ./Core/Src/Dev_Inf.o
 .group         0x0000000000000000        0xc ./Core/Src/Dev_Inf.o
 .group         0x0000000000000000        0xc ./Core/Src/Dev_Inf.o
 .group         0x0000000000000000        0xc ./Core/Src/Dev_Inf.o
 .group         0x0000000000000000        0xc ./Core/Src/Dev_Inf.o
 .group         0x0000000000000000        0xc ./Core/Src/Dev_Inf.o
 .group         0x0000000000000000        0xc ./Core/Src/Dev_Inf.o
 .group         0x0000000000000000        0xc ./Core/Src/Dev_Inf.o
 .group         0x0000000000000000        0xc ./Core/Src/Dev_Inf.o
 .group         0x0000000000000000        0xc ./Core/Src/Dev_Inf.o
 .group         0x0000000000000000        0xc ./Core/Src/Dev_Inf.o
 .group         0x0000000000000000        0xc ./Core/Src/Dev_Inf.o
 .group         0x0000000000000000        0xc ./Core/Src/Dev_Inf.o
 .group         0x0000000000000000        0xc ./Core/Src/Dev_Inf.o
 .group         0x0000000000000000        0xc ./Core/Src/Dev_Inf.o
 .group         0x0000000000000000        0xc ./Core/Src/Dev_Inf.o
 .group         0x0000000000000000        0xc ./Core/Src/Dev_Inf.o
 .group         0x0000000000000000        0xc ./Core/Src/Dev_Inf.o
 .group         0x0000000000000000        0xc ./Core/Src/Dev_Inf.o
 .group         0x0000000000000000        0xc ./Core/Src/Dev_Inf.o
 .group         0x0000000000000000        0xc ./Core/Src/Dev_Inf.o
 .group         0x0000000000000000        0xc ./Core/Src/Dev_Inf.o
[...]
Memory Configuration

Name             Origin             Length             Attributes
RAM_D1           0x0000000024000004 0x0000000000080000 xrw
*default*        0x0000000000000000 0xffffffffffffffff

Linker script and memory map

LOAD c:/st/stm32cubeide_1.7.0/stm32cubeide/plugins/com.st.stm32cube.ide.mcu.externaltools.gnu-tools-for-stm32.10.3-2021.10.win32_1.0.0.202111181127/tools/bin/../lib/gcc/arm-none-eabi/10.3.1/thumb/v7e-m+dp/hard/crti.o
LOAD c:/st/stm32cubeide_1.7.0/stm32cubeide/plugins/com.st.stm32cube.ide.mcu.externaltools.gnu-tools-for-stm32.10.3-2021.10.win32_1.0.0.202111181127/tools/bin/../lib/gcc/arm-none-eabi/10.3.1/thumb/v7e-m+dp/hard/crtbegin.o
LOAD c:/st/stm32cubeide_1.7.0/stm32cubeide/plugins/com.st.stm32cube.ide.mcu.externaltools.gnu-tools-for-stm32.10.3-2021.10.win32_1.0.0.202111181127/tools/bin/../lib/gcc/arm-none-eabi/10.3.1/../../../../arm-none-eabi/lib/thumb/v7e-m+dp/hard/crt0.o
LOAD ./Core/Src/Dev_Inf.o
LOAD ./Core/Src/Loader_Src.o
LOAD ./Core/Src/gpio.o
LOAD ./Core/Src/main.o
LOAD ./Core/Src/quadspi.o
LOAD ./Core/Src/stm32h7xx_hal_msp.o
LOAD ./Core/Src/stm32h7xx_it.o
LOAD ./Core/Src/syscalls.o
LOAD ./Core/Src/sysmem.o
LOAD ./Core/Src/system_stm32h7xx.o
LOAD ./Core/Startup/startup_stm32h743vitx.o
LOAD ./Drivers/STM32H7xx_HAL_Driver/Src/stm32h7xx_hal.o
LOAD ./Drivers/STM32H7xx_HAL_Driver/Src/stm32h7xx_hal_cortex.o
LOAD ./Drivers/STM32H7xx_HAL_Driver/Src/stm32h7xx_hal_dma.o
LOAD ./Drivers/STM32H7xx_HAL_Driver/Src/stm32h7xx_hal_dma_ex.o
LOAD ./Drivers/STM32H7xx_HAL_Driver/Src/stm32h7xx_hal_exti.o
LOAD ./Drivers/STM32H7xx_HAL_Driver/Src/stm32h7xx_hal_flash.o
LOAD ./Drivers/STM32H7xx_HAL_Driver/Src/stm32h7xx_hal_flash_ex.o
LOAD ./Drivers/STM32H7xx_HAL_Driver/Src/stm32h7xx_hal_gpio.o
LOAD ./Drivers/STM32H7xx_HAL_Driver/Src/stm32h7xx_hal_hsem.o
LOAD ./Drivers/STM32H7xx_HAL_Driver/Src/stm32h7xx_hal_i2c.o
LOAD ./Drivers/STM32H7xx_HAL_Driver/Src/stm32h7xx_hal_i2c_ex.o
LOAD ./Drivers/STM32H7xx_HAL_Driver/Src/stm32h7xx_hal_mdma.o
LOAD ./Drivers/STM32H7xx_HAL_Driver/Src/stm32h7xx_hal_pwr.o
LOAD ./Drivers/STM32H7xx_HAL_Driver/Src/stm32h7xx_hal_pwr_ex.o
LOAD ./Drivers/STM32H7xx_HAL_Driver/Src/stm32h7xx_hal_qspi.o
LOAD ./Drivers/STM32H7xx_HAL_Driver/Src/stm32h7xx_hal_rcc.o
LOAD ./Drivers/STM32H7xx_HAL_Driver/Src/stm32h7xx_hal_rcc_ex.o
LOAD ./Drivers/STM32H7xx_HAL_Driver/Src/stm32h7xx_hal_tim.o
LOAD ./Drivers/STM32H7xx_HAL_Driver/Src/stm32h7xx_hal_tim_ex.o
START GROUP
LOAD c:/st/stm32cubeide_1.7.0/stm32cubeide/plugins/com.st.stm32cube.ide.mcu.externaltools.gnu-tools-for-stm32.10.3-2021.10.win32_1.0.0.202111181127/tools/bin/../lib/gcc/arm-none-eabi/10.3.1/../../../../arm-none-eabi/lib/thumb/v7e-m+dp/hard\libstdc++_nano.a
LOAD c:/st/stm32cubeide_1.7.0/stm32cubeide/plugins/com.st.stm32cube.ide.mcu.externaltools.gnu-tools-for-stm32.10.3-2021.10.win32_1.0.0.202111181127/tools/bin/../lib/gcc/arm-none-eabi/10.3.1/../../../../arm-none-eabi/lib/thumb/v7e-m+dp/hard\libsupc++_nano.a
END GROUP
LOAD c:/st/stm32cubeide_1.7.0/stm32cubeide/plugins/com.st.stm32cube.ide.mcu.externaltools.gnu-tools-for-stm32.10.3-2021.10.win32_1.0.0.202111181127/tools/bin/../lib/gcc/arm-none-eabi/10.3.1/../../../../arm-none-eabi/lib/thumb/v7e-m+dp/hard\libstdc++_nano.a
LOAD c:/st/stm32cubeide_1.7.0/stm32cubeide/plugins/com.st.stm32cube.ide.mcu.externaltools.gnu-tools-for-stm32.10.3-2021.10.win32_1.0.0.202111181127/tools/bin/../lib/gcc/arm-none-eabi/10.3.1/../../../../arm-none-eabi/lib/thumb/v7e-m+dp/hard\libm.a
LOAD c:/st/stm32cubeide_1.7.0/stm32cubeide/plugins/com.st.stm32cube.ide.mcu.externaltools.gnu-tools-for-stm32.10.3-2021.10.win32_1.0.0.202111181127/tools/bin/../lib/gcc/arm-none-eabi/10.3.1/../../../../arm-none-eabi/lib/thumb/v7e-m+dp/hard\libc_nano.a
START GROUP
LOAD c:/st/stm32cubeide_1.7.0/stm32cubeide/plugins/com.st.stm32cube.ide.mcu.externaltools.gnu-tools-for-stm32.10.3-2021.10.win32_1.0.0.202111181127/tools/bin/../lib/gcc/arm-none-eabi/10.3.1/thumb/v7e-m+dp/hard\libgcc.a
LOAD c:/st/stm32cubeide_1.7.0/stm32cubeide/plugins/com.st.stm32cube.ide.mcu.externaltools.gnu-tools-for-stm32.10.3-2021.10.win32_1.0.0.202111181127/tools/bin/../lib/gcc/arm-none-eabi/10.3.1/../../../../arm-none-eabi/lib/thumb/v7e-m+dp/hard\libc_nano.a
END GROUP
START GROUP
LOAD c:/st/stm32cubeide_1.7.0/stm32cubeide/plugins/com.st.stm32cube.ide.mcu.externaltools.gnu-tools-for-stm32.10.3-2021.10.win32_1.0.0.202111181127/tools/bin/../lib/gcc/arm-none-eabi/10.3.1/thumb/v7e-m+dp/hard\libgcc.a
LOAD c:/st/stm32cubeide_1.7.0/stm32cubeide/plugins/com.st.stm32cube.ide.mcu.externaltools.gnu-tools-for-stm32.10.3-2021.10.win32_1.0.0.202111181127/tools/bin/../lib/gcc/arm-none-eabi/10.3.1/../../../../arm-none-eabi/lib/thumb/v7e-m+dp/hard\libc_nano.a
END GROUP
LOAD c:/st/stm32cubeide_1.7.0/stm32cubeide/plugins/com.st.stm32cube.ide.mcu.externaltools.gnu-tools-for-stm32.10.3-2021.10.win32_1.0.0.202111181127/tools/bin/../lib/gcc/arm-none-eabi/10.3.1/thumb/v7e-m+dp/hard/crtend.o
LOAD c:/st/stm32cubeide_1.7.0/stm32cubeide/plugins/com.st.stm32cube.ide.mcu.externaltools.gnu-tools-for-stm32.10.3-2021.10.win32_1.0.0.202111181127/tools/bin/../lib/gcc/arm-none-eabi/10.3.1/thumb/v7e-m+dp/hard/crtn.o
                0x0000000024080004                _estack = (ORIGIN (RAM_D1) + LENGTH (RAM_D1))
                0x0000000000000200                _Min_Heap_Size = 0x200
                0x0000000000000400                _Min_Stack_Size = 0x400

.isr_vector     0x0000000024000004      0x494
                0x0000000024000200                . = (. + 0x1fc)
 *fill*         0x0000000024000004      0x1fc 
                0x0000000024000200                . = ALIGN (0x4)
 *(.isr_vector)
 .isr_vector    0x0000000024000200      0x298 ./Core/Startup/startup_stm32h743vitx.o
                0x0000000024000200                g_pfnVectors
                0x0000000024000498                . = ALIGN (0x4)

.ARM.extab      0x0000000024000498        0x0
 *(.ARM.extab* .gnu.linkonce.armextab.*)
 .ARM.extab     0x0000000024000498        0x0 c:/st/stm32cubeide_1.7.0/stm32cubeide/plugins/com.st.stm32cube.ide.mcu.externaltools.gnu-tools-for-stm32.10.3-2021.10.win32_1.0.0.202111181127/tools/bin/../lib/gcc/arm-none-eabi/10.3.1/../../../../arm-none-eabi/lib/thumb/v7e-m+dp/hard/crt0.o

.ARM            0x0000000024000498        0x8
                0x0000000024000498                __exidx_start = .
 *(.ARM.exidx*)
 .ARM.exidx     0x0000000024000498        0x8 c:/st/stm32cubeide_1.7.0/stm32cubeide/plugins/com.st.stm32cube.ide.mcu.externaltools.gnu-tools-for-stm32.10.3-2021.10.win32_1.0.0.202111181127/tools/bin/../lib/gcc/arm-none-eabi/10.3.1/../../../../arm-none-eabi/lib/thumb/v7e-m+dp/hard/crt0.o
                                         0x10 (size before relaxing)
                0x00000000240004a0                __exidx_end = .

.preinit_array  0x00000000240004a0        0x0
                0x00000000240004a0                PROVIDE (__preinit_array_start = .)
 *(.preinit_array*)
                0x00000000240004a0                PROVIDE (__preinit_array_end = .)

.init_array     0x00000000240004a0        0x4
                0x00000000240004a0                PROVIDE (__init_array_start = .)
 *(SORT_BY_NAME(.init_array.*))
 *(.init_array*)
 .init_array    0x00000000240004a0        0x4 c:/st/stm32cubeide_1.7.0/stm32cubeide/plugins/com.st.stm32cube.ide.mcu.externaltools.gnu-tools-for-stm32.10.3-2021.10.win32_1.0.0.202111181127/tools/bin/../lib/gcc/arm-none-eabi/10.3.1/thumb/v7e-m+dp/hard/crtbegin.o
                0x00000000240004a4                PROVIDE (__init_array_end = .)

.fini_array     0x00000000240004a4        0x4
                [!provide]                        PROVIDE (__fini_array_start = .)
 *(SORT_BY_NAME(.fini_array.*))
 *(.fini_array*)
 .fini_array    0x00000000240004a4        0x4 c:/st/stm32cubeide_1.7.0/stm32cubeide/plugins/com.st.stm32cube.ide.mcu.externaltools.gnu-tools-for-stm32.10.3-2021.10.win32_1.0.0.202111181127/tools/bin/../lib/gcc/arm-none-eabi/10.3.1/thumb/v7e-m+dp/hard/crtbegin.o
                [!provide]                        PROVIDE (__fini_array_end = .)
                0x00000000240004a8                _sidata = LOADADDR (.data)

.data           0x00000000240004a8       0x94
                0x00000000240004a8                . = ALIGN (0x4)
                0x00000000240004a8                _sdata = .
 *(.data)
 .data          0x00000000240004a8        0x0 c:/st/stm32cubeide_1.7.0/stm32cubeide/plugins/com.st.stm32cube.ide.mcu.externaltools.gnu-tools-for-stm32.10.3-2021.10.win32_1.0.0.202111181127/tools/bin/../lib/gcc/arm-none-eabi/10.3.1/thumb/v7e-m+dp/hard/crti.o
 .data          0x00000000240004a8        0x4 c:/st/stm32cubeide_1.7.0/stm32cubeide/plugins/com.st.stm32cube.ide.mcu.externaltools.gnu-tools-for-stm32.10.3-2021.10.win32_1.0.0.202111181127/tools/bin/../lib/gcc/arm-none-eabi/10.3.1/thumb/v7e-m+dp/hard/crtbegin.o
                0x00000000240004a8                __dso_handle
 .data          0x00000000240004ac        0x0 c:/st/stm32cubeide_1.7.0/stm32cubeide/plugins/com.st.stm32cube.ide.mcu.externaltools.gnu-tools-for-stm32.10.3-2021.10.win32_1.0.0.202111181127/tools/bin/../lib/gcc/arm-none-eabi/10.3.1/../../../../arm-none-eabi/lib/thumb/v7e-m+dp/hard/crt0.o
 .data          0x00000000240004ac        0x0 ./Core/Src/Dev_Inf.o
 .data          0x00000000240004ac        0x0 ./Core/Src/Loader_Src.o
 .data          0x00000000240004ac        0x0 ./Core/Src/gpio.o
 .data          0x00000000240004ac        0x0 ./Core/Src/main.o
 .data          0x00000000240004ac        0x0 ./Core/Src/quadspi.o
 .data          0x00000000240004ac        0x0 ./Core/Src/stm32h7xx_hal_msp.o
 .data          0x00000000240004ac        0x0 ./Core/Src/stm32h7xx_it.o
 .data          0x00000000240004ac        0x0 ./Core/Src/syscalls.o
 .data          0x00000000240004ac        0x0 ./Core/Src/sysmem.o
 .data          0x00000000240004ac        0x0 ./Core/Src/system_stm32h7xx.o
 .data          0x00000000240004ac        0x0 ./Core/Startup/startup_stm32h743vitx.o
 .data          0x00000000240004ac        0x0 ./Drivers/STM32H7xx_HAL_Driver/Src/stm32h7xx_hal.o
 .data          0x00000000240004ac        0x0 ./Drivers/STM32H7xx_HAL_Driver/Src/stm32h7xx_hal_cortex.o
 .data          0x00000000240004ac        0x0 ./Drivers/STM32H7xx_HAL_Driver/Src/stm32h7xx_hal_dma.o
 .data          0x00000000240004ac        0x0 ./Drivers/STM32H7xx_HAL_Driver/Src/stm32h7xx_hal_dma_ex.o
 .data          0x00000000240004ac        0x0 ./Drivers/STM32H7xx_HAL_Driver/Src/stm32h7xx_hal_exti.o
 .data          0x00000000240004ac        0x0 ./Drivers/STM32H7xx_HAL_Driver/Src/stm32h7xx_hal_flash.o
 .data          0x00000000240004ac        0x0 ./Drivers/STM32H7xx_HAL_Driver/Src/stm32h7xx_hal_flash_ex.o
 .data          0x00000000240004ac        0x0 ./Drivers/STM32H7xx_HAL_Driver/Src/stm32h7xx_hal_gpio.o
 .data          0x00000000240004ac        0x0 ./Drivers/STM32H7xx_HAL_Driver/Src/stm32h7xx_hal_hsem.o
 .data          0x00000000240004ac        0x0 ./Drivers/STM32H7xx_HAL_Driver/Src/stm32h7xx_hal_i2c.o
 .data          0x00000000240004ac        0x0 ./Drivers/STM32H7xx_HAL_Driver/Src/stm32h7xx_hal_i2c_ex.o
 .data          0x00000000240004ac        0x0 ./Drivers/STM32H7xx_HAL_Driver/Src/stm32h7xx_hal_mdma.o
 .data          0x00000000240004ac        0x0 ./Drivers/STM32H7xx_HAL_Driver/Src/stm32h7xx_hal_pwr.o
 .data          0x00000000240004ac        0x0 ./Drivers/STM32H7xx_HAL_Driver/Src/stm32h7xx_hal_pwr_ex.o
 .data          0x00000000240004ac        0x0 ./Drivers/STM32H7xx_HAL_Driver/Src/stm32h7xx_hal_qspi.o
 .data          0x00000000240004ac        0x0 ./Drivers/STM32H7xx_HAL_Driver/Src/stm32h7xx_hal_rcc.o
 .data          0x00000000240004ac        0x0 ./Drivers/STM32H7xx_HAL_Driver/Src/stm32h7xx_hal_rcc_ex.o
 .data          0x00000000240004ac        0x0 ./Drivers/STM32H7xx_HAL_Driver/Src/stm32h7xx_hal_tim.o
 .data          0x00000000240004ac        0x0 ./Drivers/STM32H7xx_HAL_Driver/Src/stm32h7xx_hal_tim_ex.o
 .data          0x00000000240004ac        0x0 c:/st/stm32cubeide_1.7.0/stm32cubeide/plugins/com.st.stm32cube.ide.mcu.externaltools.gnu-tools-for-stm32.10.3-2021.10.win32_1.0.0.202111181127/tools/bin/../lib/gcc/arm-none-eabi/10.3.1/../../../../arm-none-eabi/lib/thumb/v7e-m+dp/hard\libc_nano.a(lib_a-errno.o)
 .data          0x00000000240004ac        0x0 c:/st/stm32cubeide_1.7.0/stm32cubeide/plugins/com.st.stm32cube.ide.mcu.externaltools.gnu-tools-for-stm32.10.3-2021.10.win32_1.0.0.202111181127/tools/bin/../lib/gcc/arm-none-eabi/10.3.1/../../../../arm-none-eabi/lib/thumb/v7e-m+dp/hard\libc_nano.a(lib_a-exit.o)
 .data          0x00000000240004ac        0x0 c:/st/stm32cubeide_1.7.0/stm32cubeide/plugins/com.st.stm32cube.ide.mcu.externaltools.gnu-tools-for-stm32.10.3-2021.10.win32_1.0.0.202111181127/tools/bin/../lib/gcc/arm-none-eabi/10.3.1/../../../../arm-none-eabi/lib/thumb/v7e-m+dp/hard\libc_nano.a(lib_a-impure.o)
 .data          0x00000000240004ac        0x0 c:/st/stm32cubeide_1.7.0/stm32cubeide/plugins/com.st.stm32cube.ide.mcu.externaltools.gnu-tools-for-stm32.10.3-2021.10.win32_1.0.0.202111181127/tools/bin/../lib/gcc/arm-none-eabi/10.3.1/../../../../arm-none-eabi/lib/thumb/v7e-m+dp/hard\libc_nano.a(lib_a-init.o)
 .data          0x00000000240004ac        0x0 c:/st/stm32cubeide_1.7.0/stm32cubeide/plugins/com.st.stm32cube.ide.mcu.externaltools.gnu-tools-for-stm32.10.3-2021.10.win32_1.0.0.202111181127/tools/bin/../lib/gcc/arm-none-eabi/10.3.1/../../../../arm-none-eabi/lib/thumb/v7e-m+dp/hard\libc_nano.a(lib_a-memset.o)
 .data          0x00000000240004ac        0x0 c:/st/stm32cubeide_1.7.0/stm32cubeide/plugins/com.st.stm32cube.ide.mcu.externaltools.gnu-tools-for-stm32.10.3-2021.10.win32_1.0.0.202111181127/tools/bin/../lib/gcc/arm-none-eabi/10.3.1/thumb/v7e-m+dp/hard/crtend.o
 .data          0x00000000240004ac        0x0 c:/st/stm32cubeide_1.7.0/stm32cubeide/plugins/com.st.stm32cube.ide.mcu.externaltools.gnu-tools-for-stm32.10.3-2021.10.win32_1.0.0.202111181127/tools/bin/../lib/gcc/arm-none-eabi/10.3.1/thumb/v7e-m+dp/hard/crtn.o
 *(.data*)
 .data.writebuf
                0x00000000240004ac       0x18 ./Core/Src/main.o
                0x00000000240004ac                writebuf
 .data.environ  0x00000000240004c4        0x4 ./Core/Src/syscalls.o
                0x00000000240004c4                environ
 .data.SystemCoreClock
                0x00000000240004c8        0x4 ./Core/Src/system_stm32h7xx.o
                0x00000000240004c8                SystemCoreClock
 .data.SystemD2Clock
                0x00000000240004cc        0x4 ./Core/Src/system_stm32h7xx.o
                0x00000000240004cc                SystemD2Clock
 .data.uwTickPrio
                0x00000000240004d0        0x4 ./Drivers/STM32H7xx_HAL_Driver/Src/stm32h7xx_hal.o
                0x00000000240004d0                uwTickPrio
 .data.uwTickFreq
                0x00000000240004d4        0x1 ./Drivers/STM32H7xx_HAL_Driver/Src/stm32h7xx_hal.o
                0x00000000240004d4                uwTickFreq
 *fill*         0x00000000240004d5        0x3 
 .data._impure_ptr
                0x00000000240004d8        0x4 c:/st/stm32cubeide_1.7.0/stm32cubeide/plugins/com.st.stm32cube.ide.mcu.externaltools.gnu-tools-for-stm32.10.3-2021.10.win32_1.0.0.202111181127/tools/bin/../lib/gcc/arm-none-eabi/10.3.1/../../../../arm-none-eabi/lib/thumb/v7e-m+dp/hard\libc_nano.a(lib_a-impure.o)
                0x00000000240004d8                _impure_ptr
 .data.impure_data
                0x00000000240004dc       0x60 c:/st/stm32cubeide_1.7.0/stm32cubeide/plugins/com.st.stm32cube.ide.mcu.externaltools.gnu-tools-for-stm32.10.3-2021.10.win32_1.0.0.202111181127/tools/bin/../lib/gcc/arm-none-eabi/10.3.1/../../../../arm-none-eabi/lib/thumb/v7e-m+dp/hard\libc_nano.a(lib_a-impure.o)
                0x000000002400053c                . = ALIGN (0x4)
                0x000000002400053c                _edata = .

.igot.plt       0x000000002400053c        0x0
 .igot.plt      0x000000002400053c        0x0 c:/st/stm32cubeide_1.7.0/stm32cubeide/plugins/com.st.stm32cube.ide.mcu.externaltools.gnu-tools-for-stm32.10.3-2021.10.win32_1.0.0.202111181127/tools/bin/../lib/gcc/arm-none-eabi/10.3.1/thumb/v7e-m+dp/hard/crtbegin.o
                0x000000002400053c                . = ALIGN (0x4)

.bss            0x000000002400053c       0xf8
                0x000000002400053c                _sbss = .
                0x000000002400053c                __bss_start__ = _sbss
 *(.bss)
 .bss           0x000000002400053c        0x0 c:/st/stm32cubeide_1.7.0/stm32cubeide/plugins/com.st.stm32cube.ide.mcu.externaltools.gnu-tools-for-stm32.10.3-2021.10.win32_1.0.0.202111181127/tools/bin/../lib/gcc/arm-none-eabi/10.3.1/thumb/v7e-m+dp/hard/crti.o
 .bss           0x000000002400053c       0x1c c:/st/stm32cubeide_1.7.0/stm32cubeide/plugins/com.st.stm32cube.ide.mcu.externaltools.gnu-tools-for-stm32.10.3-2021.10.win32_1.0.0.202111181127/tools/bin/../lib/gcc/arm-none-eabi/10.3.1/thumb/v7e-m+dp/hard/crtbegin.o
 .bss           0x0000000024000558        0x0 c:/st/stm32cubeide_1.7.0/stm32cubeide/plugins/com.st.stm32cube.ide.mcu.externaltools.gnu-tools-for-stm32.10.3-2021.10.win32_1.0.0.202111181127/tools/bin/../lib/gcc/arm-none-eabi/10.3.1/../../../../arm-none-eabi/lib/thumb/v7e-m+dp/hard/crt0.o
 .bss           0x0000000024000558        0x0 ./Core/Src/Dev_Inf.o
 .bss           0x0000000024000558        0x0 ./Core/Src/Loader_Src.o
 .bss           0x0000000024000558        0x0 ./Core/Src/gpio.o
 .bss           0x0000000024000558        0x0 ./Core/Src/main.o
 .bss           0x0000000024000558        0x0 ./Core/Src/quadspi.o
 .bss           0x0000000024000558        0x0 ./Core/Src/stm32h7xx_hal_msp.o
 .bss           0x0000000024000558        0x0 ./Core/Src/stm32h7xx_it.o
 .bss           0x0000000024000558        0x0 ./Core/Src/syscalls.o
 .bss           0x0000000024000558        0x0 ./Core/Src/sysmem.o
 .bss           0x0000000024000558        0x0 ./Core/Src/system_stm32h7xx.o
 .bss           0x0000000024000558        0x0 ./Core/Startup/startup_stm32h743vitx.o
 .bss           0x0000000024000558        0x0 ./Drivers/STM32H7xx_HAL_Driver/Src/stm32h7xx_hal.o
 .bss           0x0000000024000558        0x0 ./Drivers/STM32H7xx_HAL_Driver/Src/stm32h7xx_hal_cortex.o
 .bss           0x0000000024000558        0x0 ./Drivers/STM32H7xx_HAL_Driver/Src/stm32h7xx_hal_dma.o
 .bss           0x0000000024000558        0x0 ./Drivers/STM32H7xx_HAL_Driver/Src/stm32h7xx_hal_dma_ex.o
 .bss           0x0000000024000558        0x0 ./Drivers/STM32H7xx_HAL_Driver/Src/stm32h7xx_hal_exti.o
 .bss           0x0000000024000558        0x0 ./Drivers/STM32H7xx_HAL_Driver/Src/stm32h7xx_hal_flash.o
 .bss           0x0000000024000558        0x0 ./Drivers/STM32H7xx_HAL_Driver/Src/stm32h7xx_hal_flash_ex.o
 .bss           0x0000000024000558        0x0 ./Drivers/STM32H7xx_HAL_Driver/Src/stm32h7xx_hal_gpio.o
 .bss           0x0000000024000558        0x0 ./Drivers/STM32H7xx_HAL_Driver/Src/stm32h7xx_hal_hsem.o
 .bss           0x0000000024000558        0x0 ./Drivers/STM32H7xx_HAL_Driver/Src/stm32h7xx_hal_i2c.o
 .bss           0x0000000024000558        0x0 ./Drivers/STM32H7xx_HAL_Driver/Src/stm32h7xx_hal_i2c_ex.o
 .bss           0x0000000024000558        0x0 ./Drivers/STM32H7xx_HAL_Driver/Src/stm32h7xx_hal_mdma.o
 .bss           0x0000000024000558        0x0 ./Drivers/STM32H7xx_HAL_Driver/Src/stm32h7xx_hal_pwr.o
 .bss           0x0000000024000558        0x0 ./Drivers/STM32H7xx_HAL_Driver/Src/stm32h7xx_hal_pwr_ex.o
 .bss           0x0000000024000558        0x0 ./Drivers/STM32H7xx_HAL_Driver/Src/stm32h7xx_hal_qspi.o
 .bss           0x0000000024000558        0x0 ./Drivers/STM32H7xx_HAL_Driver/Src/stm32h7xx_hal_rcc.o
 .bss           0x0000000024000558        0x0 ./Drivers/STM32H7xx_HAL_Driver/Src/stm32h7xx_hal_rcc_ex.o
 .bss           0x0000000024000558        0x0 ./Drivers/STM32H7xx_HAL_Driver/Src/stm32h7xx_hal_tim.o
 .bss           0x0000000024000558        0x0 ./Drivers/STM32H7xx_HAL_Driver/Src/stm32h7xx_hal_tim_ex.o
 .bss           0x0000000024000558        0x0 c:/st/stm32cubeide_1.7.0/stm32cubeide/plugins/com.st.stm32cube.ide.mcu.externaltools.gnu-tools-for-stm32.10.3-2021.10.win32_1.0.0.202111181127/tools/bin/../lib/gcc/arm-none-eabi/10.3.1/../../../../arm-none-eabi/lib/thumb/v7e-m+dp/hard\libc_nano.a(lib_a-errno.o)
 .bss           0x0000000024000558        0x0 c:/st/stm32cubeide_1.7.0/stm32cubeide/plugins/com.st.stm32cube.ide.mcu.externaltools.gnu-tools-for-stm32.10.3-2021.10.win32_1.0.0.202111181127/tools/bin/../lib/gcc/arm-none-eabi/10.3.1/../../../../arm-none-eabi/lib/thumb/v7e-m+dp/hard\libc_nano.a(lib_a-exit.o)
 .bss           0x0000000024000558        0x0 c:/st/stm32cubeide_1.7.0/stm32cubeide/plugins/com.st.stm32cube.ide.mcu.externaltools.gnu-tools-for-stm32.10.3-2021.10.win32_1.0.0.202111181127/tools/bin/../lib/gcc/arm-none-eabi/10.3.1/../../../../arm-none-eabi/lib/thumb/v7e-m+dp/hard\libc_nano.a(lib_a-impure.o)
 .bss           0x0000000024000558        0x0 c:/st/stm32cubeide_1.7.0/stm32cubeide/plugins/com.st.stm32cube.ide.mcu.externaltools.gnu-tools-for-stm32.10.3-2021.10.win32_1.0.0.202111181127/tools/bin/../lib/gcc/arm-none-eabi/10.3.1/../../../../arm-none-eabi/lib/thumb/v7e-m+dp/hard\libc_nano.a(lib_a-init.o)
 .bss           0x0000000024000558        0x0 c:/st/stm32cubeide_1.7.0/stm32cubeide/plugins/com.st.stm32cube.ide.mcu.externaltools.gnu-tools-for-stm32.10.3-2021.10.win32_1.0.0.202111181127/tools/bin/../lib/gcc/arm-none-eabi/10.3.1/../../../../arm-none-eabi/lib/thumb/v7e-m+dp/hard\libc_nano.a(lib_a-memset.o)
 .bss           0x0000000024000558        0x0 c:/st/stm32cubeide_1.7.0/stm32cubeide/plugins/com.st.stm32cube.ide.mcu.externaltools.gnu-tools-for-stm32.10.3-2021.10.win32_1.0.0.202111181127/tools/bin/../lib/gcc/arm-none-eabi/10.3.1/thumb/v7e-m+dp/hard/crtend.o
 .bss           0x0000000024000558        0x0 c:/st/stm32cubeide_1.7.0/stm32cubeide/plugins/com.st.stm32cube.ide.mcu.externaltools.gnu-tools-for-stm32.10.3-2021.10.win32_1.0.0.202111181127/tools/bin/../lib/gcc/arm-none-eabi/10.3.1/thumb/v7e-m+dp/hard/crtn.o
 *(.bss*)
 .bss.readbuf   0x0000000024000558       0x64 ./Core/Src/main.o
                0x0000000024000558                readbuf
 .bss.JumpToApplication
                0x00000000240005bc        0x4 ./Core/Src/main.o
                0x00000000240005bc                JumpToApplication
 .bss.hqspi     0x00000000240005c0       0x4c ./Core/Src/quadspi.o
                0x00000000240005c0                hqspi
 .bss.__env     0x000000002400060c        0x4 ./Core/Src/syscalls.o
                0x000000002400060c                __env
 .bss.__sbrk_heap_end
                0x0000000024000610        0x4 ./Core/Src/sysmem.o
 .bss.uwTick    0x0000000024000614        0x4 ./Drivers/STM32H7xx_HAL_Driver/Src/stm32h7xx_hal.o
                0x0000000024000614                uwTick
 .bss.pFlash    0x0000000024000618       0x1c ./Drivers/STM32H7xx_HAL_Driver/Src/stm32h7xx_hal_flash.o
                0x0000000024000618                pFlash
 *(COMMON)
                0x0000000024000634                . = ALIGN (0x4)
                0x0000000024000634                _ebss = .
                0x0000000024000634                __bss_end__ = _ebss

.text           0x0000000024000634    0x17020
                0x0000000024000634                . = ALIGN (0x4)
 *(.text)
 .text          0x0000000024000634        0x0 c:/st/stm32cubeide_1.7.0/stm32cubeide/plugins/com.st.stm32cube.ide.mcu.externaltools.gnu-tools-for-stm32.10.3-2021.10.win32_1.0.0.202111181127/tools/bin/../lib/gcc/arm-none-eabi/10.3.1/thumb/v7e-m+dp/hard/crti.o
 .text          0x0000000024000634       0x40 c:/st/stm32cubeide_1.7.0/stm32cubeide/plugins/com.st.stm32cube.ide.mcu.externaltools.gnu-tools-for-stm32.10.3-2021.10.win32_1.0.0.202111181127/tools/bin/../lib/gcc/arm-none-eabi/10.3.1/thumb/v7e-m+dp/hard/crtbegin.o
 .text          0x0000000024000674       0x7c c:/st/stm32cubeide_1.7.0/stm32cubeide/plugins/com.st.stm32cube.ide.mcu.externaltools.gnu-tools-for-stm32.10.3-2021.10.win32_1.0.0.202111181127/tools/bin/../lib/gcc/arm-none-eabi/10.3.1/../../../../arm-none-eabi/lib/thumb/v7e-m+dp/hard/crt0.o
                0x0000000024000674                _stack_init
                0x000000002400067c                _start
                0x000000002400067c                _mainCRTStartup
 .text          0x00000000240006f0        0x0 ./Core/Src/Dev_Inf.o
 .text          0x00000000240006f0        0x0 ./Core/Src/Loader_Src.o
 .text          0x00000000240006f0        0x0 ./Core/Src/gpio.o
 .text          0x00000000240006f0        0x0 ./Core/Src/main.o
 .text          0x00000000240006f0        0x0 ./Core/Src/quadspi.o
 .text          0x00000000240006f0        0x0 ./Core/Src/stm32h7xx_hal_msp.o
 .text          0x00000000240006f0        0x0 ./Core/Src/stm32h7xx_it.o
 .text          0x00000000240006f0        0x0 ./Core/Src/syscalls.o
 .text          0x00000000240006f0        0x0 ./Core/Src/sysmem.o
 .text          0x00000000240006f0        0x0 ./Core/Src/system_stm32h7xx.o
 .text          0x00000000240006f0       0x14 ./Core/Startup/startup_stm32h743vitx.o
 .text          0x0000000024000704        0x0 ./Drivers/STM32H7xx_HAL_Driver/Src/stm32h7xx_hal.o
 .text          0x0000000024000704        0x0 ./Drivers/STM32H7xx_HAL_Driver/Src/stm32h7xx_hal_cortex.o
 .text          0x0000000024000704        0x0 ./Drivers/STM32H7xx_HAL_Driver/Src/stm32h7xx_hal_dma.o
 .text          0x0000000024000704        0x0 ./Drivers/STM32H7xx_HAL_Driver/Src/stm32h7xx_hal_dma_ex.o
 .text          0x0000000024000704        0x0 ./Drivers/STM32H7xx_HAL_Driver/Src/stm32h7xx_hal_exti.o
 .text          0x0000000024000704        0x0 ./Drivers/STM32H7xx_HAL_Driver/Src/stm32h7xx_hal_flash.o
 .text          0x0000000024000704        0x0 ./Drivers/STM32H7xx_HAL_Driver/Src/stm32h7xx_hal_flash_ex.o
 .text          0x0000000024000704        0x0 ./Drivers/STM32H7xx_HAL_Driver/Src/stm32h7xx_hal_gpio.o
 .text          0x0000000024000704        0x0 ./Drivers/STM32H7xx_HAL_Driver/Src/stm32h7xx_hal_hsem.o
 .text          0x0000000024000704        0x0 ./Drivers/STM32H7xx_HAL_Driver/Src/stm32h7xx_hal_i2c.o
 .text          0x0000000024000704        0x0 ./Drivers/STM32H7xx_HAL_Driver/Src/stm32h7xx_hal_i2c_ex.o
 .text          0x0000000024000704        0x0 ./Drivers/STM32H7xx_HAL_Driver/Src/stm32h7xx_hal_mdma.o
 .text          0x0000000024000704        0x0 ./Drivers/STM32H7xx_HAL_Driver/Src/stm32h7xx_hal_pwr.o
 .text          0x0000000024000704        0x0 ./Drivers/STM32H7xx_HAL_Driver/Src/stm32h7xx_hal_pwr_ex.o
 .text          0x0000000024000704        0x0 ./Drivers/STM32H7xx_HAL_Driver/Src/stm32h7xx_hal_qspi.o
 .text          0x0000000024000704        0x0 ./Drivers/STM32H7xx_HAL_Driver/Src/stm32h7xx_hal_rcc.o
 .text          0x0000000024000704        0x0 ./Drivers/STM32H7xx_HAL_Driver/Src/stm32h7xx_hal_rcc_ex.o
 .text          0x0000000024000704        0x0 ./Drivers/STM32H7xx_HAL_Driver/Src/stm32h7xx_hal_tim.o
 .text          0x0000000024000704        0x0 ./Drivers/STM32H7xx_HAL_Driver/Src/stm32h7xx_hal_tim_ex.o
 .text          0x0000000024000704        0x0 c:/st/stm32cubeide_1.7.0/stm32cubeide/plugins/com.st.stm32cube.ide.mcu.externaltools.gnu-tools-for-stm32.10.3-2021.10.win32_1.0.0.202111181127/tools/bin/../lib/gcc/arm-none-eabi/10.3.1/../../../../arm-none-eabi/lib/thumb/v7e-m+dp/hard\libc_nano.a(lib_a-errno.o)
 .text          0x0000000024000704        0x0 c:/st/stm32cubeide_1.7.0/stm32cubeide/plugins/com.st.stm32cube.ide.mcu.externaltools.gnu-tools-for-stm32.10.3-2021.10.win32_1.0.0.202111181127/tools/bin/../lib/gcc/arm-none-eabi/10.3.1/../../../../arm-none-eabi/lib/thumb/v7e-m+dp/hard\libc_nano.a(lib_a-exit.o)
 .text          0x0000000024000704        0x0 c:/st/stm32cubeide_1.7.0/stm32cubeide/plugins/com.st.stm32cube.ide.mcu.externaltools.gnu-tools-for-stm32.10.3-2021.10.win32_1.0.0.202111181127/tools/bin/../lib/gcc/arm-none-eabi/10.3.1/../../../../arm-none-eabi/lib/thumb/v7e-m+dp/hard\libc_nano.a(lib_a-impure.o)
 .text          0x0000000024000704        0x0 c:/st/stm32cubeide_1.7.0/stm32cubeide/plugins/com.st.stm32cube.ide.mcu.externaltools.gnu-tools-for-stm32.10.3-2021.10.win32_1.0.0.202111181127/tools/bin/../lib/gcc/arm-none-eabi/10.3.1/../../../../arm-none-eabi/lib/thumb/v7e-m+dp/hard\libc_nano.a(lib_a-init.o)
 .text          0x0000000024000704        0x0 c:/st/stm32cubeide_1.7.0/stm32cubeide/plugins/com.st.stm32cube.ide.mcu.externaltools.gnu-tools-for-stm32.10.3-2021.10.win32_1.0.0.202111181127/tools/bin/../lib/gcc/arm-none-eabi/10.3.1/../../../../arm-none-eabi/lib/thumb/v7e-m+dp/hard\libc_nano.a(lib_a-memset.o)
 .text          0x0000000024000704        0x0 c:/st/stm32cubeide_1.7.0/stm32cubeide/plugins/com.st.stm32cube.ide.mcu.externaltools.gnu-tools-for-stm32.10.3-2021.10.win32_1.0.0.202111181127/tools/bin/../lib/gcc/arm-none-eabi/10.3.1/thumb/v7e-m+dp/hard/crtend.o
 .text          0x0000000024000704        0x0 c:/st/stm32cubeide_1.7.0/stm32cubeide/plugins/com.st.stm32cube.ide.mcu.externaltools.gnu-tools-for-stm32.10.3-2021.10.win32_1.0.0.202111181127/tools/bin/../lib/gcc/arm-none-eabi/10.3.1/thumb/v7e-m+dp/hard/crtn.o
 *(.text*)
 .text.Init     0x0000000024000704       0xb4 ./Core/Src/Loader_Src.o
                0x0000000024000704                Init
 .text.Write    0x00000000240007b8       0x74 ./Core/Src/Loader_Src.o
                0x00000000240007b8                Write
 .text.SectorErase
                0x000000002400082c       0x6c ./Core/Src/Loader_Src.o
                0x000000002400082c                SectorErase
 .text.MassErase
                0x0000000024000898       0x64 ./Core/Src/Loader_Src.o
                0x0000000024000898                MassErase
 .text.CheckSum
                0x00000000240008fc      0x1c6 ./Core/Src/Loader_Src.o
                0x00000000240008fc                CheckSum
 .text.Verify   0x0000000024000ac2       0xf6 ./Core/Src/Loader_Src.o
                0x0000000024000ac2                Verify
 .text.MX_GPIO_Init
                0x0000000024000bb8       0xac ./Core/Src/gpio.o
                0x0000000024000bb8                MX_GPIO_Init
 .text.main     0x0000000024000c64      0x154 ./Core/Src/main.o
                0x0000000024000c64                main
 .text.SystemClock_Config
                0x0000000024000db8      0x170 ./Core/Src/main.o
                0x0000000024000db8                SystemClock_Config
 .text.Error_Handler
                0x0000000024000f28        0xa ./Core/Src/main.o
                0x0000000024000f28                Error_Handler
 *fill*         0x0000000024000f32        0x2 
 .text.MX_QUADSPI_Init
                0x0000000024000f34       0x58 ./Core/Src/quadspi.o
                0x0000000024000f34                MX_QUADSPI_Init
 .text.HAL_QSPI_MspInit
                0x0000000024000f8c      0x1fc ./Core/Src/quadspi.o
                0x0000000024000f8c                HAL_QSPI_MspInit
 .text.HAL_QSPI_MspDeInit
                0x0000000024001188       0x64 ./Core/Src/quadspi.o
                0x0000000024001188                HAL_QSPI_MspDeInit
 .text.CSP_QUADSPI_Init
                0x00000000240011ec       0x6c ./Core/Src/quadspi.o
                0x00000000240011ec                CSP_QUADSPI_Init
 .text.CSP_QSPI_Erase_Chip
                0x0000000024001258       0x78 ./Core/Src/quadspi.o
                0x0000000024001258                CSP_QSPI_Erase_Chip
 .text.QSPI_AutoPollingMemReady
                0x00000000240012d0       0x74 ./Core/Src/quadspi.o
 .text.QSPI_WriteEnable
                0x0000000024001344       0x94 ./Core/Src/quadspi.o
 .text.QSPI_Configuration
                0x00000000240013d8      0x11c ./Core/Src/quadspi.o
 .text.CSP_QSPI_EraseSector
                0x00000000240014f4       0xa4 ./Core/Src/quadspi.o
                0x00000000240014f4                CSP_QSPI_EraseSector
 .text.CSP_QSPI_EnableMemoryMappedMode
                0x0000000024001598       0x68 ./Core/Src/quadspi.o
                0x0000000024001598                CSP_QSPI_EnableMemoryMappedMode
 .text.QSPI_ResetChip
                0x0000000024001600       0xbc ./Core/Src/quadspi.o
 .text.CSP_QSPI_Erase_Block
                0x00000000240016bc       0x80 ./Core/Src/quadspi.o
                0x00000000240016bc                CSP_QSPI_Erase_Block
 .text.CSP_QSPI_WriteMemory
                0x000000002400173c       0xf4 ./Core/Src/quadspi.o
                0x000000002400173c                CSP_QSPI_WriteMemory
 .text.CSP_QSPI_ReadMemory
                0x0000000024001830       0xac ./Core/Src/quadspi.o
                0x0000000024001830                CSP_QSPI_ReadMemory
 .text.HAL_MspInit
                0x00000000240018dc       0x34 ./Core/Src/stm32h7xx_hal_msp.o
                0x00000000240018dc                HAL_MspInit
 .text.NMI_Handler
                0x0000000024001910        0xa ./Core/Src/stm32h7xx_it.o
                0x0000000024001910                NMI_Handler
 .text.HardFault_Handler
                0x000000002400191a        0x6 ./Core/Src/stm32h7xx_it.o
                0x000000002400191a                HardFault_Handler
 .text.MemManage_Handler
                0x0000000024001920        0x6 ./Core/Src/stm32h7xx_it.o
                0x0000000024001920                MemManage_Handler
 .text.BusFault_Handler
                0x0000000024001926        0x6 ./Core/Src/stm32h7xx_it.o
                0x0000000024001926                BusFault_Handler
 .text.UsageFault_Handler
                0x000000002400192c        0x6 ./Core/Src/stm32h7xx_it.o
                0x000000002400192c                UsageFault_Handler
 .text.SVC_Handler
                0x0000000024001932        0xe ./Core/Src/stm32h7xx_it.o
                0x0000000024001932                SVC_Handler
 .text.DebugMon_Handler
                0x0000000024001940        0xe ./Core/Src/stm32h7xx_it.o
                0x0000000024001940                DebugMon_Handler
 .text.PendSV_Handler
                0x000000002400194e        0xe ./Core/Src/stm32h7xx_it.o
                0x000000002400194e                PendSV_Handler
 .text.SysTick_Handler
                0x000000002400195c        0xc ./Core/Src/stm32h7xx_it.o
                0x000000002400195c                SysTick_Handler
 .text.initialise_monitor_handles
                0x0000000024001968        0xe ./Core/Src/syscalls.o
                0x0000000024001968                initialise_monitor_handles
 .text._getpid  0x0000000024001976       0x10 ./Core/Src/syscalls.o
                0x0000000024001976                _getpid
 .text._kill    0x0000000024001986       0x20 ./Core/Src/syscalls.o
                0x0000000024001986                _kill
 .text._exit    0x00000000240019a6       0x14 ./Core/Src/syscalls.o
                0x00000000240019a6                _exit
 .text._read    0x00000000240019ba       0x3a ./Core/Src/syscalls.o
                0x00000000240019ba                _read
 .text._write   0x00000000240019f4       0x38 ./Core/Src/syscalls.o
                0x00000000240019f4                _write
 .text._close   0x0000000024001a2c       0x18 ./Core/Src/syscalls.o
                0x0000000024001a2c                _close
 .text._fstat   0x0000000024001a44       0x20 ./Core/Src/syscalls.o
                0x0000000024001a44                _fstat
 .text._isatty  0x0000000024001a64       0x16 ./Core/Src/syscalls.o
                0x0000000024001a64                _isatty
 .text._lseek   0x0000000024001a7a       0x1a ./Core/Src/syscalls.o
                0x0000000024001a7a                _lseek
 .text._open    0x0000000024001a94       0x1c ./Core/Src/syscalls.o
                0x0000000024001a94                _open
 .text._wait    0x0000000024001ab0       0x1e ./Core/Src/syscalls.o
                0x0000000024001ab0                _wait
 .text._unlink  0x0000000024001ace       0x1e ./Core/Src/syscalls.o
                0x0000000024001ace                _unlink
 .text._times   0x0000000024001aec       0x18 ./Core/Src/syscalls.o
                0x0000000024001aec                _times
 .text._stat    0x0000000024001b04       0x20 ./Core/Src/syscalls.o
                0x0000000024001b04                _stat
 .text._link    0x0000000024001b24       0x20 ./Core/Src/syscalls.o
                0x0000000024001b24                _link
 .text._fork    0x0000000024001b44       0x16 ./Core/Src/syscalls.o
                0x0000000024001b44                _fork
 .text._execve  0x0000000024001b5a       0x22 ./Core/Src/syscalls.o
                0x0000000024001b5a                _execve
 .text._sbrk    0x0000000024001b7c       0x6c ./Core/Src/sysmem.o
                0x0000000024001b7c                _sbrk
 .text.SystemInit
                0x0000000024001be8      0x110 ./Core/Src/system_stm32h7xx.o
                0x0000000024001be8                SystemInit
 .text.SystemCoreClockUpdate
                0x0000000024001cf8      0x2f4 ./Core/Src/system_stm32h7xx.o
                0x0000000024001cf8                SystemCoreClockUpdate
 .text.Reset_Handler
                0x0000000024001fec       0x50 ./Core/Startup/startup_stm32h743vitx.o
                0x0000000024001fec                Reset_Handler
 .text.Default_Handler
                0x000000002400203c        0x2 ./Core/Startup/startup_stm32h743vitx.o
                0x000000002400203c                RTC_Alarm_IRQHandler
                0x000000002400203c                EXTI2_IRQHandler
                0x000000002400203c                TIM8_CC_IRQHandler
                0x000000002400203c                HRTIM1_Master_IRQHandler
                0x000000002400203c                UART8_IRQHandler
                0x000000002400203c                SPI4_IRQHandler
                0x000000002400203c                TIM1_CC_IRQHandler
                0x000000002400203c                BDMA_Channel6_IRQHandler
                0x000000002400203c                DMA2_Stream5_IRQHandler
                0x000000002400203c                HRTIM1_FLT_IRQHandler
                0x000000002400203c                JPEG_IRQHandler
                0x000000002400203c                DMA1_Stream5_IRQHandler
                0x000000002400203c                BDMA_Channel1_IRQHandler
                0x000000002400203c                HRTIM1_TIMD_IRQHandler
                0x000000002400203c                TAMP_STAMP_IRQHandler
                0x000000002400203c                EXTI3_IRQHandler
                0x000000002400203c                LPTIM4_IRQHandler
                0x000000002400203c                TIM8_TRG_COM_TIM14_IRQHandler
                0x000000002400203c                LPTIM2_IRQHandler
                0x000000002400203c                DFSDM1_FLT1_IRQHandler
                0x000000002400203c                DMAMUX2_OVR_IRQHandler
                0x000000002400203c                TIM8_UP_TIM13_IRQHandler
                0x000000002400203c                I2C3_ER_IRQHandler
                0x000000002400203c                DFSDM1_FLT2_IRQHandler
                0x000000002400203c                MDMA_IRQHandler
                0x000000002400203c                LPTIM3_IRQHandler
                0x000000002400203c                HSEM1_IRQHandler
                0x000000002400203c                EXTI0_IRQHandler
                0x000000002400203c                I2C2_EV_IRQHandler
                0x000000002400203c                DMA1_Stream2_IRQHandler
                0x000000002400203c                FPU_IRQHandler
                0x000000002400203c                OTG_HS_WKUP_IRQHandler
                0x000000002400203c                FDCAN1_IT1_IRQHandler
                0x000000002400203c                LTDC_ER_IRQHandler
                0x000000002400203c                DMA2_Stream2_IRQHandler
                0x000000002400203c                HRTIM1_TIME_IRQHandler
                0x000000002400203c                SPI1_IRQHandler
                0x000000002400203c                TIM6_DAC_IRQHandler
                0x000000002400203c                DCMI_IRQHandler
                0x000000002400203c                HRTIM1_TIMC_IRQHandler
                0x000000002400203c                DMA2_Stream3_IRQHandler
                0x000000002400203c                SAI2_IRQHandler
                0x000000002400203c                DFSDM1_FLT3_IRQHandler
                0x000000002400203c                USART6_IRQHandler
                0x000000002400203c                TIM17_IRQHandler
                0x000000002400203c                USART3_IRQHandler
                0x000000002400203c                BDMA_Channel7_IRQHandler
                0x000000002400203c                LPTIM5_IRQHandler
                0x000000002400203c                UART5_IRQHandler
                0x000000002400203c                ADC3_IRQHandler
                0x000000002400203c                DMA2_Stream0_IRQHandler
                0x000000002400203c                TIM4_IRQHandler
                0x000000002400203c                BDMA_Channel2_IRQHandler
                0x000000002400203c                QUADSPI_IRQHandler
                0x000000002400203c                I2C1_EV_IRQHandler
                0x000000002400203c                DMA1_Stream6_IRQHandler
                0x000000002400203c                DMAMUX1_OVR_IRQHandler
                0x000000002400203c                DMA1_Stream1_IRQHandler
                0x000000002400203c                TIM16_IRQHandler
                0x000000002400203c                UART4_IRQHandler
                0x000000002400203c                BDMA_Channel5_IRQHandler
                0x000000002400203c                TIM3_IRQHandler
                0x000000002400203c                RCC_IRQHandler
                0x000000002400203c                TIM8_BRK_TIM12_IRQHandler
                0x000000002400203c                TIM1_TRG_COM_IRQHandler
                0x000000002400203c                Default_Handler
                0x000000002400203c                ECC_IRQHandler
                0x000000002400203c                CEC_IRQHandler
                0x000000002400203c                EXTI15_10_IRQHandler
                0x000000002400203c                BDMA_Channel0_IRQHandler
                0x000000002400203c                ADC_IRQHandler
                0x000000002400203c                DMA1_Stream7_IRQHandler
                0x000000002400203c                HRTIM1_TIMA_IRQHandler
                0x000000002400203c                SPI5_IRQHandler
                0x000000002400203c                TIM7_IRQHandler
                0x000000002400203c                SDMMC1_IRQHandler
                0x000000002400203c                TIM5_IRQHandler
                0x000000002400203c                DMA2_Stream7_IRQHandler
                0x000000002400203c                TIM15_IRQHandler
                0x000000002400203c                PVD_AVD_IRQHandler
                0x000000002400203c                I2C3_EV_IRQHandler
                0x000000002400203c                EXTI9_5_IRQHandler
                0x000000002400203c                RTC_WKUP_IRQHandler
                0x000000002400203c                LTDC_IRQHandler
                0x000000002400203c                SAI3_IRQHandler
                0x000000002400203c                ETH_WKUP_IRQHandler
                0x000000002400203c                SPDIF_RX_IRQHandler
                0x000000002400203c                SPI2_IRQHandler
                0x000000002400203c                OTG_HS_EP1_IN_IRQHandler
                0x000000002400203c                DMA1_Stream0_IRQHandler
                0x000000002400203c                CRS_IRQHandler
                0x000000002400203c                EXTI4_IRQHandler
                0x000000002400203c                RNG_IRQHandler
                0x000000002400203c                HRTIM1_TIMB_IRQHandler
                0x000000002400203c                FDCAN2_IT1_IRQHandler
                0x000000002400203c                ETH_IRQHandler
                0x000000002400203c                TIM1_UP_IRQHandler
                0x000000002400203c                BDMA_Channel4_IRQHandler
                0x000000002400203c                OTG_HS_EP1_OUT_IRQHandler
                0x000000002400203c                WWDG_IRQHandler
                0x000000002400203c                SPI6_IRQHandler
                0x000000002400203c                MDIOS_IRQHandler
                0x000000002400203c                I2C4_EV_IRQHandler
                0x000000002400203c                FDCAN2_IT0_IRQHandler
                0x000000002400203c                LPUART1_IRQHandler
                0x000000002400203c                FDCAN1_IT0_IRQHandler
                0x000000002400203c                TIM2_IRQHandler
                0x000000002400203c                OTG_FS_WKUP_IRQHandler
                0x000000002400203c                OTG_HS_IRQHandler
                0x000000002400203c                DMA2D_IRQHandler
                0x000000002400203c                TIM1_BRK_IRQHandler
                0x000000002400203c                EXTI1_IRQHandler
                0x000000002400203c                SDMMC2_IRQHandler
                0x000000002400203c                OTG_FS_EP1_OUT_IRQHandler
                0x000000002400203c                BDMA_Channel3_IRQHandler
                0x000000002400203c                UART7_IRQHandler
                0x000000002400203c                MDIOS_WKUP_IRQHandler
                0x000000002400203c                USART2_IRQHandler
                0x000000002400203c                DFSDM1_FLT0_IRQHandler
                0x000000002400203c                SAI4_IRQHandler
                0x000000002400203c                I2C2_ER_IRQHandler
                0x000000002400203c                DMA2_Stream1_IRQHandler
                0x000000002400203c                FLASH_IRQHandler
                0x000000002400203c                DMA2_Stream4_IRQHandler
                0x000000002400203c                USART1_IRQHandler
                0x000000002400203c                OTG_FS_IRQHandler
                0x000000002400203c                SPI3_IRQHandler
                0x000000002400203c                WAKEUP_PIN_IRQHandler
                0x000000002400203c                DMA1_Stream4_IRQHandler
                0x000000002400203c                OTG_FS_EP1_IN_IRQHandler
                0x000000002400203c                I2C1_ER_IRQHandler
                0x000000002400203c                FMC_IRQHandler
                0x000000002400203c                FDCAN_CAL_IRQHandler
                0x000000002400203c                SWPMI1_IRQHandler
                0x000000002400203c                COMP1_IRQHandler
                0x000000002400203c                LPTIM1_IRQHandler
                0x000000002400203c                I2C4_ER_IRQHandler
                0x000000002400203c                DMA2_Stream6_IRQHandler
                0x000000002400203c                SAI1_IRQHandler
                0x000000002400203c                DMA1_Stream3_IRQHandler
 *fill*         0x000000002400203e        0x2 
 .text.HAL_Init
                0x0000000024002040       0x78 ./Drivers/STM32H7xx_HAL_Driver/Src/stm32h7xx_hal.o
                0x0000000024002040                HAL_Init
 .text.HAL_DeInit
                0x00000000240020b8       0xbc ./Drivers/STM32H7xx_HAL_Driver/Src/stm32h7xx_hal.o
                0x00000000240020b8                HAL_DeInit
 .text.HAL_MspInit
                0x0000000024002174        0xe ./Drivers/STM32H7xx_HAL_Driver/Src/stm32h7xx_hal.o
 .text.HAL_MspDeInit
                0x0000000024002182        0xe ./Drivers/STM32H7xx_HAL_Driver/Src/stm32h7xx_hal.o
                0x0000000024002182                HAL_MspDeInit
 .text.HAL_InitTick
                0x0000000024002190       0x6c ./Drivers/STM32H7xx_HAL_Driver/Src/stm32h7xx_hal.o
                0x0000000024002190                HAL_InitTick
 .text.HAL_IncTick
                0x00000000240021fc       0x28 ./Drivers/STM32H7xx_HAL_Driver/Src/stm32h7xx_hal.o
                0x00000000240021fc                HAL_IncTick
 .text.HAL_GetTick
                0x0000000024002224       0x18 ./Drivers/STM32H7xx_HAL_Driver/Src/stm32h7xx_hal.o
                0x0000000024002224                HAL_GetTick
 .text.HAL_GetTickPrio
                0x000000002400223c       0x18 ./Drivers/STM32H7xx_HAL_Driver/Src/stm32h7xx_hal.o
                0x000000002400223c                HAL_GetTickPrio
 .text.HAL_SetTickFreq
                0x0000000024002254       0x50 ./Drivers/STM32H7xx_HAL_Driver/Src/stm32h7xx_hal.o
                0x0000000024002254                HAL_SetTickFreq
 .text.HAL_GetTickFreq
                0x00000000240022a4       0x18 ./Drivers/STM32H7xx_HAL_Driver/Src/stm32h7xx_hal.o
                0x00000000240022a4                HAL_GetTickFreq
 .text.HAL_Delay
                0x00000000240022bc       0x48 ./Drivers/STM32H7xx_HAL_Driver/Src/stm32h7xx_hal.o
                0x00000000240022bc                HAL_Delay
 .text.HAL_SuspendTick
                0x0000000024002304       0x20 ./Drivers/STM32H7xx_HAL_Driver/Src/stm32h7xx_hal.o
                0x0000000024002304                HAL_SuspendTick
 .text.HAL_ResumeTick
                0x0000000024002324       0x20 ./Drivers/STM32H7xx_HAL_Driver/Src/stm32h7xx_hal.o
                0x0000000024002324                HAL_ResumeTick
 .text.HAL_GetHalVersion
                0x0000000024002344       0x14 ./Drivers/STM32H7xx_HAL_Driver/Src/stm32h7xx_hal.o
                0x0000000024002344                HAL_GetHalVersion
 .text.HAL_GetREVID
                0x0000000024002358       0x18 ./Drivers/STM32H7xx_HAL_Driver/Src/stm32h7xx_hal.o
                0x0000000024002358                HAL_GetREVID
 .text.HAL_GetDEVID
                0x0000000024002370       0x1c ./Drivers/STM32H7xx_HAL_Driver/Src/stm32h7xx_hal.o
                0x0000000024002370                HAL_GetDEVID
 .text.HAL_GetUIDw0
                0x000000002400238c       0x18 ./Drivers/STM32H7xx_HAL_Driver/Src/stm32h7xx_hal.o
                0x000000002400238c                HAL_GetUIDw0
 .text.HAL_GetUIDw1
                0x00000000240023a4       0x18 ./Drivers/STM32H7xx_HAL_Driver/Src/stm32h7xx_hal.o
                0x00000000240023a4                HAL_GetUIDw1
 .text.HAL_GetUIDw2
                0x00000000240023bc       0x18 ./Drivers/STM32H7xx_HAL_Driver/Src/stm32h7xx_hal.o
                0x00000000240023bc                HAL_GetUIDw2
 .text.HAL_SYSCFG_VREFBUF_VoltageScalingConfig
                0x00000000240023d4       0x28 ./Drivers/STM32H7xx_HAL_Driver/Src/stm32h7xx_hal.o
                0x00000000240023d4                HAL_SYSCFG_VREFBUF_VoltageScalingConfig
 .text.HAL_SYSCFG_VREFBUF_HighImpedanceConfig
                0x00000000240023fc       0x28 ./Drivers/STM32H7xx_HAL_Driver/Src/stm32h7xx_hal.o
                0x00000000240023fc                HAL_SYSCFG_VREFBUF_HighImpedanceConfig
 .text.HAL_SYSCFG_VREFBUF_TrimmingConfig
                0x0000000024002424       0x28 ./Drivers/STM32H7xx_HAL_Driver/Src/stm32h7xx_hal.o
                0x0000000024002424                HAL_SYSCFG_VREFBUF_TrimmingConfig
 .text.HAL_SYSCFG_EnableVREFBUF
                0x000000002400244c       0x48 ./Drivers/STM32H7xx_HAL_Driver/Src/stm32h7xx_hal.o
                0x000000002400244c                HAL_SYSCFG_EnableVREFBUF
 .text.HAL_SYSCFG_DisableVREFBUF
                0x0000000024002494       0x20 ./Drivers/STM32H7xx_HAL_Driver/Src/stm32h7xx_hal.o
                0x0000000024002494                HAL_SYSCFG_DisableVREFBUF
 .text.HAL_SYSCFG_ETHInterfaceSelect
                0x00000000240024b4       0x28 ./Drivers/STM32H7xx_HAL_Driver/Src/stm32h7xx_hal.o
                0x00000000240024b4                HAL_SYSCFG_ETHInterfaceSelect
 .text.HAL_SYSCFG_AnalogSwitchConfig
                0x00000000240024dc       0x2c ./Drivers/STM32H7xx_HAL_Driver/Src/stm32h7xx_hal.o
                0x00000000240024dc                HAL_SYSCFG_AnalogSwitchConfig
 .text.HAL_SYSCFG_EnableBOOST
                0x0000000024002508       0x20 ./Drivers/STM32H7xx_HAL_Driver/Src/stm32h7xx_hal.o
                0x0000000024002508                HAL_SYSCFG_EnableBOOST
 .text.HAL_SYSCFG_DisableBOOST
                0x0000000024002528       0x20 ./Drivers/STM32H7xx_HAL_Driver/Src/stm32h7xx_hal.o
                0x0000000024002528                HAL_SYSCFG_DisableBOOST
 .text.HAL_SYSCFG_CM7BootAddConfig
                0x0000000024002548       0x54 ./Drivers/STM32H7xx_HAL_Driver/Src/stm32h7xx_hal.o
                0x0000000024002548                HAL_SYSCFG_CM7BootAddConfig
 .text.HAL_EnableCompensationCell
                0x000000002400259c       0x20 ./Drivers/STM32H7xx_HAL_Driver/Src/stm32h7xx_hal.o
                0x000000002400259c                HAL_EnableCompensationCell
 .text.HAL_DisableCompensationCell
                0x00000000240025bc       0x20 ./Drivers/STM32H7xx_HAL_Driver/Src/stm32h7xx_hal.o
                0x00000000240025bc                HAL_DisableCompensationCell
 .text.HAL_SYSCFG_EnableIOSpeedOptimize
                0x00000000240025dc       0x20 ./Drivers/STM32H7xx_HAL_Driver/Src/stm32h7xx_hal.o
                0x00000000240025dc                HAL_SYSCFG_EnableIOSpeedOptimize
 .text.HAL_SYSCFG_DisableIOSpeedOptimize
                0x00000000240025fc       0x20 ./Drivers/STM32H7xx_HAL_Driver/Src/stm32h7xx_hal.o
                0x00000000240025fc                HAL_SYSCFG_DisableIOSpeedOptimize
 .text.HAL_SYSCFG_CompensationCodeSelect
                0x000000002400261c       0x28 ./Drivers/STM32H7xx_HAL_Driver/Src/stm32h7xx_hal.o
                0x000000002400261c                HAL_SYSCFG_CompensationCodeSelect
 .text.HAL_SYSCFG_CompensationCodeConfig
                0x0000000024002644       0x30 ./Drivers/STM32H7xx_HAL_Driver/Src/stm32h7xx_hal.o
                0x0000000024002644                HAL_SYSCFG_CompensationCodeConfig
 .text.HAL_DBGMCU_EnableDBGSleepMode
                0x0000000024002674       0x20 ./Drivers/STM32H7xx_HAL_Driver/Src/stm32h7xx_hal.o
                0x0000000024002674                HAL_DBGMCU_EnableDBGSleepMode
 .text.HAL_DBGMCU_DisableDBGSleepMode
                0x0000000024002694       0x20 ./Drivers/STM32H7xx_HAL_Driver/Src/stm32h7xx_hal.o
                0x0000000024002694                HAL_DBGMCU_DisableDBGSleepMode
 .text.HAL_DBGMCU_EnableDBGStopMode
                0x00000000240026b4       0x20 ./Drivers/STM32H7xx_HAL_Driver/Src/stm32h7xx_hal.o
                0x00000000240026b4                HAL_DBGMCU_EnableDBGStopMode
 .text.HAL_DBGMCU_DisableDBGStopMode
                0x00000000240026d4       0x20 ./Drivers/STM32H7xx_HAL_Driver/Src/stm32h7xx_hal.o
                0x00000000240026d4                HAL_DBGMCU_DisableDBGStopMode
 .text.HAL_DBGMCU_EnableDBGStandbyMode
                0x00000000240026f4       0x20 ./Drivers/STM32H7xx_HAL_Driver/Src/stm32h7xx_hal.o
                0x00000000240026f4                HAL_DBGMCU_EnableDBGStandbyMode
 .text.HAL_DBGMCU_DisableDBGStandbyMode
                0x0000000024002714       0x20 ./Drivers/STM32H7xx_HAL_Driver/Src/stm32h7xx_hal.o
                0x0000000024002714                HAL_DBGMCU_DisableDBGStandbyMode
 .text.HAL_SetFMCMemorySwappingConfig
                0x0000000024002734       0x28 ./Drivers/STM32H7xx_HAL_Driver/Src/stm32h7xx_hal.o
                0x0000000024002734                HAL_SetFMCMemorySwappingConfig
 .text.HAL_GetFMCMemorySwappingConfig
                0x000000002400275c       0x1c ./Drivers/STM32H7xx_HAL_Driver/Src/stm32h7xx_hal.o
                0x000000002400275c                HAL_GetFMCMemorySwappingConfig
 .text.HAL_EXTI_EdgeConfig
                0x0000000024002778       0xd0 ./Drivers/STM32H7xx_HAL_Driver/Src/stm32h7xx_hal.o
                0x0000000024002778                HAL_EXTI_EdgeConfig
 .text.HAL_EXTI_GenerateSWInterrupt
                0x0000000024002848       0x40 ./Drivers/STM32H7xx_HAL_Driver/Src/stm32h7xx_hal.o
                0x0000000024002848                HAL_EXTI_GenerateSWInterrupt
 .text.HAL_EXTI_D1_ClearFlag
                0x0000000024002888       0x30 ./Drivers/STM32H7xx_HAL_Driver/Src/stm32h7xx_hal.o
                0x0000000024002888                HAL_EXTI_D1_ClearFlag
 .text.HAL_EXTI_D1_EventInputConfig
                0x00000000240028b8       0xec ./Drivers/STM32H7xx_HAL_Driver/Src/stm32h7xx_hal.o
                0x00000000240028b8                HAL_EXTI_D1_EventInputConfig
 .text.HAL_EXTI_D3_EventInputConfig
                0x00000000240029a4       0xd0 ./Drivers/STM32H7xx_HAL_Driver/Src/stm32h7xx_hal.o
                0x00000000240029a4                HAL_EXTI_D3_EventInputConfig
 .text.__NVIC_SetPriorityGrouping
                0x0000000024002a74       0x48 ./Drivers/STM32H7xx_HAL_Driver/Src/stm32h7xx_hal_cortex.o
 .text.__NVIC_GetPriorityGrouping
                0x0000000024002abc       0x1c ./Drivers/STM32H7xx_HAL_Driver/Src/stm32h7xx_hal_cortex.o
 .text.__NVIC_EnableIRQ
                0x0000000024002ad8       0x3c ./Drivers/STM32H7xx_HAL_Driver/Src/stm32h7xx_hal_cortex.o
 .text.__NVIC_DisableIRQ
                0x0000000024002b14       0x48 ./Drivers/STM32H7xx_HAL_Driver/Src/stm32h7xx_hal_cortex.o
 .text.__NVIC_GetPendingIRQ
                0x0000000024002b5c       0x44 ./Drivers/STM32H7xx_HAL_Driver/Src/stm32h7xx_hal_cortex.o
 .text.__NVIC_SetPendingIRQ
                0x0000000024002ba0       0x3c ./Drivers/STM32H7xx_HAL_Driver/Src/stm32h7xx_hal_cortex.o
 .text.__NVIC_ClearPendingIRQ
                0x0000000024002bdc       0x3c ./Drivers/STM32H7xx_HAL_Driver/Src/stm32h7xx_hal_cortex.o
 .text.__NVIC_GetActive
                0x0000000024002c18       0x44 ./Drivers/STM32H7xx_HAL_Driver/Src/stm32h7xx_hal_cortex.o
 .text.__NVIC_SetPriority
                0x0000000024002c5c       0x54 ./Drivers/STM32H7xx_HAL_Driver/Src/stm32h7xx_hal_cortex.o
 .text.__NVIC_GetPriority
                0x0000000024002cb0       0x50 ./Drivers/STM32H7xx_HAL_Driver/Src/stm32h7xx_hal_cortex.o
 .text.NVIC_EncodePriority
                0x0000000024002d00       0x66 ./Drivers/STM32H7xx_HAL_Driver/Src/stm32h7xx_hal_cortex.o
 .text.NVIC_DecodePriority
                0x0000000024002d66       0x6e ./Drivers/STM32H7xx_HAL_Driver/Src/stm32h7xx_hal_cortex.o
 .text.__NVIC_SystemReset
                0x0000000024002dd4       0x2c ./Drivers/STM32H7xx_HAL_Driver/Src/stm32h7xx_hal_cortex.o
 .text.SysTick_Config
                0x0000000024002e00       0x44 ./Drivers/STM32H7xx_HAL_Driver/Src/stm32h7xx_hal_cortex.o
 .text.HAL_NVIC_SetPriorityGrouping
                0x0000000024002e44       0x16 ./Drivers/STM32H7xx_HAL_Driver/Src/stm32h7xx_hal_cortex.o
                0x0000000024002e44                HAL_NVIC_SetPriorityGrouping
 .text.HAL_NVIC_SetPriority
                0x0000000024002e5a       0x34 ./Drivers/STM32H7xx_HAL_Driver/Src/stm32h7xx_hal_cortex.o
                0x0000000024002e5a                HAL_NVIC_SetPriority
 .text.HAL_NVIC_EnableIRQ
                0x0000000024002e8e       0x1c ./Drivers/STM32H7xx_HAL_Driver/Src/stm32h7xx_hal_cortex.o
                0x0000000024002e8e                HAL_NVIC_EnableIRQ
 .text.HAL_NVIC_DisableIRQ
                0x0000000024002eaa       0x1c ./Drivers/STM32H7xx_HAL_Driver/Src/stm32h7xx_hal_cortex.o
                0x0000000024002eaa                HAL_NVIC_DisableIRQ
 .text.HAL_NVIC_SystemReset
                0x0000000024002ec6        0x8 ./Drivers/STM32H7xx_HAL_Driver/Src/stm32h7xx_hal_cortex.o
                0x0000000024002ec6                HAL_NVIC_SystemReset
 .text.HAL_SYSTICK_Config
                0x0000000024002ece       0x18 ./Drivers/STM32H7xx_HAL_Driver/Src/stm32h7xx_hal_cortex.o
                0x0000000024002ece                HAL_SYSTICK_Config
 *fill*         0x0000000024002ee6        0x2 
 .text.HAL_MPU_Disable
                0x0000000024002ee8       0x30 ./Drivers/STM32H7xx_HAL_Driver/Src/stm32h7xx_hal_cortex.o
                0x0000000024002ee8                HAL_MPU_Disable
 .text.HAL_MPU_Enable
                0x0000000024002f18       0x40 ./Drivers/STM32H7xx_HAL_Driver/Src/stm32h7xx_hal_cortex.o
                0x0000000024002f18                HAL_MPU_Enable
 .text.HAL_MPU_ConfigRegion
                0x0000000024002f58       0x88 ./Drivers/STM32H7xx_HAL_Driver/Src/stm32h7xx_hal_cortex.o
                0x0000000024002f58                HAL_MPU_ConfigRegion
 .text.HAL_NVIC_GetPriorityGrouping
                0x0000000024002fe0        0xe ./Drivers/STM32H7xx_HAL_Driver/Src/stm32h7xx_hal_cortex.o
                0x0000000024002fe0                HAL_NVIC_GetPriorityGrouping
 .text.HAL_NVIC_GetPriority
                0x0000000024002fee       0x2c ./Drivers/STM32H7xx_HAL_Driver/Src/stm32h7xx_hal_cortex.o
                0x0000000024002fee                HAL_NVIC_GetPriority
 .text.HAL_NVIC_SetPendingIRQ
                0x000000002400301a       0x1c ./Drivers/STM32H7xx_HAL_Driver/Src/stm32h7xx_hal_cortex.o
                0x000000002400301a                HAL_NVIC_SetPendingIRQ
 .text.HAL_NVIC_GetPendingIRQ
                0x0000000024003036       0x1e ./Drivers/STM32H7xx_HAL_Driver/Src/stm32h7xx_hal_cortex.o
                0x0000000024003036                HAL_NVIC_GetPendingIRQ
 .text.HAL_NVIC_ClearPendingIRQ
                0x0000000024003054       0x1c ./Drivers/STM32H7xx_HAL_Driver/Src/stm32h7xx_hal_cortex.o
                0x0000000024003054                HAL_NVIC_ClearPendingIRQ
 .text.HAL_NVIC_GetActive
                0x0000000024003070       0x1e ./Drivers/STM32H7xx_HAL_Driver/Src/stm32h7xx_hal_cortex.o
                0x0000000024003070                HAL_NVIC_GetActive
 *fill*         0x000000002400308e        0x2 
 .text.HAL_SYSTICK_CLKSourceConfig
                0x0000000024003090       0x38 ./Drivers/STM32H7xx_HAL_Driver/Src/stm32h7xx_hal_cortex.o
                0x0000000024003090                HAL_SYSTICK_CLKSourceConfig
 .text.HAL_SYSTICK_IRQHandler
                0x00000000240030c8        0xc ./Drivers/STM32H7xx_HAL_Driver/Src/stm32h7xx_hal_cortex.o
                0x00000000240030c8                HAL_SYSTICK_IRQHandler
 .text.HAL_SYSTICK_Callback
                0x00000000240030d4        0xe ./Drivers/STM32H7xx_HAL_Driver/Src/stm32h7xx_hal_cortex.o
                0x00000000240030d4                HAL_SYSTICK_Callback
 .text.HAL_GetCurrentCPUID
                0x00000000240030e2       0x10 ./Drivers/STM32H7xx_HAL_Driver/Src/stm32h7xx_hal_cortex.o
                0x00000000240030e2                HAL_GetCurrentCPUID
 *fill*         0x00000000240030f2        0x2 
 .text.HAL_DMA_Init
                0x00000000240030f4      0x6b8 ./Drivers/STM32H7xx_HAL_Driver/Src/stm32h7xx_hal_dma.o
                0x00000000240030f4                HAL_DMA_Init
 .text.HAL_DMA_DeInit
                0x00000000240037ac      0x36c ./Drivers/STM32H7xx_HAL_Driver/Src/stm32h7xx_hal_dma.o
                0x00000000240037ac                HAL_DMA_DeInit
 .text.HAL_DMA_Start
                0x0000000024003b18      0x240 ./Drivers/STM32H7xx_HAL_Driver/Src/stm32h7xx_hal_dma.o
                0x0000000024003b18                HAL_DMA_Start
 .text.HAL_DMA_Start_IT
                0x0000000024003d58      0x4d4 ./Drivers/STM32H7xx_HAL_Driver/Src/stm32h7xx_hal_dma.o
                0x0000000024003d58                HAL_DMA_Start_IT
 .text.HAL_DMA_Abort
                0x000000002400422c      0x63c ./Drivers/STM32H7xx_HAL_Driver/Src/stm32h7xx_hal_dma.o
                0x000000002400422c                HAL_DMA_Abort
 .text.HAL_DMA_Abort_IT
                0x0000000024004868      0x48c ./Drivers/STM32H7xx_HAL_Driver/Src/stm32h7xx_hal_dma.o
                0x0000000024004868                HAL_DMA_Abort_IT
 .text.HAL_DMA_PollForTransfer
                0x0000000024004cf4      0x754 ./Drivers/STM32H7xx_HAL_Driver/Src/stm32h7xx_hal_dma.o
                0x0000000024004cf4                HAL_DMA_PollForTransfer
 .text.HAL_DMA_IRQHandler
                0x0000000024005448      0xe54 ./Drivers/STM32H7xx_HAL_Driver/Src/stm32h7xx_hal_dma.o
                0x0000000024005448                HAL_DMA_IRQHandler
 .text.HAL_DMA_RegisterCallback
                0x000000002400629c       0xb4 ./Drivers/STM32H7xx_HAL_Driver/Src/stm32h7xx_hal_dma.o
                0x000000002400629c                HAL_DMA_RegisterCallback
 .text.HAL_DMA_UnRegisterCallback
                0x0000000024006350       0xdc ./Drivers/STM32H7xx_HAL_Driver/Src/stm32h7xx_hal_dma.o
                0x0000000024006350                HAL_DMA_UnRegisterCallback
 .text.HAL_DMA_GetState
                0x000000002400642c       0x1c ./Drivers/STM32H7xx_HAL_Driver/Src/stm32h7xx_hal_dma.o
                0x000000002400642c                HAL_DMA_GetState
 .text.HAL_DMA_GetError
                0x0000000024006448       0x18 ./Drivers/STM32H7xx_HAL_Driver/Src/stm32h7xx_hal_dma.o
                0x0000000024006448                HAL_DMA_GetError
 .text.DMA_SetConfig
                0x0000000024006460      0x358 ./Drivers/STM32H7xx_HAL_Driver/Src/stm32h7xx_hal_dma.o
 .text.DMA_CalcBaseAndBitshift
                0x00000000240067b8      0x164 ./Drivers/STM32H7xx_HAL_Driver/Src/stm32h7xx_hal_dma.o
 .text.DMA_CheckFifoParam
                0x000000002400691c       0xf8 ./Drivers/STM32H7xx_HAL_Driver/Src/stm32h7xx_hal_dma.o
 .text.DMA_CalcDMAMUXChannelBaseAndMask
                0x0000000024006a14      0x134 ./Drivers/STM32H7xx_HAL_Driver/Src/stm32h7xx_hal_dma.o
 .text.DMA_CalcDMAMUXRequestGenBaseAndMask
                0x0000000024006b48       0xe8 ./Drivers/STM32H7xx_HAL_Driver/Src/stm32h7xx_hal_dma.o
 .text.HAL_DMAEx_MultiBufferStart
                0x0000000024006c30      0x404 ./Drivers/STM32H7xx_HAL_Driver/Src/stm32h7xx_hal_dma_ex.o
                0x0000000024006c30                HAL_DMAEx_MultiBufferStart
 .text.HAL_DMAEx_MultiBufferStart_IT
                0x0000000024007034      0x6bc ./Drivers/STM32H7xx_HAL_Driver/Src/stm32h7xx_hal_dma_ex.o
                0x0000000024007034                HAL_DMAEx_MultiBufferStart_IT
 .text.HAL_DMAEx_ChangeMemory
                0x00000000240076f0      0x138 ./Drivers/STM32H7xx_HAL_Driver/Src/stm32h7xx_hal_dma_ex.o
                0x00000000240076f0                HAL_DMAEx_ChangeMemory
 .text.HAL_DMAEx_ConfigMuxSync
                0x0000000024007828      0x18c ./Drivers/STM32H7xx_HAL_Driver/Src/stm32h7xx_hal_dma_ex.o
                0x0000000024007828                HAL_DMAEx_ConfigMuxSync
 .text.HAL_DMAEx_ConfigMuxRequestGenerator
                0x00000000240079b4      0x174 ./Drivers/STM32H7xx_HAL_Driver/Src/stm32h7xx_hal_dma_ex.o
                0x00000000240079b4                HAL_DMAEx_ConfigMuxRequestGenerator
 .text.HAL_DMAEx_EnableMuxRequestGenerator
                0x0000000024007b28       0x3e ./Drivers/STM32H7xx_HAL_Driver/Src/stm32h7xx_hal_dma_ex.o
                0x0000000024007b28                HAL_DMAEx_EnableMuxRequestGenerator
 .text.HAL_DMAEx_DisableMuxRequestGenerator
                0x0000000024007b66       0x3e ./Drivers/STM32H7xx_HAL_Driver/Src/stm32h7xx_hal_dma_ex.o
                0x0000000024007b66                HAL_DMAEx_DisableMuxRequestGenerator
 .text.HAL_DMAEx_MUX_IRQHandler
                0x0000000024007ba4       0xa4 ./Drivers/STM32H7xx_HAL_Driver/Src/stm32h7xx_hal_dma_ex.o
                0x0000000024007ba4                HAL_DMAEx_MUX_IRQHandler
 .text.DMA_MultiBufferSetConfig
                0x0000000024007c48      0x16c ./Drivers/STM32H7xx_HAL_Driver/Src/stm32h7xx_hal_dma_ex.o
 .text.HAL_EXTI_SetConfigLine
                0x0000000024007db4      0x258 ./Drivers/STM32H7xx_HAL_Driver/Src/stm32h7xx_hal_exti.o
                0x0000000024007db4                HAL_EXTI_SetConfigLine
 .text.HAL_EXTI_GetConfigLine
                0x000000002400800c      0x1cc ./Drivers/STM32H7xx_HAL_Driver/Src/stm32h7xx_hal_exti.o
                0x000000002400800c                HAL_EXTI_GetConfigLine
 .text.HAL_EXTI_ClearConfigLine
                0x00000000240081d8      0x194 ./Drivers/STM32H7xx_HAL_Driver/Src/stm32h7xx_hal_exti.o
                0x00000000240081d8                HAL_EXTI_ClearConfigLine
 .text.HAL_EXTI_RegisterCallback
                0x000000002400836c       0x3e ./Drivers/STM32H7xx_HAL_Driver/Src/stm32h7xx_hal_exti.o
                0x000000002400836c                HAL_EXTI_RegisterCallback
 .text.HAL_EXTI_GetHandle
                0x00000000240083aa       0x28 ./Drivers/STM32H7xx_HAL_Driver/Src/stm32h7xx_hal_exti.o
                0x00000000240083aa                HAL_EXTI_GetHandle
 *fill*         0x00000000240083d2        0x2 
 .text.HAL_EXTI_IRQHandler
                0x00000000240083d4       0x60 ./Drivers/STM32H7xx_HAL_Driver/Src/stm32h7xx_hal_exti.o
                0x00000000240083d4                HAL_EXTI_IRQHandler
 .text.HAL_EXTI_GetPending
                0x0000000024008434       0x58 ./Drivers/STM32H7xx_HAL_Driver/Src/stm32h7xx_hal_exti.o
                0x0000000024008434                HAL_EXTI_GetPending
 .text.HAL_EXTI_ClearPending
                0x000000002400848c       0x48 ./Drivers/STM32H7xx_HAL_Driver/Src/stm32h7xx_hal_exti.o
                0x000000002400848c                HAL_EXTI_ClearPending
 .text.HAL_EXTI_GenerateSWI
                0x00000000240084d4       0x44 ./Drivers/STM32H7xx_HAL_Driver/Src/stm32h7xx_hal_exti.o
                0x00000000240084d4                HAL_EXTI_GenerateSWI
 .text.HAL_FLASH_Program
                0x0000000024008518      0x124 ./Drivers/STM32H7xx_HAL_Driver/Src/stm32h7xx_hal_flash.o
                0x0000000024008518                HAL_FLASH_Program
 .text.HAL_FLASH_Program_IT
                0x000000002400863c      0x118 ./Drivers/STM32H7xx_HAL_Driver/Src/stm32h7xx_hal_flash.o
                0x000000002400863c                HAL_FLASH_Program_IT
 .text.HAL_FLASH_IRQHandler
                0x0000000024008754      0x2b4 ./Drivers/STM32H7xx_HAL_Driver/Src/stm32h7xx_hal_flash.o
                0x0000000024008754                HAL_FLASH_IRQHandler
 .text.HAL_FLASH_EndOfOperationCallback
                0x0000000024008a08       0x14 ./Drivers/STM32H7xx_HAL_Driver/Src/stm32h7xx_hal_flash.o
                0x0000000024008a08                HAL_FLASH_EndOfOperationCallback
 .text.HAL_FLASH_OperationErrorCallback
                0x0000000024008a1c       0x14 ./Drivers/STM32H7xx_HAL_Driver/Src/stm32h7xx_hal_flash.o
                0x0000000024008a1c                HAL_FLASH_OperationErrorCallback
 .text.HAL_FLASH_Unlock
                0x0000000024008a30       0x74 ./Drivers/STM32H7xx_HAL_Driver/Src/stm32h7xx_hal_flash.o
                0x0000000024008a30                HAL_FLASH_Unlock
 .text.HAL_FLASH_Lock
                0x0000000024008aa4       0x54 ./Drivers/STM32H7xx_HAL_Driver/Src/stm32h7xx_hal_flash.o
                0x0000000024008aa4                HAL_FLASH_Lock
 .text.HAL_FLASH_OB_Unlock
                0x0000000024008af8       0x44 ./Drivers/STM32H7xx_HAL_Driver/Src/stm32h7xx_hal_flash.o
                0x0000000024008af8                HAL_FLASH_OB_Unlock
 .text.HAL_FLASH_OB_Lock
                0x0000000024008b3c       0x30 ./Drivers/STM32H7xx_HAL_Driver/Src/stm32h7xx_hal_flash.o
                0x0000000024008b3c                HAL_FLASH_OB_Lock
 .text.HAL_FLASH_OB_Launch
                0x0000000024008b6c       0x64 ./Drivers/STM32H7xx_HAL_Driver/Src/stm32h7xx_hal_flash.o
                0x0000000024008b6c                HAL_FLASH_OB_Launch
 .text.HAL_FLASH_GetError
                0x0000000024008bd0       0x18 ./Drivers/STM32H7xx_HAL_Driver/Src/stm32h7xx_hal_flash.o
                0x0000000024008bd0                HAL_FLASH_GetError
 .text.FLASH_WaitForLastOperation
                0x0000000024008be8      0x138 ./Drivers/STM32H7xx_HAL_Driver/Src/stm32h7xx_hal_flash.o
                0x0000000024008be8                FLASH_WaitForLastOperation
 .text.FLASH_OB_WaitForLastOperation
                0x0000000024008d20       0x78 ./Drivers/STM32H7xx_HAL_Driver/Src/stm32h7xx_hal_flash.o
                0x0000000024008d20                FLASH_OB_WaitForLastOperation
 .text.FLASH_CRC_WaitForLastOperation
                0x0000000024008d98       0xf4 ./Drivers/STM32H7xx_HAL_Driver/Src/stm32h7xx_hal_flash.o
                0x0000000024008d98                FLASH_CRC_WaitForLastOperation
 .text.HAL_FLASHEx_Erase
                0x0000000024008e8c      0x194 ./Drivers/STM32H7xx_HAL_Driver/Src/stm32h7xx_hal_flash_ex.o
                0x0000000024008e8c                HAL_FLASHEx_Erase
 .text.HAL_FLASHEx_Erase_IT
                0x0000000024009020      0x138 ./Drivers/STM32H7xx_HAL_Driver/Src/stm32h7xx_hal_flash_ex.o
                0x0000000024009020                HAL_FLASHEx_Erase_IT
 .text.HAL_FLASHEx_OBProgram
                0x0000000024009158      0x148 ./Drivers/STM32H7xx_HAL_Driver/Src/stm32h7xx_hal_flash_ex.o
                0x0000000024009158                HAL_FLASHEx_OBProgram
 .text.HAL_FLASHEx_OBGetConfig
                0x00000000240092a0       0xb6 ./Drivers/STM32H7xx_HAL_Driver/Src/stm32h7xx_hal_flash_ex.o
                0x00000000240092a0                HAL_FLASHEx_OBGetConfig
 *fill*         0x0000000024009356        0x2 
 .text.HAL_FLASHEx_Unlock_Bank1
                0x0000000024009358       0x44 ./Drivers/STM32H7xx_HAL_Driver/Src/stm32h7xx_hal_flash_ex.o
                0x0000000024009358                HAL_FLASHEx_Unlock_Bank1
 .text.HAL_FLASHEx_Lock_Bank1
                0x000000002400939c       0x20 ./Drivers/STM32H7xx_HAL_Driver/Src/stm32h7xx_hal_flash_ex.o
                0x000000002400939c                HAL_FLASHEx_Lock_Bank1
 .text.HAL_FLASHEx_Unlock_Bank2
                0x00000000240093bc       0x4c ./Drivers/STM32H7xx_HAL_Driver/Src/stm32h7xx_hal_flash_ex.o
                0x00000000240093bc                HAL_FLASHEx_Unlock_Bank2
 .text.HAL_FLASHEx_Lock_Bank2
                0x0000000024009408       0x24 ./Drivers/STM32H7xx_HAL_Driver/Src/stm32h7xx_hal_flash_ex.o
                0x0000000024009408                HAL_FLASHEx_Lock_Bank2
 .text.HAL_FLASHEx_ComputeCRC
                0x000000002400942c      0x1f0 ./Drivers/STM32H7xx_HAL_Driver/Src/stm32h7xx_hal_flash_ex.o
                0x000000002400942c                HAL_FLASHEx_ComputeCRC
 .text.FLASH_MassErase
                0x000000002400961c       0xd4 ./Drivers/STM32H7xx_HAL_Driver/Src/stm32h7xx_hal_flash_ex.o
 .text.FLASH_Erase_Sector
                0x00000000240096f0       0x7c ./Drivers/STM32H7xx_HAL_Driver/Src/stm32h7xx_hal_flash_ex.o
                0x00000000240096f0                FLASH_Erase_Sector
 .text.FLASH_OB_EnableWRP
                0x000000002400976c       0x54 ./Drivers/STM32H7xx_HAL_Driver/Src/stm32h7xx_hal_flash_ex.o
 .text.FLASH_OB_DisableWRP
                0x00000000240097c0       0x50 ./Drivers/STM32H7xx_HAL_Driver/Src/stm32h7xx_hal_flash_ex.o
 .text.FLASH_OB_GetWRP
                0x0000000024009810       0x5c ./Drivers/STM32H7xx_HAL_Driver/Src/stm32h7xx_hal_flash_ex.o
 .text.FLASH_OB_RDPConfig
                0x000000002400986c       0x28 ./Drivers/STM32H7xx_HAL_Driver/Src/stm32h7xx_hal_flash_ex.o
 .text.FLASH_OB_GetRDP
                0x0000000024009894       0x38 ./Drivers/STM32H7xx_HAL_Driver/Src/stm32h7xx_hal_flash_ex.o
 .text.FLASH_OB_UserConfig
                0x00000000240098cc      0x144 ./Drivers/STM32H7xx_HAL_Driver/Src/stm32h7xx_hal_flash_ex.o
 .text.FLASH_OB_GetUser
                0x0000000024009a10       0x2c ./Drivers/STM32H7xx_HAL_Driver/Src/stm32h7xx_hal_flash_ex.o
 .text.FLASH_OB_PCROPConfig
                0x0000000024009a3c       0x6c ./Drivers/STM32H7xx_HAL_Driver/Src/stm32h7xx_hal_flash_ex.o
 .text.FLASH_OB_GetPCROP
                0x0000000024009aa8       0x84 ./Drivers/STM32H7xx_HAL_Driver/Src/stm32h7xx_hal_flash_ex.o
 .text.FLASH_OB_BOR_LevelConfig
                0x0000000024009b2c       0x28 ./Drivers/STM32H7xx_HAL_Driver/Src/stm32h7xx_hal_flash_ex.o
 .text.FLASH_OB_GetBOR
                0x0000000024009b54       0x1c ./Drivers/STM32H7xx_HAL_Driver/Src/stm32h7xx_hal_flash_ex.o
 .text.FLASH_OB_BootAddConfig
                0x0000000024009b70       0x54 ./Drivers/STM32H7xx_HAL_Driver/Src/stm32h7xx_hal_flash_ex.o
 .text.FLASH_OB_GetBootAdd
                0x0000000024009bc4       0x38 ./Drivers/STM32H7xx_HAL_Driver/Src/stm32h7xx_hal_flash_ex.o
 .text.FLASH_OB_SecureAreaConfig
                0x0000000024009bfc       0x74 ./Drivers/STM32H7xx_HAL_Driver/Src/stm32h7xx_hal_flash_ex.o
 .text.FLASH_OB_GetSecureArea
                0x0000000024009c70       0x84 ./Drivers/STM32H7xx_HAL_Driver/Src/stm32h7xx_hal_flash_ex.o
 .text.FLASH_CRC_AddSector
                0x0000000024009cf4       0x64 ./Drivers/STM32H7xx_HAL_Driver/Src/stm32h7xx_hal_flash_ex.o
 .text.FLASH_CRC_SelectAddress
                0x0000000024009d58       0x40 ./Drivers/STM32H7xx_HAL_Driver/Src/stm32h7xx_hal_flash_ex.o
 .text.HAL_GPIO_Init
                0x0000000024009d98      0x360 ./Drivers/STM32H7xx_HAL_Driver/Src/stm32h7xx_hal_gpio.o
                0x0000000024009d98                HAL_GPIO_Init
 .text.HAL_GPIO_DeInit
                0x000000002400a0f8      0x214 ./Drivers/STM32H7xx_HAL_Driver/Src/stm32h7xx_hal_gpio.o
                0x000000002400a0f8                HAL_GPIO_DeInit
 .text.HAL_GPIO_ReadPin
                0x000000002400a30c       0x30 ./Drivers/STM32H7xx_HAL_Driver/Src/stm32h7xx_hal_gpio.o
                0x000000002400a30c                HAL_GPIO_ReadPin
 .text.HAL_GPIO_WritePin
                0x000000002400a33c       0x32 ./Drivers/STM32H7xx_HAL_Driver/Src/stm32h7xx_hal_gpio.o
                0x000000002400a33c                HAL_GPIO_WritePin
 .text.HAL_GPIO_TogglePin
                0x000000002400a36e       0x34 ./Drivers/STM32H7xx_HAL_Driver/Src/stm32h7xx_hal_gpio.o
                0x000000002400a36e                HAL_GPIO_TogglePin
 .text.HAL_GPIO_LockPin
                0x000000002400a3a2       0x50 ./Drivers/STM32H7xx_HAL_Driver/Src/stm32h7xx_hal_gpio.o
                0x000000002400a3a2                HAL_GPIO_LockPin
 .text.HAL_GPIO_EXTI_IRQHandler
                0x000000002400a3f2       0x34 ./Drivers/STM32H7xx_HAL_Driver/Src/stm32h7xx_hal_gpio.o
                0x000000002400a3f2                HAL_GPIO_EXTI_IRQHandler
 .text.HAL_GPIO_EXTI_Callback
                0x000000002400a426       0x16 ./Drivers/STM32H7xx_HAL_Driver/Src/stm32h7xx_hal_gpio.o
                0x000000002400a426                HAL_GPIO_EXTI_Callback
 .text.HAL_HSEM_Take
                0x000000002400a43c       0x44 ./Drivers/STM32H7xx_HAL_Driver/Src/stm32h7xx_hal_hsem.o
                0x000000002400a43c                HAL_HSEM_Take
 .text.HAL_HSEM_FastTake
                0x000000002400a480       0x34 ./Drivers/STM32H7xx_HAL_Driver/Src/stm32h7xx_hal_hsem.o
                0x000000002400a480                HAL_HSEM_FastTake
 .text.HAL_HSEM_IsSemTaken
                0x000000002400a4b4       0x2c ./Drivers/STM32H7xx_HAL_Driver/Src/stm32h7xx_hal_hsem.o
                0x000000002400a4b4                HAL_HSEM_IsSemTaken
 .text.HAL_HSEM_Release
                0x000000002400a4e0       0x28 ./Drivers/STM32H7xx_HAL_Driver/Src/stm32h7xx_hal_hsem.o
                0x000000002400a4e0                HAL_HSEM_Release
 .text.HAL_HSEM_ReleaseAll
                0x000000002400a508       0x2c ./Drivers/STM32H7xx_HAL_Driver/Src/stm32h7xx_hal_hsem.o
                0x000000002400a508                HAL_HSEM_ReleaseAll
 .text.HAL_HSEM_SetClearKey
                0x000000002400a534       0x2c ./Drivers/STM32H7xx_HAL_Driver/Src/stm32h7xx_hal_hsem.o
                0x000000002400a534                HAL_HSEM_SetClearKey
 .text.HAL_HSEM_GetClearKey
                0x000000002400a560       0x1c ./Drivers/STM32H7xx_HAL_Driver/Src/stm32h7xx_hal_hsem.o
                0x000000002400a560                HAL_HSEM_GetClearKey
 .text.HAL_HSEM_ActivateNotification
                0x000000002400a57c       0x24 ./Drivers/STM32H7xx_HAL_Driver/Src/stm32h7xx_hal_hsem.o
                0x000000002400a57c                HAL_HSEM_ActivateNotification
 .text.HAL_HSEM_DeactivateNotification
                0x000000002400a5a0       0x28 ./Drivers/STM32H7xx_HAL_Driver/Src/stm32h7xx_hal_hsem.o
                0x000000002400a5a0                HAL_HSEM_DeactivateNotification
 .text.HAL_HSEM_IRQHandler
                0x000000002400a5c8       0x34 ./Drivers/STM32H7xx_HAL_Driver/Src/stm32h7xx_hal_hsem.o
                0x000000002400a5c8                HAL_HSEM_IRQHandler
 .text.HAL_HSEM_FreeCallback
                0x000000002400a5fc       0x14 ./Drivers/STM32H7xx_HAL_Driver/Src/stm32h7xx_hal_hsem.o
                0x000000002400a5fc                HAL_HSEM_FreeCallback
 .text.HAL_I2C_Init
                0x000000002400a610      0x120 ./Drivers/STM32H7xx_HAL_Driver/Src/stm32h7xx_hal_i2c.o
                0x000000002400a610                HAL_I2C_Init
 .text.HAL_I2C_DeInit
                0x000000002400a730       0x5e ./Drivers/STM32H7xx_HAL_Driver/Src/stm32h7xx_hal_i2c.o
                0x000000002400a730                HAL_I2C_DeInit
 .text.HAL_I2C_MspInit
                0x000000002400a78e       0x14 ./Drivers/STM32H7xx_HAL_Driver/Src/stm32h7xx_hal_i2c.o
                0x000000002400a78e                HAL_I2C_MspInit
 .text.HAL_I2C_MspDeInit
                0x000000002400a7a2       0x14 ./Drivers/STM32H7xx_HAL_Driver/Src/stm32h7xx_hal_i2c.o
                0x000000002400a7a2                HAL_I2C_MspDeInit
 *fill*         0x000000002400a7b6        0x2 
 .text.HAL_I2C_Master_Transmit
                0x000000002400a7b8      0x1e8 ./Drivers/STM32H7xx_HAL_Driver/Src/stm32h7xx_hal_i2c.o
                0x000000002400a7b8                HAL_I2C_Master_Transmit
 .text.HAL_I2C_Master_Receive
                0x000000002400a9a0      0x1ec ./Drivers/STM32H7xx_HAL_Driver/Src/stm32h7xx_hal_i2c.o
                0x000000002400a9a0                HAL_I2C_Master_Receive
 .text.HAL_I2C_Slave_Transmit
                0x000000002400ab8c      0x23a ./Drivers/STM32H7xx_HAL_Driver/Src/stm32h7xx_hal_i2c.o
                0x000000002400ab8c                HAL_I2C_Slave_Transmit
 .text.HAL_I2C_Slave_Receive
                0x000000002400adc6      0x220 ./Drivers/STM32H7xx_HAL_Driver/Src/stm32h7xx_hal_i2c.o
                0x000000002400adc6                HAL_I2C_Slave_Receive
 *fill*         0x000000002400afe6        0x2 
 .text.HAL_I2C_Master_Transmit_IT
                0x000000002400afe8       0xe0 ./Drivers/STM32H7xx_HAL_Driver/Src/stm32h7xx_hal_i2c.o
                0x000000002400afe8                HAL_I2C_Master_Transmit_IT
 .text.HAL_I2C_Master_Receive_IT
                0x000000002400b0c8       0xe0 ./Drivers/STM32H7xx_HAL_Driver/Src/stm32h7xx_hal_i2c.o
                0x000000002400b0c8                HAL_I2C_Master_Receive_IT
 .text.HAL_I2C_Slave_Transmit_IT
                0x000000002400b1a8       0xa0 ./Drivers/STM32H7xx_HAL_Driver/Src/stm32h7xx_hal_i2c.o
                0x000000002400b1a8                HAL_I2C_Slave_Transmit_IT
 .text.HAL_I2C_Slave_Receive_IT
                0x000000002400b248       0xa0 ./Drivers/STM32H7xx_HAL_Driver/Src/stm32h7xx_hal_i2c.o
                0x000000002400b248                HAL_I2C_Slave_Receive_IT
 .text.HAL_I2C_Master_Transmit_DMA
                0x000000002400b2e8      0x1e0 ./Drivers/STM32H7xx_HAL_Driver/Src/stm32h7xx_hal_i2c.o
                0x000000002400b2e8                HAL_I2C_Master_Transmit_DMA
 .text.HAL_I2C_Master_Receive_DMA
                0x000000002400b4c8      0x1e0 ./Drivers/STM32H7xx_HAL_Driver/Src/stm32h7xx_hal_i2c.o
                0x000000002400b4c8                HAL_I2C_Master_Receive_DMA
 .text.HAL_I2C_Slave_Transmit_DMA
                0x000000002400b6a8      0x16c ./Drivers/STM32H7xx_HAL_Driver/Src/stm32h7xx_hal_i2c.o
                0x000000002400b6a8                HAL_I2C_Slave_Transmit_DMA
 .text.HAL_I2C_Slave_Receive_DMA
                0x000000002400b814      0x16c ./Drivers/STM32H7xx_HAL_Driver/Src/stm32h7xx_hal_i2c.o
                0x000000002400b814                HAL_I2C_Slave_Receive_DMA
 .text.HAL_I2C_Mem_Write
                0x000000002400b980      0x228 ./Drivers/STM32H7xx_HAL_Driver/Src/stm32h7xx_hal_i2c.o
                0x000000002400b980                HAL_I2C_Mem_Write
 .text.HAL_I2C_Mem_Read
                0x000000002400bba8      0x234 ./Drivers/STM32H7xx_HAL_Driver/Src/stm32h7xx_hal_i2c.o
                0x000000002400bba8                HAL_I2C_Mem_Read
 .text.HAL_I2C_Mem_Write_IT
                0x000000002400bddc      0x128 ./Drivers/STM32H7xx_HAL_Driver/Src/stm32h7xx_hal_i2c.o
                0x000000002400bddc                HAL_I2C_Mem_Write_IT
 .text.HAL_I2C_Mem_Read_IT
                0x000000002400bf04      0x12c ./Drivers/STM32H7xx_HAL_Driver/Src/stm32h7xx_hal_i2c.o
                0x000000002400bf04                HAL_I2C_Mem_Read_IT
 .text.HAL_I2C_Mem_Write_DMA
                0x000000002400c030      0x1ec ./Drivers/STM32H7xx_HAL_Driver/Src/stm32h7xx_hal_i2c.o
                0x000000002400c030                HAL_I2C_Mem_Write_DMA
 .text.HAL_I2C_Mem_Read_DMA
                0x000000002400c21c      0x1f0 ./Drivers/STM32H7xx_HAL_Driver/Src/stm32h7xx_hal_i2c.o
                0x000000002400c21c                HAL_I2C_Mem_Read_DMA
 .text.HAL_I2C_IsDeviceReady
                0x000000002400c40c      0x210 ./Drivers/STM32H7xx_HAL_Driver/Src/stm32h7xx_hal_i2c.o
                0x000000002400c40c                HAL_I2C_IsDeviceReady
 .text.HAL_I2C_Master_Seq_Transmit_IT
                0x000000002400c61c      0x108 ./Drivers/STM32H7xx_HAL_Driver/Src/stm32h7xx_hal_i2c.o
                0x000000002400c61c                HAL_I2C_Master_Seq_Transmit_IT
 .text.HAL_I2C_Master_Seq_Transmit_DMA
                0x000000002400c724      0x208 ./Drivers/STM32H7xx_HAL_Driver/Src/stm32h7xx_hal_i2c.o
                0x000000002400c724                HAL_I2C_Master_Seq_Transmit_DMA
 .text.HAL_I2C_Master_Seq_Receive_IT
                0x000000002400c92c      0x108 ./Drivers/STM32H7xx_HAL_Driver/Src/stm32h7xx_hal_i2c.o
                0x000000002400c92c                HAL_I2C_Master_Seq_Receive_IT
 .text.HAL_I2C_Master_Seq_Receive_DMA
                0x000000002400ca34      0x208 ./Drivers/STM32H7xx_HAL_Driver/Src/stm32h7xx_hal_i2c.o
                0x000000002400ca34                HAL_I2C_Master_Seq_Receive_DMA
 .text.HAL_I2C_Slave_Seq_Transmit_IT
                0x000000002400cc3c      0x148 ./Drivers/STM32H7xx_HAL_Driver/Src/stm32h7xx_hal_i2c.o
                0x000000002400cc3c                HAL_I2C_Slave_Seq_Transmit_IT
 .text.HAL_I2C_Slave_Seq_Transmit_DMA
                0x000000002400cd84      0x270 ./Drivers/STM32H7xx_HAL_Driver/Src/stm32h7xx_hal_i2c.o
                0x000000002400cd84                HAL_I2C_Slave_Seq_Transmit_DMA
 .text.HAL_I2C_Slave_Seq_Receive_IT
                0x000000002400cff4      0x148 ./Drivers/STM32H7xx_HAL_Driver/Src/stm32h7xx_hal_i2c.o
                0x000000002400cff4                HAL_I2C_Slave_Seq_Receive_IT
 .text.HAL_I2C_Slave_Seq_Receive_DMA
                0x000000002400d13c      0x270 ./Drivers/STM32H7xx_HAL_Driver/Src/stm32h7xx_hal_i2c.o
                0x000000002400d13c                HAL_I2C_Slave_Seq_Receive_DMA
 .text.HAL_I2C_EnableListen_IT
                0x000000002400d3ac       0x40 ./Drivers/STM32H7xx_HAL_Driver/Src/stm32h7xx_hal_i2c.o
                0x000000002400d3ac                HAL_I2C_EnableListen_IT
 .text.HAL_I2C_DisableListen_IT
                0x000000002400d3ec       0x62 ./Drivers/STM32H7xx_HAL_Driver/Src/stm32h7xx_hal_i2c.o
                0x000000002400d3ec                HAL_I2C_DisableListen_IT
 *fill*         0x000000002400d44e        0x2 
 .text.HAL_I2C_Master_Abort_IT
                0x000000002400d450       0xa0 ./Drivers/STM32H7xx_HAL_Driver/Src/stm32h7xx_hal_i2c.o
                0x000000002400d450                HAL_I2C_Master_Abort_IT
 .text.HAL_I2C_EV_IRQHandler
                0x000000002400d4f0       0x34 ./Drivers/STM32H7xx_HAL_Driver/Src/stm32h7xx_hal_i2c.o
                0x000000002400d4f0                HAL_I2C_EV_IRQHandler
 .text.HAL_I2C_ER_IRQHandler
                0x000000002400d524       0xc2 ./Drivers/STM32H7xx_HAL_Driver/Src/stm32h7xx_hal_i2c.o
                0x000000002400d524                HAL_I2C_ER_IRQHandler
 .text.HAL_I2C_MasterTxCpltCallback
                0x000000002400d5e6       0x14 ./Drivers/STM32H7xx_HAL_Driver/Src/stm32h7xx_hal_i2c.o
                0x000000002400d5e6                HAL_I2C_MasterTxCpltCallback
 .text.HAL_I2C_MasterRxCpltCallback
                0x000000002400d5fa       0x14 ./Drivers/STM32H7xx_HAL_Driver/Src/stm32h7xx_hal_i2c.o
                0x000000002400d5fa                HAL_I2C_MasterRxCpltCallback
 .text.HAL_I2C_SlaveTxCpltCallback
                0x000000002400d60e       0x14 ./Drivers/STM32H7xx_HAL_Driver/Src/stm32h7xx_hal_i2c.o
                0x000000002400d60e                HAL_I2C_SlaveTxCpltCallback
 .text.HAL_I2C_SlaveRxCpltCallback
                0x000000002400d622       0x14 ./Drivers/STM32H7xx_HAL_Driver/Src/stm32h7xx_hal_i2c.o
                0x000000002400d622                HAL_I2C_SlaveRxCpltCallback
 .text.HAL_I2C_AddrCallback
                0x000000002400d636       0x1c ./Drivers/STM32H7xx_HAL_Driver/Src/stm32h7xx_hal_i2c.o
                0x000000002400d636                HAL_I2C_AddrCallback
 .text.HAL_I2C_ListenCpltCallback
                0x000000002400d652       0x14 ./Drivers/STM32H7xx_HAL_Driver/Src/stm32h7xx_hal_i2c.o
                0x000000002400d652                HAL_I2C_ListenCpltCallback
 .text.HAL_I2C_MemTxCpltCallback
                0x000000002400d666       0x14 ./Drivers/STM32H7xx_HAL_Driver/Src/stm32h7xx_hal_i2c.o
                0x000000002400d666                HAL_I2C_MemTxCpltCallback
 .text.HAL_I2C_MemRxCpltCallback
                0x000000002400d67a       0x14 ./Drivers/STM32H7xx_HAL_Driver/Src/stm32h7xx_hal_i2c.o
                0x000000002400d67a                HAL_I2C_MemRxCpltCallback
 .text.HAL_I2C_ErrorCallback
                0x000000002400d68e       0x14 ./Drivers/STM32H7xx_HAL_Driver/Src/stm32h7xx_hal_i2c.o
                0x000000002400d68e                HAL_I2C_ErrorCallback
 .text.HAL_I2C_AbortCpltCallback
                0x000000002400d6a2       0x14 ./Drivers/STM32H7xx_HAL_Driver/Src/stm32h7xx_hal_i2c.o
                0x000000002400d6a2                HAL_I2C_AbortCpltCallback
 .text.HAL_I2C_GetState
                0x000000002400d6b6       0x1c ./Drivers/STM32H7xx_HAL_Driver/Src/stm32h7xx_hal_i2c.o
                0x000000002400d6b6                HAL_I2C_GetState
 .text.HAL_I2C_GetMode
                0x000000002400d6d2       0x1c ./Drivers/STM32H7xx_HAL_Driver/Src/stm32h7xx_hal_i2c.o
                0x000000002400d6d2                HAL_I2C_GetMode
 .text.HAL_I2C_GetError
                0x000000002400d6ee       0x18 ./Drivers/STM32H7xx_HAL_Driver/Src/stm32h7xx_hal_i2c.o
                0x000000002400d6ee                HAL_I2C_GetError
 .text.I2C_Master_ISR_IT
                0x000000002400d706      0x250 ./Drivers/STM32H7xx_HAL_Driver/Src/stm32h7xx_hal_i2c.o
 .text.I2C_Slave_ISR_IT
                0x000000002400d956      0x206 ./Drivers/STM32H7xx_HAL_Driver/Src/stm32h7xx_hal_i2c.o
 .text.I2C_Master_ISR_DMA
                0x000000002400db5c      0x1e6 ./Drivers/STM32H7xx_HAL_Driver/Src/stm32h7xx_hal_i2c.o
 *fill*         0x000000002400dd42        0x2 
 .text.I2C_Slave_ISR_DMA
                0x000000002400dd44      0x3c4 ./Drivers/STM32H7xx_HAL_Driver/Src/stm32h7xx_hal_i2c.o
 .text.I2C_RequestMemoryWrite
                0x000000002400e108       0xa8 ./Drivers/STM32H7xx_HAL_Driver/Src/stm32h7xx_hal_i2c.o
 .text.I2C_RequestMemoryRead
                0x000000002400e1b0       0xa8 ./Drivers/STM32H7xx_HAL_Driver/Src/stm32h7xx_hal_i2c.o
 .text.I2C_ITAddrCplt
                0x000000002400e258      0x108 ./Drivers/STM32H7xx_HAL_Driver/Src/stm32h7xx_hal_i2c.o
 .text.I2C_ITMasterSeqCplt
                0x000000002400e360       0x7a ./Drivers/STM32H7xx_HAL_Driver/Src/stm32h7xx_hal_i2c.o
 .text.I2C_ITSlaveSeqCplt
                0x000000002400e3da       0xbc ./Drivers/STM32H7xx_HAL_Driver/Src/stm32h7xx_hal_i2c.o
 *fill*         0x000000002400e496        0x2 
 .text.I2C_ITMasterCplt
                0x000000002400e498      0x194 ./Drivers/STM32H7xx_HAL_Driver/Src/stm32h7xx_hal_i2c.o
 .text.I2C_ITSlaveCplt
                0x000000002400e62c      0x3f0 ./Drivers/STM32H7xx_HAL_Driver/Src/stm32h7xx_hal_i2c.o
 .text.I2C_ITListenCplt
                0x000000002400ea1c       0xac ./Drivers/STM32H7xx_HAL_Driver/Src/stm32h7xx_hal_i2c.o
 .text.I2C_ITError
                0x000000002400eac8      0x1a0 ./Drivers/STM32H7xx_HAL_Driver/Src/stm32h7xx_hal_i2c.o
 .text.I2C_TreatErrorCallback
                0x000000002400ec68       0x4e ./Drivers/STM32H7xx_HAL_Driver/Src/stm32h7xx_hal_i2c.o
 .text.I2C_Flush_TXDR
                0x000000002400ecb6       0x48 ./Drivers/STM32H7xx_HAL_Driver/Src/stm32h7xx_hal_i2c.o
 .text.I2C_DMAMasterTransmitCplt
                0x000000002400ecfe       0x96 ./Drivers/STM32H7xx_HAL_Driver/Src/stm32h7xx_hal_i2c.o
 .text.I2C_DMASlaveTransmitCplt
                0x000000002400ed94       0x40 ./Drivers/STM32H7xx_HAL_Driver/Src/stm32h7xx_hal_i2c.o
 .text.I2C_DMAMasterReceiveCplt
                0x000000002400edd4       0x96 ./Drivers/STM32H7xx_HAL_Driver/Src/stm32h7xx_hal_i2c.o
 *fill*         0x000000002400ee6a        0x2 
 .text.I2C_DMASlaveReceiveCplt
                0x000000002400ee6c      0x164 ./Drivers/STM32H7xx_HAL_Driver/Src/stm32h7xx_hal_i2c.o
 .text.I2C_DMAError
                0x000000002400efd0      0x274 ./Drivers/STM32H7xx_HAL_Driver/Src/stm32h7xx_hal_i2c.o
 .text.I2C_DMAAbort
                0x000000002400f244       0x3c ./Drivers/STM32H7xx_HAL_Driver/Src/stm32h7xx_hal_i2c.o
 .text.I2C_WaitOnFlagUntilTimeout
                0x000000002400f280       0x80 ./Drivers/STM32H7xx_HAL_Driver/Src/stm32h7xx_hal_i2c.o
 .text.I2C_WaitOnTXISFlagUntilTimeout
                0x000000002400f300       0x80 ./Drivers/STM32H7xx_HAL_Driver/Src/stm32h7xx_hal_i2c.o
 .text.I2C_WaitOnSTOPFlagUntilTimeout
                0x000000002400f380       0x78 ./Drivers/STM32H7xx_HAL_Driver/Src/stm32h7xx_hal_i2c.o
 .text.I2C_WaitOnRXNEFlagUntilTimeout
                0x000000002400f3f8       0xf4 ./Drivers/STM32H7xx_HAL_Driver/Src/stm32h7xx_hal_i2c.o
 .text.I2C_IsErrorOccurred
                0x000000002400f4ec      0x1d8 ./Drivers/STM32H7xx_HAL_Driver/Src/stm32h7xx_hal_i2c.o
 .text.I2C_TransferConfig
                0x000000002400f6c4       0x64 ./Drivers/STM32H7xx_HAL_Driver/Src/stm32h7xx_hal_i2c.o
 .text.I2C_Enable_IRQ
                0x000000002400f728       0xc8 ./Drivers/STM32H7xx_HAL_Driver/Src/stm32h7xx_hal_i2c.o
 .text.I2C_Disable_IRQ
                0x000000002400f7f0       0xbc ./Drivers/STM32H7xx_HAL_Driver/Src/stm32h7xx_hal_i2c.o
 .text.I2C_ConvertOtherXferOptions
                0x000000002400f8ac       0x36 ./Drivers/STM32H7xx_HAL_Driver/Src/stm32h7xx_hal_i2c.o
 .text.HAL_I2CEx_ConfigAnalogFilter
                0x000000002400f8e2       0x96 ./Drivers/STM32H7xx_HAL_Driver/Src/stm32h7xx_hal_i2c_ex.o
                0x000000002400f8e2                HAL_I2CEx_ConfigAnalogFilter
 .text.HAL_I2CEx_ConfigDigitalFilter
                0x000000002400f978       0x98 ./Drivers/STM32H7xx_HAL_Driver/Src/stm32h7xx_hal_i2c_ex.o