../Middlewares/ST/touchgfx/framework/include/touchgfx/Drawable.hpp:121:18:virtual void touchgfx::Drawable::invalidateContent() const	16	static
../Middlewares/ST/touchgfx/framework/include/touchgfx/Drawable.hpp:315:18:virtual void touchgfx::Drawable::setX(int16_t)	16	static
../Middlewares/ST/touchgfx/framework/include/touchgfx/Drawable.hpp:327:18:virtual void touchgfx::Drawable::setY(int16_t)	16	static
../Middlewares/ST/touchgfx/framework/include/touchgfx/Drawable.hpp:356:18:virtual void touchgfx::Drawable::setWidth(int16_t)	16	static
../Middlewares/ST/touchgfx/framework/include/touchgfx/Drawable.hpp:368:18:virtual void touchgfx::Drawable::setHeight(int16_t)	16	static
../Middlewares/ST/touchgfx/framework/include/touchgfx/Drawable.hpp:378:18:virtual void touchgfx::Drawable::childGeometryChanged()	16	static
../Middlewares/ST/touchgfx/framework/include/touchgfx/Drawable.hpp:389:18:virtual void touchgfx::Drawable::handleClickEvent(const touchgfx::ClickEvent&)	16	static
../Middlewares/ST/touchgfx/framework/include/touchgfx/Drawable.hpp:401:18:virtual void touchgfx::Drawable::handleGestureEvent(const touchgfx::GestureEvent&)	16	static
../Middlewares/ST/touchgfx/framework/include/touchgfx/Drawable.hpp:490:18:virtual void touchgfx::Drawable::handleDragEvent(const touchgfx::DragEvent&)	16	static
../Middlewares/ST/touchgfx/framework/include/touchgfx/Drawable.hpp:501:18:virtual void touchgfx::Drawable::handleTickEvent()	16	static
../Middlewares/ST/touchgfx/framework/include/touchgfx/Drawable.hpp:588:18:virtual void touchgfx::Drawable::moveTo(int16_t, int16_t)	16	static
../Middlewares/ST/touchgfx/framework/include/touchgfx/containers/Container.hpp:165:23:virtual touchgfx::Drawable* touchgfx::Container::getFirstChild()	16	static
../TouchGFX/generated/gui_generated/include/gui_generated/containers/CustomContainer2Base.hpp:22:18:virtual void CustomContainer2Base::scrollWheel1UpdateItem(CustomContainer1&, int16_t)	24	static
../TouchGFX/generated/gui_generated/include/gui_generated/containers/CustomContainer2Base.hpp:27:18:virtual void CustomContainer2Base::scrollWheel1UpdateCenterItem(CustomContainer1_1&, int16_t)	24	static
../TouchGFX/gui/include/gui/containers/CustomContainer2.hpp:10:13:CustomContainer2::~CustomContainer2()	16	static
../TouchGFX/gui/include/gui/containers/CustomContainer2.hpp:10:13:virtual CustomContainer2::~CustomContainer2()	16	static
../TouchGFX/gui/src/containers/CustomContainer2.cpp:3:1:CustomContainer2::CustomContainer2()	16	static
../TouchGFX/gui/src/containers/CustomContainer2.cpp:8:6:virtual void CustomContainer2::initialize()	16	static
