../Middlewares/ST/touchgfx/framework/include/touchgfx/hal/Types.hpp:91:5:touchgfx::colortype::colortype(uint32_t)	16	static
../Middlewares/ST/touchgfx/framework/include/touchgfx/Drawable.hpp:121:18:virtual void touchgfx::Drawable::invalidateContent() const	16	static
../Middlewares/ST/touchgfx/framework/include/touchgfx/Drawable.hpp:315:18:virtual void touchgfx::Drawable::setX(int16_t)	16	static
../Middlewares/ST/touchgfx/framework/include/touchgfx/Drawable.hpp:327:18:virtual void touchgfx::Drawable::setY(int16_t)	16	static
../Middlewares/ST/touchgfx/framework/include/touchgfx/Drawable.hpp:356:18:virtual void touchgfx::Drawable::setWidth(int16_t)	16	static
../Middlewares/ST/touchgfx/framework/include/touchgfx/Drawable.hpp:368:18:virtual void touchgfx::Drawable::setHeight(int16_t)	16	static
../Middlewares/ST/touchgfx/framework/include/touchgfx/Drawable.hpp:378:18:virtual void touchgfx::Drawable::childGeometryChanged()	16	static
../Middlewares/ST/touchgfx/framework/include/touchgfx/Drawable.hpp:389:18:virtual void touchgfx::Drawable::handleClickEvent(const touchgfx::ClickEvent&)	16	static
../Middlewares/ST/touchgfx/framework/include/touchgfx/Drawable.hpp:401:18:virtual void touchgfx::Drawable::handleGestureEvent(const touchgfx::GestureEvent&)	16	static
../Middlewares/ST/touchgfx/framework/include/touchgfx/Drawable.hpp:490:18:virtual void touchgfx::Drawable::handleDragEvent(const touchgfx::DragEvent&)	16	static
../Middlewares/ST/touchgfx/framework/include/touchgfx/Drawable.hpp:501:18:virtual void touchgfx::Drawable::handleTickEvent()	16	static
../Middlewares/ST/touchgfx/framework/include/touchgfx/Drawable.hpp:515:10:void touchgfx::Drawable::setVisible(bool)	16	static
../Middlewares/ST/touchgfx/framework/include/touchgfx/Drawable.hpp:588:18:virtual void touchgfx::Drawable::moveTo(int16_t, int16_t)	16	static
../Middlewares/ST/touchgfx/framework/include/touchgfx/containers/Container.hpp:165:23:virtual touchgfx::Drawable* touchgfx::Container::getFirstChild()	16	static
../TouchGFX/gui/include/gui/containers/SettingsItem.hpp:10:13:SettingsItem::~SettingsItem()	16	static
../TouchGFX/gui/include/gui/containers/SettingsItem.hpp:10:13:virtual SettingsItem::~SettingsItem()	16	static
../TouchGFX/gui/src/containers/SettingsItem.cpp:4:1:SettingsItem::SettingsItem()	16	static
../TouchGFX/gui/src/containers/SettingsItem.cpp:8:6:virtual void SettingsItem::initialize()	16	static
../TouchGFX/gui/src/containers/SettingsItem.cpp:12:6:virtual void SettingsItem::setName(const uint8_t*)	16	static
../TouchGFX/gui/src/containers/SettingsItem.cpp:17:6:virtual void SettingsItem::selectItem()	40	static
../TouchGFX/gui/src/containers/SettingsItem.cpp:25:6:virtual void SettingsItem::deselectItem()	40	static
../TouchGFX/gui/src/containers/SettingsItem.cpp:33:6:virtual void SettingsItem::selectConnection()	16	static
../TouchGFX/gui/src/containers/SettingsItem.cpp:38:6:virtual void SettingsItem::deselectConnection()	16	static
