Archive member included to satisfy reference by file (symbol)

c:/st/stm32cubeide_1.7.0/stm32cubeide/plugins/com.st.stm32cube.ide.mcu.externaltools.gnu-tools-for-stm32.9-2020-q2-update.win32_2.0.0.202105311346/tools/bin/../lib/gcc/arm-none-eabi/9.3.1/../../../../arm-none-eabi/lib/thumb/v7e-m+dp/hard\libc_nano.a(lib_a-errno.o)
                              ./Core/Src/syscalls.o (__errno)
c:/st/stm32cubeide_1.7.0/stm32cubeide/plugins/com.st.stm32cube.ide.mcu.externaltools.gnu-tools-for-stm32.9-2020-q2-update.win32_2.0.0.202105311346/tools/bin/../lib/gcc/arm-none-eabi/9.3.1/../../../../arm-none-eabi/lib/thumb/v7e-m+dp/hard\libc_nano.a(lib_a-exit.o)
                              c:/st/stm32cubeide_1.7.0/stm32cubeide/plugins/com.st.stm32cube.ide.mcu.externaltools.gnu-tools-for-stm32.9-2020-q2-update.win32_2.0.0.202105311346/tools/bin/../lib/gcc/arm-none-eabi/9.3.1/../../../../arm-none-eabi/lib/thumb/v7e-m+dp/hard/crt0.o (exit)
c:/st/stm32cubeide_1.7.0/stm32cubeide/plugins/com.st.stm32cube.ide.mcu.externaltools.gnu-tools-for-stm32.9-2020-q2-update.win32_2.0.0.202105311346/tools/bin/../lib/gcc/arm-none-eabi/9.3.1/../../../../arm-none-eabi/lib/thumb/v7e-m+dp/hard\libc_nano.a(lib_a-impure.o)
                              c:/st/stm32cubeide_1.7.0/stm32cubeide/plugins/com.st.stm32cube.ide.mcu.externaltools.gnu-tools-for-stm32.9-2020-q2-update.win32_2.0.0.202105311346/tools/bin/../lib/gcc/arm-none-eabi/9.3.1/../../../../arm-none-eabi/lib/thumb/v7e-m+dp/hard\libc_nano.a(lib_a-exit.o) (_global_impure_ptr)
c:/st/stm32cubeide_1.7.0/stm32cubeide/plugins/com.st.stm32cube.ide.mcu.externaltools.gnu-tools-for-stm32.9-2020-q2-update.win32_2.0.0.202105311346/tools/bin/../lib/gcc/arm-none-eabi/9.3.1/../../../../arm-none-eabi/lib/thumb/v7e-m+dp/hard\libc_nano.a(lib_a-init.o)
                              c:/st/stm32cubeide_1.7.0/stm32cubeide/plugins/com.st.stm32cube.ide.mcu.externaltools.gnu-tools-for-stm32.9-2020-q2-update.win32_2.0.0.202105311346/tools/bin/../lib/gcc/arm-none-eabi/9.3.1/../../../../arm-none-eabi/lib/thumb/v7e-m+dp/hard/crt0.o (__libc_init_array)
c:/st/stm32cubeide_1.7.0/stm32cubeide/plugins/com.st.stm32cube.ide.mcu.externaltools.gnu-tools-for-stm32.9-2020-q2-update.win32_2.0.0.202105311346/tools/bin/../lib/gcc/arm-none-eabi/9.3.1/../../../../arm-none-eabi/lib/thumb/v7e-m+dp/hard\libc_nano.a(lib_a-memset.o)
                              c:/st/stm32cubeide_1.7.0/stm32cubeide/plugins/com.st.stm32cube.ide.mcu.externaltools.gnu-tools-for-stm32.9-2020-q2-update.win32_2.0.0.202105311346/tools/bin/../lib/gcc/arm-none-eabi/9.3.1/../../../../arm-none-eabi/lib/thumb/v7e-m+dp/hard/crt0.o (memset)

Allocating common symbols
Common symbol       size              file

hsai_BlockB2        0x98              ./Core/Src/main.o
hsai_BlockA2        0x98              ./Core/Src/main.o
uwTick              0x4               ./Drivers/STM32H7xx_HAL_Driver/Src/stm32h7xx_hal.o
pFlash              0x1c              ./Drivers/STM32H7xx_HAL_Driver/Src/stm32h7xx_hal_flash.o
hsram1              0x4c              ./Core/Src/main.o
hsai_BlockB1        0x98              ./Core/Src/main.o
hsram2              0x4c              ./Core/Src/main.o
hsai_BlockA1        0x98              ./Core/Src/main.o

Discarded input sections

 .text          0x0000000000000000        0x0 c:/st/stm32cubeide_1.7.0/stm32cubeide/plugins/com.st.stm32cube.ide.mcu.externaltools.gnu-tools-for-stm32.9-2020-q2-update.win32_2.0.0.202105311346/tools/bin/../lib/gcc/arm-none-eabi/9.3.1/thumb/v7e-m+dp/hard/crti.o
 .data          0x0000000000000000        0x0 c:/st/stm32cubeide_1.7.0/stm32cubeide/plugins/com.st.stm32cube.ide.mcu.externaltools.gnu-tools-for-stm32.9-2020-q2-update.win32_2.0.0.202105311346/tools/bin/../lib/gcc/arm-none-eabi/9.3.1/thumb/v7e-m+dp/hard/crti.o
 .bss           0x0000000000000000        0x0 c:/st/stm32cubeide_1.7.0/stm32cubeide/plugins/com.st.stm32cube.ide.mcu.externaltools.gnu-tools-for-stm32.9-2020-q2-update.win32_2.0.0.202105311346/tools/bin/../lib/gcc/arm-none-eabi/9.3.1/thumb/v7e-m+dp/hard/crti.o
 .data          0x0000000000000000        0x4 c:/st/stm32cubeide_1.7.0/stm32cubeide/plugins/com.st.stm32cube.ide.mcu.externaltools.gnu-tools-for-stm32.9-2020-q2-update.win32_2.0.0.202105311346/tools/bin/../lib/gcc/arm-none-eabi/9.3.1/thumb/v7e-m+dp/hard/crtbegin.o
 .text          0x0000000000000000       0x7c c:/st/stm32cubeide_1.7.0/stm32cubeide/plugins/com.st.stm32cube.ide.mcu.externaltools.gnu-tools-for-stm32.9-2020-q2-update.win32_2.0.0.202105311346/tools/bin/../lib/gcc/arm-none-eabi/9.3.1/../../../../arm-none-eabi/lib/thumb/v7e-m+dp/hard/crt0.o
 .data          0x0000000000000000        0x0 c:/st/stm32cubeide_1.7.0/stm32cubeide/plugins/com.st.stm32cube.ide.mcu.externaltools.gnu-tools-for-stm32.9-2020-q2-update.win32_2.0.0.202105311346/tools/bin/../lib/gcc/arm-none-eabi/9.3.1/../../../../arm-none-eabi/lib/thumb/v7e-m+dp/hard/crt0.o
[...]
Memory Configuration

Name             Origin             Length             Attributes
FLASH            0x0000000008000000 0x0000000000020000 xr
DTCMRAM          0x0000000020000000 0x0000000000020000 xrw
RAM_D1           0x0000000024000000 0x0000000000080000 xrw
RAM_D2           0x0000000030000000 0x0000000000048000 xrw
RAM_D3           0x0000000038000000 0x0000000000010000 xrw
ITCMRAM          0x0000000000000000 0x0000000000010000 xrw
*default*        0x0000000000000000 0xffffffffffffffff

Linker script and memory map

LOAD c:/st/stm32cubeide_1.7.0/stm32cubeide/plugins/com.st.stm32cube.ide.mcu.externaltools.gnu-tools-for-stm32.9-2020-q2-update.win32_2.0.0.202105311346/tools/bin/../lib/gcc/arm-none-eabi/9.3.1/thumb/v7e-m+dp/hard/crti.o
LOAD c:/st/stm32cubeide_1.7.0/stm32cubeide/plugins/com.st.stm32cube.ide.mcu.externaltools.gnu-tools-for-stm32.9-2020-q2-update.win32_2.0.0.202105311346/tools/bin/../lib/gcc/arm-none-eabi/9.3.1/thumb/v7e-m+dp/hard/crtbegin.o
LOAD c:/st/stm32cubeide_1.7.0/stm32cubeide/plugins/com.st.stm32cube.ide.mcu.externaltools.gnu-tools-for-stm32.9-2020-q2-update.win32_2.0.0.202105311346/tools/bin/../lib/gcc/arm-none-eabi/9.3.1/../../../../arm-none-eabi/lib/thumb/v7e-m+dp/hard/crt0.o
LOAD ./Core/Src/main.o
LOAD ./Core/Src/stm32h7xx_hal_msp.o
LOAD ./Core/Src/stm32h7xx_it.o
LOAD ./Core/Src/syscalls.o
LOAD ./Core/Src/sysmem.o
LOAD ./Core/Src/system_stm32h7xx.o
LOAD ./Core/Startup/startup_stm32h750vbtx.o
LOAD ./Drivers/STM32H7xx_HAL_Driver/Src/stm32h7xx_hal.o
LOAD ./Drivers/STM32H7xx_HAL_Driver/Src/stm32h7xx_hal_cortex.o
LOAD ./Drivers/STM32H7xx_HAL_Driver/Src/stm32h7xx_hal_dma.o
LOAD ./Drivers/STM32H7xx_HAL_Driver/Src/stm32h7xx_hal_dma_ex.o
LOAD ./Drivers/STM32H7xx_HAL_Driver/Src/stm32h7xx_hal_exti.o
LOAD ./Drivers/STM32H7xx_HAL_Driver/Src/stm32h7xx_hal_flash.o
LOAD ./Drivers/STM32H7xx_HAL_Driver/Src/stm32h7xx_hal_flash_ex.o
LOAD ./Drivers/STM32H7xx_HAL_Driver/Src/stm32h7xx_hal_gpio.o
LOAD ./Drivers/STM32H7xx_HAL_Driver/Src/stm32h7xx_hal_hsem.o
LOAD ./Drivers/STM32H7xx_HAL_Driver/Src/stm32h7xx_hal_i2c.o
LOAD ./Drivers/STM32H7xx_HAL_Driver/Src/stm32h7xx_hal_i2c_ex.o
LOAD ./Drivers/STM32H7xx_HAL_Driver/Src/stm32h7xx_hal_mdma.o
LOAD ./Drivers/STM32H7xx_HAL_Driver/Src/stm32h7xx_hal_pwr.o
LOAD ./Drivers/STM32H7xx_HAL_Driver/Src/stm32h7xx_hal_pwr_ex.o
LOAD ./Drivers/STM32H7xx_HAL_Driver/Src/stm32h7xx_hal_rcc.o
LOAD ./Drivers/STM32H7xx_HAL_Driver/Src/stm32h7xx_hal_rcc_ex.o
LOAD ./Drivers/STM32H7xx_HAL_Driver/Src/stm32h7xx_hal_sai.o
LOAD ./Drivers/STM32H7xx_HAL_Driver/Src/stm32h7xx_hal_sai_ex.o
LOAD ./Drivers/STM32H7xx_HAL_Driver/Src/stm32h7xx_hal_sram.o
LOAD ./Drivers/STM32H7xx_HAL_Driver/Src/stm32h7xx_hal_tim.o
LOAD ./Drivers/STM32H7xx_HAL_Driver/Src/stm32h7xx_hal_tim_ex.o
LOAD ./Drivers/STM32H7xx_HAL_Driver/Src/stm32h7xx_ll_fmc.o
START GROUP
LOAD c:/st/stm32cubeide_1.7.0/stm32cubeide/plugins/com.st.stm32cube.ide.mcu.externaltools.gnu-tools-for-stm32.9-2020-q2-update.win32_2.0.0.202105311346/tools/bin/../lib/gcc/arm-none-eabi/9.3.1/../../../../arm-none-eabi/lib/thumb/v7e-m+dp/hard\libc_nano.a
LOAD c:/st/stm32cubeide_1.7.0/stm32cubeide/plugins/com.st.stm32cube.ide.mcu.externaltools.gnu-tools-for-stm32.9-2020-q2-update.win32_2.0.0.202105311346/tools/bin/../lib/gcc/arm-none-eabi/9.3.1/../../../../arm-none-eabi/lib/thumb/v7e-m+dp/hard\libm.a
END GROUP
START GROUP
LOAD c:/st/stm32cubeide_1.7.0/stm32cubeide/plugins/com.st.stm32cube.ide.mcu.externaltools.gnu-tools-for-stm32.9-2020-q2-update.win32_2.0.0.202105311346/tools/bin/../lib/gcc/arm-none-eabi/9.3.1/thumb/v7e-m+dp/hard\libgcc.a
LOAD c:/st/stm32cubeide_1.7.0/stm32cubeide/plugins/com.st.stm32cube.ide.mcu.externaltools.gnu-tools-for-stm32.9-2020-q2-update.win32_2.0.0.202105311346/tools/bin/../lib/gcc/arm-none-eabi/9.3.1/../../../../arm-none-eabi/lib/thumb/v7e-m+dp/hard\libc_nano.a
END GROUP
START GROUP
LOAD c:/st/stm32cubeide_1.7.0/stm32cubeide/plugins/com.st.stm32cube.ide.mcu.externaltools.gnu-tools-for-stm32.9-2020-q2-update.win32_2.0.0.202105311346/tools/bin/../lib/gcc/arm-none-eabi/9.3.1/thumb/v7e-m+dp/hard\libgcc.a
LOAD c:/st/stm32cubeide_1.7.0/stm32cubeide/plugins/com.st.stm32cube.ide.mcu.externaltools.gnu-tools-for-stm32.9-2020-q2-update.win32_2.0.0.202105311346/tools/bin/../lib/gcc/arm-none-eabi/9.3.1/../../../../arm-none-eabi/lib/thumb/v7e-m+dp/hard\libc_nano.a
LOAD c:/st/stm32cubeide_1.7.0/stm32cubeide/plugins/com.st.stm32cube.ide.mcu.externaltools.gnu-tools-for-stm32.9-2020-q2-update.win32_2.0.0.202105311346/tools/bin/../lib/gcc/arm-none-eabi/9.3.1/../../../../arm-none-eabi/lib/thumb/v7e-m+dp/hard\libnosys.a
END GROUP
START GROUP
LOAD c:/st/stm32cubeide_1.7.0/stm32cubeide/plugins/com.st.stm32cube.ide.mcu.externaltools.gnu-tools-for-stm32.9-2020-q2-update.win32_2.0.0.202105311346/tools/bin/../lib/gcc/arm-none-eabi/9.3.1/thumb/v7e-m+dp/hard\libgcc.a
LOAD c:/st/stm32cubeide_1.7.0/stm32cubeide/plugins/com.st.stm32cube.ide.mcu.externaltools.gnu-tools-for-stm32.9-2020-q2-update.win32_2.0.0.202105311346/tools/bin/../lib/gcc/arm-none-eabi/9.3.1/../../../../arm-none-eabi/lib/thumb/v7e-m+dp/hard\libc_nano.a
LOAD c:/st/stm32cubeide_1.7.0/stm32cubeide/plugins/com.st.stm32cube.ide.mcu.externaltools.gnu-tools-for-stm32.9-2020-q2-update.win32_2.0.0.202105311346/tools/bin/../lib/gcc/arm-none-eabi/9.3.1/../../../../arm-none-eabi/lib/thumb/v7e-m+dp/hard\libnosys.a
END GROUP
LOAD c:/st/stm32cubeide_1.7.0/stm32cubeide/plugins/com.st.stm32cube.ide.mcu.externaltools.gnu-tools-for-stm32.9-2020-q2-update.win32_2.0.0.202105311346/tools/bin/../lib/gcc/arm-none-eabi/9.3.1/thumb/v7e-m+dp/hard/crtend.o
LOAD c:/st/stm32cubeide_1.7.0/stm32cubeide/plugins/com.st.stm32cube.ide.mcu.externaltools.gnu-tools-for-stm32.9-2020-q2-update.win32_2.0.0.202105311346/tools/bin/../lib/gcc/arm-none-eabi/9.3.1/thumb/v7e-m+dp/hard/crtn.o
                0x0000000024080000                _estack = (ORIGIN (RAM_D1) + LENGTH (RAM_D1))
                0x0000000000000200                _Min_Heap_Size = 0x200
                0x0000000000000400                _Min_Stack_Size = 0x400

.isr_vector     0x0000000008000000      0x298
                0x0000000008000000                . = ALIGN (0x4)
 *(.isr_vector)
 .isr_vector    0x0000000008000000      0x298 ./Core/Startup/startup_stm32h750vbtx.o
                0x0000000008000000                g_pfnVectors
                0x0000000008000298                . = ALIGN (0x4)

.text           0x0000000008000298     0x4f78
                0x0000000008000298                . = ALIGN (0x4)
 *(.text)
 .text          0x0000000008000298       0x40 c:/st/stm32cubeide_1.7.0/stm32cubeide/plugins/com.st.stm32cube.ide.mcu.externaltools.gnu-tools-for-stm32.9-2020-q2-update.win32_2.0.0.202105311346/tools/bin/../lib/gcc/arm-none-eabi/9.3.1/thumb/v7e-m+dp/hard/crtbegin.o
 *(.text*)
 .text.main     0x00000000080002d8       0x1e ./Core/Src/main.o
                0x00000000080002d8                main
 *fill*         0x00000000080002f6        0x2 
 .text.SystemClock_Config
                0x00000000080002f8       0xf8 ./Core/Src/main.o
                0x00000000080002f8                SystemClock_Config
 .text.MX_SAI1_Init
                0x00000000080003f0       0xa4 ./Core/Src/main.o
 .text.MX_SAI2_Init
                0x0000000008000494       0xb0 ./Core/Src/main.o
 .text.MX_FMC_Init
                0x0000000008000544      0x164 ./Core/Src/main.o
 .text.MX_GPIO_Init
                0x00000000080006a8       0xe0 ./Core/Src/main.o
 .text.Error_Handler
                0x0000000008000788        0xa ./Core/Src/main.o
                0x0000000008000788                Error_Handler
 *fill*         0x0000000008000792        0x2 
 .text.HAL_MspInit
                0x0000000008000794       0x34 ./Core/Src/stm32h7xx_hal_msp.o
                0x0000000008000794                HAL_MspInit
 .text.HAL_FMC_MspInit
                0x00000000080007c8      0x110 ./Core/Src/stm32h7xx_hal_msp.o
 .text.HAL_SRAM_MspInit
                0x00000000080008d8       0x14 ./Core/Src/stm32h7xx_hal_msp.o
                0x00000000080008d8                HAL_SRAM_MspInit
 .text.HAL_SAI_MspInit
                0x00000000080008ec      0x254 ./Core/Src/stm32h7xx_hal_msp.o
                0x00000000080008ec                HAL_SAI_MspInit
 .text.NMI_Handler
                0x0000000008000b40        0xa ./Core/Src/stm32h7xx_it.o
                0x0000000008000b40                NMI_Handler
 .text.HardFault_Handler
                0x0000000008000b4a        0x6 ./Core/Src/stm32h7xx_it.o
                0x0000000008000b4a                HardFault_Handler
 .text.MemManage_Handler
                0x0000000008000b50        0x6 ./Core/Src/stm32h7xx_it.o
                0x0000000008000b50                MemManage_Handler
 .text.BusFault_Handler
                0x0000000008000b56        0x6 ./Core/Src/stm32h7xx_it.o
                0x0000000008000b56                BusFault_Handler
 .text.UsageFault_Handler
                0x0000000008000b5c        0x6 ./Core/Src/stm32h7xx_it.o
                0x0000000008000b5c                UsageFault_Handler
 .text.SVC_Handler
                0x0000000008000b62        0xe ./Core/Src/stm32h7xx_it.o
                0x0000000008000b62                SVC_Handler
 .text.DebugMon_Handler
                0x0000000008000b70        0xe ./Core/Src/stm32h7xx_it.o
                0x0000000008000b70                DebugMon_Handler
 .text.PendSV_Handler
                0x0000000008000b7e        0xe ./Core/Src/stm32h7xx_it.o
                0x0000000008000b7e                PendSV_Handler
 .text.SysTick_Handler
                0x0000000008000b8c        0xc ./Core/Src/stm32h7xx_it.o
                0x0000000008000b8c                SysTick_Handler
 .text.SystemInit
                0x0000000008000b98      0x110 ./Core/Src/system_stm32h7xx.o
                0x0000000008000b98                SystemInit
 .text.Reset_Handler
                0x0000000008000ca8       0x50 ./Core/Startup/startup_stm32h750vbtx.o
                0x0000000008000ca8                Reset_Handler
 .text.Default_Handler
                0x0000000008000cf8        0x2 ./Core/Startup/startup_stm32h750vbtx.o
                0x0000000008000cf8                RTC_Alarm_IRQHandler
                0x0000000008000cf8                HASH_RNG_IRQHandler
                0x0000000008000cf8                EXTI2_IRQHandler
                0x0000000008000cf8                TIM8_CC_IRQHandler
                0x0000000008000cf8                HRTIM1_Master_IRQHandler
                0x0000000008000cf8                UART8_IRQHandler
                0x0000000008000cf8                SPI4_IRQHandler
                0x0000000008000cf8                TIM1_CC_IRQHandler
                0x0000000008000cf8                BDMA_Channel6_IRQHandler
                0x0000000008000cf8                DMA2_Stream5_IRQHandler
                0x0000000008000cf8                HRTIM1_FLT_IRQHandler
                0x0000000008000cf8                JPEG_IRQHandler
                0x0000000008000cf8                DMA1_Stream5_IRQHandler
                0x0000000008000cf8                BDMA_Channel1_IRQHandler
                0x0000000008000cf8                HRTIM1_TIMD_IRQHandler
                0x0000000008000cf8                TAMP_STAMP_IRQHandler
                0x0000000008000cf8                EXTI3_IRQHandler
                0x0000000008000cf8                LPTIM4_IRQHandler
                0x0000000008000cf8                TIM8_TRG_COM_TIM14_IRQHandler
                0x0000000008000cf8                LPTIM2_IRQHandler
                0x0000000008000cf8                DFSDM1_FLT1_IRQHandler
                0x0000000008000cf8                DMAMUX2_OVR_IRQHandler
                0x0000000008000cf8                TIM8_UP_TIM13_IRQHandler
                0x0000000008000cf8                I2C3_ER_IRQHandler
                0x0000000008000cf8                DFSDM1_FLT2_IRQHandler
                0x0000000008000cf8                MDMA_IRQHandler
                0x0000000008000cf8                LPTIM3_IRQHandler
                0x0000000008000cf8                HSEM1_IRQHandler
                0x0000000008000cf8                EXTI0_IRQHandler
                0x0000000008000cf8                I2C2_EV_IRQHandler
                0x0000000008000cf8                DMA1_Stream2_IRQHandler
                0x0000000008000cf8                FPU_IRQHandler
                0x0000000008000cf8                OTG_HS_WKUP_IRQHandler
                0x0000000008000cf8                FDCAN1_IT1_IRQHandler
                0x0000000008000cf8                LTDC_ER_IRQHandler
                0x0000000008000cf8                DMA2_Stream2_IRQHandler
                0x0000000008000cf8                HRTIM1_TIME_IRQHandler
                0x0000000008000cf8                SPI1_IRQHandler
                0x0000000008000cf8                TIM6_DAC_IRQHandler
                0x0000000008000cf8                DCMI_IRQHandler
                0x0000000008000cf8                HRTIM1_TIMC_IRQHandler
                0x0000000008000cf8                DMA2_Stream3_IRQHandler
                0x0000000008000cf8                SAI2_IRQHandler
                0x0000000008000cf8                DFSDM1_FLT3_IRQHandler
                0x0000000008000cf8                USART6_IRQHandler
                0x0000000008000cf8                TIM17_IRQHandler
                0x0000000008000cf8                USART3_IRQHandler
                0x0000000008000cf8                BDMA_Channel7_IRQHandler
                0x0000000008000cf8                CRYP_IRQHandler
                0x0000000008000cf8                LPTIM5_IRQHandler
                0x0000000008000cf8                UART5_IRQHandler
                0x0000000008000cf8                ADC3_IRQHandler
                0x0000000008000cf8                DMA2_Stream0_IRQHandler
                0x0000000008000cf8                TIM4_IRQHandler
                0x0000000008000cf8                BDMA_Channel2_IRQHandler
                0x0000000008000cf8                QUADSPI_IRQHandler
                0x0000000008000cf8                I2C1_EV_IRQHandler
                0x0000000008000cf8                DMA1_Stream6_IRQHandler
                0x0000000008000cf8                DMAMUX1_OVR_IRQHandler
                0x0000000008000cf8                DMA1_Stream1_IRQHandler
                0x0000000008000cf8                TIM16_IRQHandler
                0x0000000008000cf8                UART4_IRQHandler
                0x0000000008000cf8                BDMA_Channel5_IRQHandler
                0x0000000008000cf8                TIM3_IRQHandler
                0x0000000008000cf8                RCC_IRQHandler
                0x0000000008000cf8                TIM8_BRK_TIM12_IRQHandler
                0x0000000008000cf8                TIM1_TRG_COM_IRQHandler
                0x0000000008000cf8                Default_Handler
                0x0000000008000cf8                ECC_IRQHandler
                0x0000000008000cf8                CEC_IRQHandler
                0x0000000008000cf8                EXTI15_10_IRQHandler
                0x0000000008000cf8                BDMA_Channel0_IRQHandler
                0x0000000008000cf8                ADC_IRQHandler
                0x0000000008000cf8                DMA1_Stream7_IRQHandler
                0x0000000008000cf8                HRTIM1_TIMA_IRQHandler
                0x0000000008000cf8                SPI5_IRQHandler
                0x0000000008000cf8                TIM7_IRQHandler
                0x0000000008000cf8                SDMMC1_IRQHandler
                0x0000000008000cf8                TIM5_IRQHandler
                0x0000000008000cf8                DMA2_Stream7_IRQHandler
                0x0000000008000cf8                TIM15_IRQHandler
                0x0000000008000cf8                PVD_AVD_IRQHandler
                0x0000000008000cf8                I2C3_EV_IRQHandler
                0x0000000008000cf8                EXTI9_5_IRQHandler
                0x0000000008000cf8                RTC_WKUP_IRQHandler
                0x0000000008000cf8                LTDC_IRQHandler
                0x0000000008000cf8                SAI3_IRQHandler
                0x0000000008000cf8                ETH_WKUP_IRQHandler
                0x0000000008000cf8                SPDIF_RX_IRQHandler
                0x0000000008000cf8                SPI2_IRQHandler
                0x0000000008000cf8                OTG_HS_EP1_IN_IRQHandler
                0x0000000008000cf8                DMA1_Stream0_IRQHandler
                0x0000000008000cf8                CRS_IRQHandler
                0x0000000008000cf8                EXTI4_IRQHandler
                0x0000000008000cf8                HRTIM1_TIMB_IRQHandler
                0x0000000008000cf8                FDCAN2_IT1_IRQHandler
                0x0000000008000cf8                ETH_IRQHandler
                0x0000000008000cf8                TIM1_UP_IRQHandler
                0x0000000008000cf8                BDMA_Channel4_IRQHandler
                0x0000000008000cf8                OTG_HS_EP1_OUT_IRQHandler
                0x0000000008000cf8                WWDG_IRQHandler
                0x0000000008000cf8                SPI6_IRQHandler
                0x0000000008000cf8                MDIOS_IRQHandler
                0x0000000008000cf8                I2C4_EV_IRQHandler
                0x0000000008000cf8                FDCAN2_IT0_IRQHandler
                0x0000000008000cf8                LPUART1_IRQHandler
                0x0000000008000cf8                FDCAN1_IT0_IRQHandler
                0x0000000008000cf8                TIM2_IRQHandler
                0x0000000008000cf8                OTG_FS_WKUP_IRQHandler
                0x0000000008000cf8                OTG_HS_IRQHandler
                0x0000000008000cf8                DMA2D_IRQHandler
                0x0000000008000cf8                TIM1_BRK_IRQHandler
                0x0000000008000cf8                EXTI1_IRQHandler
                0x0000000008000cf8                SDMMC2_IRQHandler
                0x0000000008000cf8                OTG_FS_EP1_OUT_IRQHandler
                0x0000000008000cf8                BDMA_Channel3_IRQHandler
                0x0000000008000cf8                UART7_IRQHandler
                0x0000000008000cf8                MDIOS_WKUP_IRQHandler
                0x0000000008000cf8                USART2_IRQHandler
                0x0000000008000cf8                DFSDM1_FLT0_IRQHandler
                0x0000000008000cf8                SAI4_IRQHandler
                0x0000000008000cf8                I2C2_ER_IRQHandler
                0x0000000008000cf8                DMA2_Stream1_IRQHandler
                0x0000000008000cf8                FLASH_IRQHandler
                0x0000000008000cf8                DMA2_Stream4_IRQHandler
                0x0000000008000cf8                USART1_IRQHandler
                0x0000000008000cf8                OTG_FS_IRQHandler
                0x0000000008000cf8                SPI3_IRQHandler
                0x0000000008000cf8                WAKEUP_PIN_IRQHandler
                0x0000000008000cf8                DMA1_Stream4_IRQHandler
                0x0000000008000cf8                OTG_FS_EP1_IN_IRQHandler
                0x0000000008000cf8                I2C1_ER_IRQHandler
                0x0000000008000cf8                FMC_IRQHandler
                0x0000000008000cf8                FDCAN_CAL_IRQHandler
                0x0000000008000cf8                SWPMI1_IRQHandler
                0x0000000008000cf8                COMP1_IRQHandler
                0x0000000008000cf8                LPTIM1_IRQHandler
                0x0000000008000cf8                I2C4_ER_IRQHandler
                0x0000000008000cf8                DMA2_Stream6_IRQHandler
                0x0000000008000cf8                SAI1_IRQHandler
                0x0000000008000cf8                DMA1_Stream3_IRQHandler
 *fill*         0x0000000008000cfa        0x2 
 .text.HAL_Init
                0x0000000008000cfc       0x78 ./Drivers/STM32H7xx_HAL_Driver/Src/stm32h7xx_hal.o
                0x0000000008000cfc                HAL_Init
 .text.HAL_InitTick
                0x0000000008000d74       0x6c ./Drivers/STM32H7xx_HAL_Driver/Src/stm32h7xx_hal.o
                0x0000000008000d74                HAL_InitTick
 .text.HAL_IncTick
                0x0000000008000de0       0x28 ./Drivers/STM32H7xx_HAL_Driver/Src/stm32h7xx_hal.o
                0x0000000008000de0                HAL_IncTick
 .text.HAL_GetTick
                0x0000000008000e08       0x18 ./Drivers/STM32H7xx_HAL_Driver/Src/stm32h7xx_hal.o
                0x0000000008000e08                HAL_GetTick
 .text.HAL_GetREVID
                0x0000000008000e20       0x18 ./Drivers/STM32H7xx_HAL_Driver/Src/stm32h7xx_hal.o
                0x0000000008000e20                HAL_GetREVID
 .text.__NVIC_SetPriorityGrouping
                0x0000000008000e38       0x48 ./Drivers/STM32H7xx_HAL_Driver/Src/stm32h7xx_hal_cortex.o
 .text.__NVIC_GetPriorityGrouping
                0x0000000008000e80       0x1c ./Drivers/STM32H7xx_HAL_Driver/Src/stm32h7xx_hal_cortex.o
 .text.__NVIC_SetPriority
                0x0000000008000e9c       0x54 ./Drivers/STM32H7xx_HAL_Driver/Src/stm32h7xx_hal_cortex.o
 .text.NVIC_EncodePriority
                0x0000000008000ef0       0x66 ./Drivers/STM32H7xx_HAL_Driver/Src/stm32h7xx_hal_cortex.o
 *fill*         0x0000000008000f56        0x2 
 .text.SysTick_Config
                0x0000000008000f58       0x44 ./Drivers/STM32H7xx_HAL_Driver/Src/stm32h7xx_hal_cortex.o
 .text.HAL_NVIC_SetPriorityGrouping
                0x0000000008000f9c       0x16 ./Drivers/STM32H7xx_HAL_Driver/Src/stm32h7xx_hal_cortex.o
                0x0000000008000f9c                HAL_NVIC_SetPriorityGrouping
 .text.HAL_NVIC_SetPriority
                0x0000000008000fb2       0x34 ./Drivers/STM32H7xx_HAL_Driver/Src/stm32h7xx_hal_cortex.o
                0x0000000008000fb2                HAL_NVIC_SetPriority
 .text.HAL_SYSTICK_Config
                0x0000000008000fe6       0x18 ./Drivers/STM32H7xx_HAL_Driver/Src/stm32h7xx_hal_cortex.o
                0x0000000008000fe6                HAL_SYSTICK_Config
 *fill*         0x0000000008000ffe        0x2 
 .text.HAL_GPIO_Init
                0x0000000008001000      0x360 ./Drivers/STM32H7xx_HAL_Driver/Src/stm32h7xx_hal_gpio.o
                0x0000000008001000                HAL_GPIO_Init
 .text.HAL_PWREx_ConfigSupply
                0x0000000008001360       0x74 ./Drivers/STM32H7xx_HAL_Driver/Src/stm32h7xx_hal_pwr_ex.o
                0x0000000008001360                HAL_PWREx_ConfigSupply
 .text.HAL_RCC_OscConfig
                0x00000000080013d4      0x858 ./Drivers/STM32H7xx_HAL_Driver/Src/stm32h7xx_hal_rcc.o
                0x00000000080013d4                HAL_RCC_OscConfig
 .text.HAL_RCC_ClockConfig
                0x0000000008001c2c      0x36c ./Drivers/STM32H7xx_HAL_Driver/Src/stm32h7xx_hal_rcc.o
                0x0000000008001c2c                HAL_RCC_ClockConfig
 .text.HAL_RCC_EnableCSS
                0x0000000008001f98       0x20 ./Drivers/STM32H7xx_HAL_Driver/Src/stm32h7xx_hal_rcc.o
                0x0000000008001f98                HAL_RCC_EnableCSS
 .text.HAL_RCC_GetSysClockFreq
                0x0000000008001fb8      0x2f4 ./Drivers/STM32H7xx_HAL_Driver/Src/stm32h7xx_hal_rcc.o
                0x0000000008001fb8                HAL_RCC_GetSysClockFreq
 .text.HAL_RCC_GetHCLKFreq
                0x00000000080022ac       0x60 ./Drivers/STM32H7xx_HAL_Driver/Src/stm32h7xx_hal_rcc.o
                0x00000000080022ac                HAL_RCC_GetHCLKFreq
 .text.HAL_RCC_NMI_IRQHandler
                0x000000000800230c       0x28 ./Drivers/STM32H7xx_HAL_Driver/Src/stm32h7xx_hal_rcc.o
                0x000000000800230c                HAL_RCC_NMI_IRQHandler
 .text.HAL_RCC_CSSCallback
                0x0000000008002334        0xe ./Drivers/STM32H7xx_HAL_Driver/Src/stm32h7xx_hal_rcc.o
                0x0000000008002334                HAL_RCC_CSSCallback
 *fill*         0x0000000008002342        0x2 
 .text.HAL_RCCEx_PeriphCLKConfig
                0x0000000008002344      0xe80 ./Drivers/STM32H7xx_HAL_Driver/Src/stm32h7xx_hal_rcc_ex.o
                0x0000000008002344                HAL_RCCEx_PeriphCLKConfig
 .text.HAL_RCCEx_GetPeriphCLKFreq
                0x00000000080031c4      0x9a4 ./Drivers/STM32H7xx_HAL_Driver/Src/stm32h7xx_hal_rcc_ex.o
                0x00000000080031c4                HAL_RCCEx_GetPeriphCLKFreq
 .text.HAL_RCCEx_GetD3PCLK1Freq
                0x0000000008003b68       0x2c ./Drivers/STM32H7xx_HAL_Driver/Src/stm32h7xx_hal_rcc_ex.o
                0x0000000008003b68                HAL_RCCEx_GetD3PCLK1Freq
 .text.HAL_RCCEx_GetPLL2ClockFreq
                0x0000000008003b94      0x2a8 ./Drivers/STM32H7xx_HAL_Driver/Src/stm32h7xx_hal_rcc_ex.o
                0x0000000008003b94                HAL_RCCEx_GetPLL2ClockFreq
 .text.HAL_RCCEx_GetPLL3ClockFreq
                0x0000000008003e3c      0x2a8 ./Drivers/STM32H7xx_HAL_Driver/Src/stm32h7xx_hal_rcc_ex.o
                0x0000000008003e3c                HAL_RCCEx_GetPLL3ClockFreq
 .text.HAL_RCCEx_GetPLL1ClockFreq
                0x00000000080040e4      0x2a4 ./Drivers/STM32H7xx_HAL_Driver/Src/stm32h7xx_hal_rcc_ex.o
                0x00000000080040e4                HAL_RCCEx_GetPLL1ClockFreq
 .text.RCCEx_PLL2_Config
                0x0000000008004388      0x164 ./Drivers/STM32H7xx_HAL_Driver/Src/stm32h7xx_hal_rcc_ex.o
 .text.RCCEx_PLL3_Config
                0x00000000080044ec      0x164 ./Drivers/STM32H7xx_HAL_Driver/Src/stm32h7xx_hal_rcc_ex.o
 .text.HAL_SAI_InitProtocol
                0x0000000008004650       0x62 ./Drivers/STM32H7xx_HAL_Driver/Src/stm32h7xx_hal_sai.o
                0x0000000008004650                HAL_SAI_InitProtocol
 *fill*         0x00000000080046b2        0x2 
 .text.HAL_SAI_Init
                0x00000000080046b4      0x540 ./Drivers/STM32H7xx_HAL_Driver/Src/stm32h7xx_hal_sai.o
                0x00000000080046b4                HAL_SAI_Init
 .text.SAI_InitI2S
                0x0000000008004bf4      0x164 ./Drivers/STM32H7xx_HAL_Driver/Src/stm32h7xx_hal_sai.o
 .text.SAI_InitPCM
                0x0000000008004d58      0x104 ./Drivers/STM32H7xx_HAL_Driver/Src/stm32h7xx_hal_sai.o
 .text.SAI_Disable
                0x0000000008004e5c       0x74 ./Drivers/STM32H7xx_HAL_Driver/Src/stm32h7xx_hal_sai.o
 .text.HAL_SRAM_Init
                0x0000000008004ed0       0xa0 ./Drivers/STM32H7xx_HAL_Driver/Src/stm32h7xx_hal_sram.o
                0x0000000008004ed0                HAL_SRAM_Init
 .text.FMC_NORSRAM_Init
                0x0000000008004f70      0x120 ./Drivers/STM32H7xx_HAL_Driver/Src/stm32h7xx_ll_fmc.o
                0x0000000008004f70                FMC_NORSRAM_Init
 .text.FMC_NORSRAM_Timing_Init
                0x0000000008005090       0xa0 ./Drivers/STM32H7xx_HAL_Driver/Src/stm32h7xx_ll_fmc.o
                0x0000000008005090                FMC_NORSRAM_Timing_Init
 .text.FMC_NORSRAM_Extended_Timing_Init
                0x0000000008005130       0x70 ./Drivers/STM32H7xx_HAL_Driver/Src/stm32h7xx_ll_fmc.o
                0x0000000008005130                FMC_NORSRAM_Extended_Timing_Init
 .text.__libc_init_array
                0x00000000080051a0       0x48 c:/st/stm32cubeide_1.7.0/stm32cubeide/plugins/com.st.stm32cube.ide.mcu.externaltools.gnu-tools-for-stm32.9-2020-q2-update.win32_2.0.0.202105311346/tools/bin/../lib/gcc/arm-none-eabi/9.3.1/../../../../arm-none-eabi/lib/thumb/v7e-m+dp/hard\libc_nano.a(lib_a-init.o)
                0x00000000080051a0                __libc_init_array
 .text.memset   0x00000000080051e8       0x10 c:/st/stm32cubeide_1.7.0/stm32cubeide/plugins/com.st.stm32cube.ide.mcu.externaltools.gnu-tools-for-stm32.9-2020-q2-update.win32_2.0.0.202105311346/tools/bin/../lib/gcc/arm-none-eabi/9.3.1/../../../../arm-none-eabi/lib/thumb/v7e-m+dp/hard\libc_nano.a(lib_a-memset.o)
                0x00000000080051e8                memset
 *(.glue_7)
 .glue_7        0x00000000080051f8        0x0 linker stubs
 *(.glue_7t)
 .glue_7t       0x00000000080051f8        0x0 linker stubs
 *(.eh_frame)
 .eh_frame      0x00000000080051f8        0x0 c:/st/stm32cubeide_1.7.0/stm32cubeide/plugins/com.st.stm32cube.ide.mcu.externaltools.gnu-tools-for-stm32.9-2020-q2-update.win32_2.0.0.202105311346/tools/bin/../lib/gcc/arm-none-eabi/9.3.1/thumb/v7e-m+dp/hard/crtbegin.o
 *(.init)
 .init          0x00000000080051f8        0x4 c:/st/stm32cubeide_1.7.0/stm32cubeide/plugins/com.st.stm32cube.ide.mcu.externaltools.gnu-tools-for-stm32.9-2020-q2-update.win32_2.0.0.202105311346/tools/bin/../lib/gcc/arm-none-eabi/9.3.1/thumb/v7e-m+dp/hard/crti.o
                0x00000000080051f8                _init
 .init          0x00000000080051fc        0x8 c:/st/stm32cubeide_1.7.0/stm32cubeide/plugins/com.st.stm32cube.ide.mcu.externaltools.gnu-tools-for-stm32.9-2020-q2-update.win32_2.0.0.202105311346/tools/bin/../lib/gcc/arm-none-eabi/9.3.1/thumb/v7e-m+dp/hard/crtn.o
 *(.fini)
 .fini          0x0000000008005204        0x4 c:/st/stm32cubeide_1.7.0/stm32cubeide/plugins/com.st.stm32cube.ide.mcu.externaltools.gnu-tools-for-stm32.9-2020-q2-update.win32_2.0.0.202105311346/tools/bin/../lib/gcc/arm-none-eabi/9.3.1/thumb/v7e-m+dp/hard/crti.o
                0x0000000008005204                _fini
 .fini          0x0000000008005208        0x8 c:/st/stm32cubeide_1.7.0/stm32cubeide/plugins/com.st.stm32cube.ide.mcu.externaltools.gnu-tools-for-stm32.9-2020-q2-update.win32_2.0.0.202105311346/tools/bin/../lib/gcc/arm-none-eabi/9.3.1/thumb/v7e-m+dp/hard/crtn.o
                0x0000000008005210                . = ALIGN (0x4)
                0x0000000008005210                _etext = .

.vfp11_veneer   0x0000000008005210        0x0
 .vfp11_veneer  0x0000000008005210        0x0 linker stubs

.v4_bx          0x0000000008005210        0x0
 .v4_bx         0x0000000008005210        0x0 linker stubs

.iplt           0x0000000008005210        0x0
 .iplt          0x0000000008005210        0x0 c:/st/stm32cubeide_1.7.0/stm32cubeide/plugins/com.st.stm32cube.ide.mcu.externaltools.gnu-tools-for-stm32.9-2020-q2-update.win32_2.0.0.202105311346/tools/bin/../lib/gcc/arm-none-eabi/9.3.1/thumb/v7e-m+dp/hard/crtbegin.o

.rodata         0x0000000008005210       0x10
                0x0000000008005210                . = ALIGN (0x4)
 *(.rodata)
 *(.rodata*)
 .rodata.D1CorePrescTable
                0x0000000008005210       0x10 ./Core/Src/system_stm32h7xx.o
                0x0000000008005210                D1CorePrescTable
                0x0000000008005220                . = ALIGN (0x4)

.rel.dyn        0x0000000008005220        0x0
 .rel.iplt      0x0000000008005220        0x0 c:/st/stm32cubeide_1.7.0/stm32cubeide/plugins/com.st.stm32cube.ide.mcu.externaltools.gnu-tools-for-stm32.9-2020-q2-update.win32_2.0.0.202105311346/tools/bin/../lib/gcc/arm-none-eabi/9.3.1/thumb/v7e-m+dp/hard/crtbegin.o

.ARM.extab
 *(.ARM.extab* .gnu.linkonce.armextab.*)

.ARM            0x0000000008005220        0x0
                0x0000000008005220                __exidx_start = .
 *(.ARM.exidx*)
                0x0000000008005220                __exidx_end = .

.preinit_array  0x0000000008005220        0x0
                0x0000000008005220                PROVIDE (__preinit_array_start = .)
 *(.preinit_array*)
                0x0000000008005220                PROVIDE (__preinit_array_end = .)

.init_array     0x0000000008005220        0x4
                0x0000000008005220                PROVIDE (__init_array_start = .)
 *(SORT_BY_NAME(.init_array.*))
 *(.init_array*)
 .init_array    0x0000000008005220        0x4 c:/st/stm32cubeide_1.7.0/stm32cubeide/plugins/com.st.stm32cube.ide.mcu.externaltools.gnu-tools-for-stm32.9-2020-q2-update.win32_2.0.0.202105311346/tools/bin/../lib/gcc/arm-none-eabi/9.3.1/thumb/v7e-m+dp/hard/crtbegin.o
                0x0000000008005224                PROVIDE (__init_array_end = .)

.fini_array     0x0000000008005224        0x4
                [!provide]                        PROVIDE (__fini_array_start = .)
 *(SORT_BY_NAME(.fini_array.*))
 *(.fini_array*)
 .fini_array    0x0000000008005224        0x4 c:/st/stm32cubeide_1.7.0/stm32cubeide/plugins/com.st.stm32cube.ide.mcu.externaltools.gnu-tools-for-stm32.9-2020-q2-update.win32_2.0.0.202105311346/tools/bin/../lib/gcc/arm-none-eabi/9.3.1/thumb/v7e-m+dp/hard/crtbegin.o
                [!provide]                        PROVIDE (__fini_array_end = .)
                0x0000000008005228                _sidata = LOADADDR (.data)

.data           0x0000000024000000       0x10 load address 0x0000000008005228
                0x0000000024000000                . = ALIGN (0x4)
                0x0000000024000000                _sdata = .
 *(.data)
 *(.data*)
 .data.SystemCoreClock
                0x0000000024000000        0x4 ./Core/Src/system_stm32h7xx.o
                0x0000000024000000                SystemCoreClock
 .data.SystemD2Clock
                0x0000000024000004        0x4 ./Core/Src/system_stm32h7xx.o
                0x0000000024000004                SystemD2Clock
 .data.uwTickPrio
                0x0000000024000008        0x4 ./Drivers/STM32H7xx_HAL_Driver/Src/stm32h7xx_hal.o
                0x0000000024000008                uwTickPrio
 .data.uwTickFreq
                0x000000002400000c        0x1 ./Drivers/STM32H7xx_HAL_Driver/Src/stm32h7xx_hal.o
                0x000000002400000c                uwTickFreq
 *(.RamFunc)
 *(.RamFunc*)
                0x0000000024000010                . = ALIGN (0x4)
 *fill*         0x000000002400000d        0x3 
                0x0000000024000010                _edata = .

.igot.plt       0x0000000024000010        0x0 load address 0x0000000008005238
 .igot.plt      0x0000000024000010        0x0 c:/st/stm32cubeide_1.7.0/stm32cubeide/plugins/com.st.stm32cube.ide.mcu.externaltools.gnu-tools-for-stm32.9-2020-q2-update.win32_2.0.0.202105311346/tools/bin/../lib/gcc/arm-none-eabi/9.3.1/thumb/v7e-m+dp/hard/crtbegin.o
                0x0000000024000010                . = ALIGN (0x4)

.bss            0x0000000024000010      0x324 load address 0x0000000008005238
                0x0000000024000010                _sbss = .
                0x0000000024000010                __bss_start__ = _sbss
 *(.bss)
 .bss           0x0000000024000010       0x1c c:/st/stm32cubeide_1.7.0/stm32cubeide/plugins/com.st.stm32cube.ide.mcu.externaltools.gnu-tools-for-stm32.9-2020-q2-update.win32_2.0.0.202105311346/tools/bin/../lib/gcc/arm-none-eabi/9.3.1/thumb/v7e-m+dp/hard/crtbegin.o
 *(.bss*)
 .bss.FMC_Initialized
                0x000000002400002c        0x4 ./Core/Src/stm32h7xx_hal_msp.o
 .bss.SAI1_client
                0x0000000024000030        0x4 ./Core/Src/stm32h7xx_hal_msp.o
 .bss.SAI2_client
                0x0000000024000034        0x4 ./Core/Src/stm32h7xx_hal_msp.o
 *(COMMON)
 COMMON         0x0000000024000038      0x2f8 ./Core/Src/main.o
                0x0000000024000038                hsai_BlockB2
                0x00000000240000d0                hsai_BlockA2
                0x0000000024000168                hsram1
                0x00000000240001b4                hsai_BlockB1
                0x000000002400024c                hsram2
                0x0000000024000298                hsai_BlockA1
 COMMON         0x0000000024000330        0x4 ./Drivers/STM32H7xx_HAL_Driver/Src/stm32h7xx_hal.o
                0x0000000024000330                uwTick
                0x0000000024000334                . = ALIGN (0x4)
                0x0000000024000334                _ebss = .
                0x0000000024000334                __bss_end__ = _ebss

._user_heap_stack
                0x0000000024000334      0x604 load address 0x0000000008005238
                0x0000000024000338                . = ALIGN (0x8)
 *fill*         0x0000000024000334        0x4 
                [!provide]                        PROVIDE (end = .)
                0x0000000024000338                PROVIDE (_end = .)
                0x0000000024000538                . = (. + _Min_Heap_Size)
 *fill*         0x0000000024000338      0x200 
                0x0000000024000938                . = (. + _Min_Stack_Size)
 *fill*         0x0000000024000538      0x400 
                0x0000000024000938                . = ALIGN (0x8)

/DISCARD/
 libc.a(*)
 libm.a(*)
 libgcc.a(*)

.ARM.attributes
                0x0000000000000000       0x2e
 *(.ARM.attributes)
 .ARM.attributes
                0x0000000000000000       0x1e c:/st/stm32cubeide_1.7.0/stm32cubeide/plugins/com.st.stm32cube.ide.mcu.externaltools.gnu-tools-for-stm32.9-2020-q2-update.win32_2.0.0.202105311346/tools/bin/../lib/gcc/arm-none-eabi/9.3.1/thumb/v7e-m+dp/hard/crti.o
 .ARM.attributes
                0x000000000000001e       0x32 c:/st/stm32cubeide_1.7.0/stm32cubeide/plugins/com.st.stm32cube.ide.mcu.externaltools.gnu-tools-for-stm32.9-2020-q2-update.win32_2.0.0.202105311346/tools/bin/../lib/gcc/arm-none-eabi/9.3.1/thumb/v7e-m+dp/hard/crtbegin.o
 .ARM.attributes
                0x0000000000000050       0x32 ./Core/Src/main.o
 .ARM.attributes
                0x0000000000000082       0x32 ./Core/Src/stm32h7xx_hal_msp.o
 .ARM.attributes
                0x00000000000000b4       0x32 ./Core/Src/stm32h7xx_it.o
 .ARM.attributes
                0x00000000000000e6       0x32 ./Core/Src/system_stm32h7xx.o
 .ARM.attributes
                0x0000000000000118       0x21 ./Core/Startup/startup_stm32h750vbtx.o
 .ARM.attributes
                0x0000000000000139       0x32 ./Drivers/STM32H7xx_HAL_Driver/Src/stm32h7xx_hal.o
 .ARM.attributes
                0x000000000000016b       0x32 ./Drivers/STM32H7xx_HAL_Driver/Src/stm32h7xx_hal_cortex.o
 .ARM.attributes
                0x000000000000019d       0x32 ./Drivers/STM32H7xx_HAL_Driver/Src/stm32h7xx_hal_gpio.o
 .ARM.attributes
                0x00000000000001cf       0x32 ./Drivers/STM32H7xx_HAL_Driver/Src/stm32h7xx_hal_pwr_ex.o
 .ARM.attributes
                0x0000000000000201       0x32 ./Drivers/STM32H7xx_HAL_Driver/Src/stm32h7xx_hal_rcc.o
 .ARM.attributes
                0x0000000000000233       0x32 ./Drivers/STM32H7xx_HAL_Driver/Src/stm32h7xx_hal_rcc_ex.o
 .ARM.attributes
                0x0000000000000265       0x32 ./Drivers/STM32H7xx_HAL_Driver/Src/stm32h7xx_hal_sai.o
 .ARM.attributes
                0x0000000000000297       0x32 ./Drivers/STM32H7xx_HAL_Driver/Src/stm32h7xx_hal_sram.o
 .ARM.attributes
                0x00000000000002c9       0x32 ./Drivers/STM32H7xx_HAL_Driver/Src/stm32h7xx_ll_fmc.o
 .ARM.attributes
                0x00000000000002fb       0x32 c:/st/stm32cubeide_1.7.0/stm32cubeide/plugins/com.st.stm32cube.ide.mcu.externaltools.gnu-tools-for-stm32.9-2020-q2-update.win32_2.0.0.202105311346/tools/bin/../lib/gcc/arm-none-eabi/9.3.1/../../../../arm-none-eabi/lib/thumb/v7e-m+dp/hard\libc_nano.a(lib_a-init.o)
 .ARM.attributes
                0x000000000000032d       0x32 c:/st/stm32cubeide_1.7.0/stm32cubeide/plugins/com.st.stm32cube.ide.mcu.externaltools.gnu-tools-for-stm32.9-2020-q2-update.win32_2.0.0.202105311346/tools/bin/../lib/gcc/arm-none-eabi/9.3.1/../../../../arm-none-eabi/lib/thumb/v7e-m+dp/hard\libc_nano.a(lib_a-memset.o)
 .ARM.attributes
                0x000000000000035f       0x1e c:/st/stm32cubeide_1.7.0/stm32cubeide/plugins/com.st.stm32cube.ide.mcu.externaltools.gnu-tools-for-stm32.9-2020-q2-update.win32_2.0.0.202105311346/tools/bin/../lib/gcc/arm-none-eabi/9.3.1/thumb/v7e-m+dp/hard/crtn.o
OUTPUT(ProtoStack_H750VB.elf elf32-littlearm)
LOAD linker stubs
LOAD c:/st/stm32cubeide_1.7.0/stm32cubeide/plugins/com.st.stm32cube.ide.mcu.externaltools.gnu-tools-for-stm32.9-2020-q2-update.win32_2.0.0.202105311346/tools/bin/../lib/gcc/arm-none-eabi/9.3.1/../../../../arm-none-eabi/lib/thumb/v7e-m+dp/hard\libc.a
LOAD c:/st/stm32cubeide_1.7.0/stm32cubeide/plugins/com.st.stm32cube.ide.mcu.externaltools.gnu-tools-for-stm32.9-2020-q2-update.win32_2.0.0.202105311346/tools/bin/../lib/gcc/arm-none-eabi/9.3.1/../../../../arm-none-eabi/lib/thumb/v7e-m+dp/hard\libm.a
LOAD c:/st/stm32cubeide_1.7.0/stm32cubeide/plugins/com.st.stm32cube.ide.mcu.externaltools.gnu-tools-for-stm32.9-2020-q2-update.win32_2.0.0.202105311346/tools/bin/../lib/gcc/arm-none-eabi/9.3.1/thumb/v7e-m+dp/hard\libgcc.a

.debug_info     0x0000000000000000    0x159bf
 .debug_info    0x0000000000000000     0x2379 ./Core/Src/main.o
 .debug_info    0x0000000000002379     0x216a ./Core/Src/stm32h7xx_hal_msp.o
 .debug_info    0x00000000000044e3      0xbe2 ./Core/Src/stm32h7xx_it.o
 .debug_info    0x00000000000050c5     0x1748 ./Core/Src/system_stm32h7xx.o
 .debug_info    0x000000000000680d       0x22 ./Core/Startup/startup_stm32h750vbtx.o
 .debug_info    0x000000000000682f     0x1f64 ./Drivers/STM32H7xx_HAL_Driver/Src/stm32h7xx_hal.o
 .debug_info    0x0000000000008793     0x1bda ./Drivers/STM32H7xx_HAL_Driver/Src/stm32h7xx_hal_cortex.o
 .debug_info    0x000000000000a36d     0x17bf ./Drivers/STM32H7xx_HAL_Driver/Src/stm32h7xx_hal_gpio.o
 .debug_info    0x000000000000bb2c     0x1b06 ./Drivers/STM32H7xx_HAL_Driver/Src/stm32h7xx_hal_pwr_ex.o
 .debug_info    0x000000000000d632     0x192a ./Drivers/STM32H7xx_HAL_Driver/Src/stm32h7xx_hal_rcc.o
 .debug_info    0x000000000000ef5c     0x1cc1 ./Drivers/STM32H7xx_HAL_Driver/Src/stm32h7xx_hal_rcc_ex.o
 .debug_info    0x0000000000010c1d     0x1e5c ./Drivers/STM32H7xx_HAL_Driver/Src/stm32h7xx_hal_sai.o
 .debug_info    0x0000000000012a79     0x1871 ./Drivers/STM32H7xx_HAL_Driver/Src/stm32h7xx_hal_sram.o
 .debug_info    0x00000000000142ea     0x16d5 ./Drivers/STM32H7xx_HAL_Driver/Src/stm32h7xx_ll_fmc.o

.debug_abbrev   0x0000000000000000     0x2589
 .debug_abbrev  0x0000000000000000      0x2ec ./Core/Src/main.o
 .debug_abbrev  0x00000000000002ec      0x2c6 ./Core/Src/stm32h7xx_hal_msp.o
 .debug_abbrev  0x00000000000005b2      0x1ef ./Core/Src/stm32h7xx_it.o
 .debug_abbrev  0x00000000000007a1      0x262 ./Core/Src/system_stm32h7xx.o
 .debug_abbrev  0x0000000000000a03       0x12 ./Core/Startup/startup_stm32h750vbtx.o
 .debug_abbrev  0x0000000000000a15      0x31b ./Drivers/STM32H7xx_HAL_Driver/Src/stm32h7xx_hal.o
 .debug_abbrev  0x0000000000000d30      0x409 ./Drivers/STM32H7xx_HAL_Driver/Src/stm32h7xx_hal_cortex.o
 .debug_abbrev  0x0000000000001139      0x2cb ./Drivers/STM32H7xx_HAL_Driver/Src/stm32h7xx_hal_gpio.o
 .debug_abbrev  0x0000000000001404      0x350 ./Drivers/STM32H7xx_HAL_Driver/Src/stm32h7xx_hal_pwr_ex.o
 .debug_abbrev  0x0000000000001754      0x322 ./Drivers/STM32H7xx_HAL_Driver/Src/stm32h7xx_hal_rcc.o
 .debug_abbrev  0x0000000000001a76      0x31d ./Drivers/STM32H7xx_HAL_Driver/Src/stm32h7xx_hal_rcc_ex.o
 .debug_abbrev  0x0000000000001d93      0x2f8 ./Drivers/STM32H7xx_HAL_Driver/Src/stm32h7xx_hal_sai.o
 .debug_abbrev  0x000000000000208b      0x28d ./Drivers/STM32H7xx_HAL_Driver/Src/stm32h7xx_hal_sram.o
 .debug_abbrev  0x0000000000002318      0x271 ./Drivers/STM32H7xx_HAL_Driver/Src/stm32h7xx_ll_fmc.o

.debug_aranges  0x0000000000000000      0xa30
 .debug_aranges
                0x0000000000000000       0x50 ./Core/Src/main.o
 .debug_aranges
                0x0000000000000050       0x50 ./Core/Src/stm32h7xx_hal_msp.o
 .debug_aranges
                0x00000000000000a0       0x60 ./Core/Src/stm32h7xx_it.o
 .debug_aranges
                0x0000000000000100       0x28 ./Core/Src/system_stm32h7xx.o
 .debug_aranges
                0x0000000000000128       0x28 ./Core/Startup/startup_stm32h750vbtx.o
 .debug_aranges
                0x0000000000000150      0x198 ./Drivers/STM32H7xx_HAL_Driver/Src/stm32h7xx_hal.o
 .debug_aranges
                0x00000000000002e8      0x120 ./Drivers/STM32H7xx_HAL_Driver/Src/stm32h7xx_hal_cortex.o
 .debug_aranges
                0x0000000000000408       0x58 ./Drivers/STM32H7xx_HAL_Driver/Src/stm32h7xx_hal_gpio.o
 .debug_aranges
                0x0000000000000460      0x158 ./Drivers/STM32H7xx_HAL_Driver/Src/stm32h7xx_hal_pwr_ex.o
 .debug_aranges
                0x00000000000005b8       0x88 ./Drivers/STM32H7xx_HAL_Driver/Src/stm32h7xx_hal_rcc.o
 .debug_aranges
                0x0000000000000640       0xf8 ./Drivers/STM32H7xx_HAL_Driver/Src/stm32h7xx_hal_rcc_ex.o
 .debug_aranges
                0x0000000000000738      0x178 ./Drivers/STM32H7xx_HAL_Driver/Src/stm32h7xx_hal_sai.o
 .debug_aranges
                0x00000000000008b0       0xb8 ./Drivers/STM32H7xx_HAL_Driver/Src/stm32h7xx_hal_sram.o
 .debug_aranges
                0x0000000000000968       0xc8 ./Drivers/STM32H7xx_HAL_Driver/Src/stm32h7xx_ll_fmc.o

.debug_ranges   0x0000000000000000      0x970
 .debug_ranges  0x0000000000000000       0x40 ./Core/Src/main.o
 .debug_ranges  0x0000000000000040       0x40 ./Core/Src/stm32h7xx_hal_msp.o
 .debug_ranges  0x0000000000000080       0x50 ./Core/Src/stm32h7xx_it.o
 .debug_ranges  0x00000000000000d0       0x18 ./Core/Src/system_stm32h7xx.o
 .debug_ranges  0x00000000000000e8       0x20 ./Core/Startup/startup_stm32h750vbtx.o
 .debug_ranges  0x0000000000000108      0x188 ./Drivers/STM32H7xx_HAL_Driver/Src/stm32h7xx_hal.o
 .debug_ranges  0x0000000000000290      0x110 ./Drivers/STM32H7xx_HAL_Driver/Src/stm32h7xx_hal_cortex.o
 .debug_ranges  0x00000000000003a0       0x48 ./Drivers/STM32H7xx_HAL_Driver/Src/stm32h7xx_hal_gpio.o
 .debug_ranges  0x00000000000003e8      0x148 ./Drivers/STM32H7xx_HAL_Driver/Src/stm32h7xx_hal_pwr_ex.o
 .debug_ranges  0x0000000000000530       0x78 ./Drivers/STM32H7xx_HAL_Driver/Src/stm32h7xx_hal_rcc.o
 .debug_ranges  0x00000000000005a8       0xe8 ./Drivers/STM32H7xx_HAL_Driver/Src/stm32h7xx_hal_rcc_ex.o
 .debug_ranges  0x0000000000000690      0x180 ./Drivers/STM32H7xx_HAL_Driver/Src/stm32h7xx_hal_sai.o
 .debug_ranges  0x0000000000000810       0xa8 ./Drivers/STM32H7xx_HAL_Driver/Src/stm32h7xx_hal_sram.o
 .debug_ranges  0x00000000000008b8       0xb8 ./Drivers/STM32H7xx_HAL_Driver/Src/stm32h7xx_ll_fmc.o

.debug_macro    0x0000000000000000    0x35f2c
 .debug_macro   0x0000000000000000      0x2bd ./Core/Src/main.o
 .debug_macro   0x00000000000002bd      0xac0 ./Core/Src/main.o
 .debug_macro   0x0000000000000d7d      0x238 ./Core/Src/main.o
 .debug_macro   0x0000000000000fb5       0x2e ./Core/Src/main.o
 .debug_macro   0x0000000000000fe3       0x3b ./Core/Src/main.o
 .debug_macro   0x000000000000101e       0x22 ./Core/Src/main.o
 .debug_macro   0x0000000000001040       0x8e ./Core/Src/main.o
 .debug_macro   0x00000000000010ce       0x51 ./Core/Src/main.o
 .debug_macro   0x000000000000111f      0x103 ./Core/Src/main.o
 .debug_macro   0x0000000000001222       0x6a ./Core/Src/main.o
 .debug_macro   0x000000000000128c      0x1df ./Core/Src/main.o
 .debug_macro   0x000000000000146b       0x1c ./Core/Src/main.o
 .debug_macro   0x0000000000001487       0x22 ./Core/Src/main.o
 .debug_macro   0x00000000000014a9      0x101 ./Core/Src/main.o
 .debug_macro   0x00000000000015aa     0x1305 ./Core/Src/main.o
 .debug_macro   0x00000000000028af      0x11f ./Core/Src/main.o
 .debug_macro   0x00000000000029ce       0x27 ./Core/Src/main.o
 .debug_macro   0x00000000000029f5    0x25e57 ./Core/Src/main.o
 .debug_macro   0x000000000002884c       0x6d ./Core/Src/main.o
 .debug_macro   0x00000000000288b9     0x3d1e ./Core/Src/main.o
 .debug_macro   0x000000000002c5d7      0x174 ./Core/Src/main.o
 .debug_macro   0x000000000002c74b       0x52 ./Core/Src/main.o
 .debug_macro   0x000000000002c79d       0x17 ./Core/Src/main.o
 .debug_macro   0x000000000002c7b4       0x3c ./Core/Src/main.o
 .debug_macro   0x000000000002c7f0       0x34 ./Core/Src/main.o
 .debug_macro   0x000000000002c824       0x16 ./Core/Src/main.o
 .debug_macro   0x000000000002c83a       0x43 ./Core/Src/main.o
 .debug_macro   0x000000000002c87d       0x34 ./Core/Src/main.o
 .debug_macro   0x000000000002c8b1       0x10 ./Core/Src/main.o
 .debug_macro   0x000000000002c8c1       0x58 ./Core/Src/main.o
 .debug_macro   0x000000000002c919       0x71 ./Core/Src/main.o
 .debug_macro   0x000000000002c98a       0x1c ./Core/Src/main.o
 .debug_macro   0x000000000002c9a6      0x12a ./Core/Src/main.o
 .debug_macro   0x000000000002cad0      0x333 ./Core/Src/main.o
 .debug_macro   0x000000000002ce03      0x1a9 ./Core/Src/main.o
 .debug_macro   0x000000000002cfac       0x5d ./Core/Src/main.o
 .debug_macro   0x000000000002d009     0x240e ./Core/Src/main.o
 .debug_macro   0x000000000002f417     0x1002 ./Core/Src/main.o
 .debug_macro   0x0000000000030419      0x14d ./Core/Src/main.o
 .debug_macro   0x0000000000030566      0x114 ./Core/Src/main.o
 .debug_macro   0x000000000003067a      0x3b2 ./Core/Src/main.o
 .debug_macro   0x0000000000030a2c       0xac ./Core/Src/main.o
 .debug_macro   0x0000000000030ad8      0x72d ./Core/Src/main.o
 .debug_macro   0x0000000000031205      0x228 ./Core/Src/main.o
 .debug_macro   0x000000000003142d       0x66 ./Core/Src/main.o
 .debug_macro   0x0000000000031493      0x3bb ./Core/Src/main.o
 .debug_macro   0x000000000003184e      0x3e4 ./Core/Src/main.o
 .debug_macro   0x0000000000031c32      0x275 ./Core/Src/main.o
 .debug_macro   0x0000000000031ea7      0x3ca ./Core/Src/main.o
 .debug_macro   0x0000000000032271      0x3de ./Core/Src/main.o
 .debug_macro   0x000000000003264f       0x3c ./Core/Src/main.o
 .debug_macro   0x000000000003268b       0x4a ./Core/Src/main.o
 .debug_macro   0x00000000000326d5      0x512 ./Core/Src/main.o
 .debug_macro   0x0000000000032be7      0x22c ./Core/Src/main.o
 .debug_macro   0x0000000000032e13       0x67 ./Core/Src/main.o
 .debug_macro   0x0000000000032e7a       0xa5 ./Core/Src/main.o
 .debug_macro   0x0000000000032f1f      0x1c4 ./Core/Src/main.o
 .debug_macro   0x00000000000330e3      0x25e ./Core/Src/main.o
 .debug_macro   0x0000000000033341       0x35 ./Core/Src/main.o
 .debug_macro   0x0000000000033376      0x3bb ./Core/Src/main.o
 .debug_macro   0x0000000000033731       0x10 ./Core/Src/main.o
 .debug_macro   0x0000000000033741       0xe4 ./Core/Src/main.o
 .debug_macro   0x0000000000033825      0x5a0 ./Core/Src/main.o
 .debug_macro   0x0000000000033dc5      0x2bd ./Core/Src/stm32h7xx_hal_msp.o
 .debug_macro   0x0000000000034082      0x2c7 ./Core/Src/stm32h7xx_it.o
 .debug_macro   0x0000000000034349      0x2b3 ./Core/Src/system_stm32h7xx.o
 .debug_macro   0x00000000000345fc      0x2dd ./Drivers/STM32H7xx_HAL_Driver/Src/stm32h7xx_hal.o
 .debug_macro   0x00000000000348d9      0x2b3 ./Drivers/STM32H7xx_HAL_Driver/Src/stm32h7xx_hal_cortex.o
 .debug_macro   0x0000000000034b8c      0x2ba ./Drivers/STM32H7xx_HAL_Driver/Src/stm32h7xx_hal_gpio.o
 .debug_macro   0x0000000000034e46      0x2ec ./Drivers/STM32H7xx_HAL_Driver/Src/stm32h7xx_hal_pwr_ex.o
 .debug_macro   0x0000000000035132      0x2d7 ./Drivers/STM32H7xx_HAL_Driver/Src/stm32h7xx_hal_rcc.o
 .debug_macro   0x0000000000035409      0x2d1 ./Drivers/STM32H7xx_HAL_Driver/Src/stm32h7xx_hal_rcc_ex.o
 .debug_macro   0x00000000000356da      0x2c2 ./Drivers/STM32H7xx_HAL_Driver/Src/stm32h7xx_hal_sai.o
 .debug_macro   0x000000000003599c      0x2b3 ./Drivers/STM32H7xx_HAL_Driver/Src/stm32h7xx_hal_sram.o
 .debug_macro   0x0000000000035c4f      0x2dd ./Drivers/STM32H7xx_HAL_Driver/Src/stm32h7xx_ll_fmc.o

.debug_line     0x0000000000000000     0xc7b9
 .debug_line    0x0000000000000000      0xa76 ./Core/Src/main.o
 .debug_line    0x0000000000000a76      0xa5d ./Core/Src/stm32h7xx_hal_msp.o
 .debug_line    0x00000000000014d3      0x91a ./Core/Src/stm32h7xx_it.o
 .debug_line    0x0000000000001ded      0xa07 ./Core/Src/system_stm32h7xx.o
 .debug_line    0x00000000000027f4       0x88 ./Core/Startup/startup_stm32h750vbtx.o
 .debug_line    0x000000000000287c      0xe02 ./Drivers/STM32H7xx_HAL_Driver/Src/stm32h7xx_hal.o
 .debug_line    0x000000000000367e      0xe08 ./Drivers/STM32H7xx_HAL_Driver/Src/stm32h7xx_hal_cortex.o
 .debug_line    0x0000000000004486      0xcc5 ./Drivers/STM32H7xx_HAL_Driver/Src/stm32h7xx_hal_gpio.o
 .debug_line    0x000000000000514b      0xf1c ./Drivers/STM32H7xx_HAL_Driver/Src/stm32h7xx_hal_pwr_ex.o
 .debug_line    0x0000000000006067     0x136d ./Drivers/STM32H7xx_HAL_Driver/Src/stm32h7xx_hal_rcc.o
 .debug_line    0x00000000000073d4     0x1b1b ./Drivers/STM32H7xx_HAL_Driver/Src/stm32h7xx_hal_rcc_ex.o
 .debug_line    0x0000000000008eef     0x1e91 ./Drivers/STM32H7xx_HAL_Driver/Src/stm32h7xx_hal_sai.o
 .debug_line    0x000000000000ad80      0xe66 ./Drivers/STM32H7xx_HAL_Driver/Src/stm32h7xx_hal_sram.o
 .debug_line    0x000000000000bbe6      0xbd3 ./Drivers/STM32H7xx_HAL_Driver/Src/stm32h7xx_ll_fmc.o

.debug_str      0x0000000000000000   0x157554
 .debug_str     0x0000000000000000   0x153bcf ./Core/Src/main.o
                                     0x1541f5 (size before relaxing)
 .debug_str     0x0000000000153bcf      0x3d4 ./Core/Src/stm32h7xx_hal_msp.o
                                     0x1542bd (size before relaxing)
 .debug_str     0x0000000000153fa3       0xbd ./Core/Src/stm32h7xx_it.o
                                     0x153294 (size before relaxing)
 .debug_str     0x0000000000154060      0x2fe ./Core/Src/system_stm32h7xx.o
                                     0x15371f (size before relaxing)
 .debug_str     0x000000000015435e       0x36 ./Core/Startup/startup_stm32h750vbtx.o
                                         0x8c (size before relaxing)
 .debug_str     0x0000000000154394      0xf13 ./Drivers/STM32H7xx_HAL_Driver/Src/stm32h7xx_hal.o
                                     0x15455c (size before relaxing)
 .debug_str     0x00000000001552a7      0x398 ./Drivers/STM32H7xx_HAL_Driver/Src/stm32h7xx_hal_cortex.o
                                     0x154064 (size before relaxing)
 .debug_str     0x000000000015563f      0x14b ./Drivers/STM32H7xx_HAL_Driver/Src/stm32h7xx_hal_gpio.o
                                     0x153717 (size before relaxing)
 .debug_str     0x000000000015578a      0x63e ./Drivers/STM32H7xx_HAL_Driver/Src/stm32h7xx_hal_pwr_ex.o
                                     0x153ba6 (size before relaxing)
 .debug_str     0x0000000000155dc8      0x26c ./Drivers/STM32H7xx_HAL_Driver/Src/stm32h7xx_hal_rcc.o
                                     0x153a7b (size before relaxing)
 .debug_str     0x0000000000156034      0x677 ./Drivers/STM32H7xx_HAL_Driver/Src/stm32h7xx_hal_rcc_ex.o
                                     0x153f2d (size before relaxing)
 .debug_str     0x00000000001566ab      0x452 ./Drivers/STM32H7xx_HAL_Driver/Src/stm32h7xx_hal_sai.o
                                     0x153ca6 (size before relaxing)
 .debug_str     0x0000000000156afd      0x1fd ./Drivers/STM32H7xx_HAL_Driver/Src/stm32h7xx_hal_sram.o
                                     0x153977 (size before relaxing)
 .debug_str     0x0000000000156cfa      0x85a ./Drivers/STM32H7xx_HAL_Driver/Src/stm32h7xx_ll_fmc.o
                                     0x153c89 (size before relaxing)

.comment        0x0000000000000000       0x53
 .comment       0x0000000000000000       0x53 ./Core/Src/main.o
                                         0x54 (size before relaxing)
 .comment       0x0000000000000053       0x54 ./Core/Src/stm32h7xx_hal_msp.o
 .comment       0x0000000000000053       0x54 ./Core/Src/stm32h7xx_it.o
 .comment       0x0000000000000053       0x54 ./Core/Src/system_stm32h7xx.o
 .comment       0x0000000000000053       0x54 ./Drivers/STM32H7xx_HAL_Driver/Src/stm32h7xx_hal.o
 .comment       0x0000000000000053       0x54 ./Drivers/STM32H7xx_HAL_Driver/Src/stm32h7xx_hal_cortex.o
 .comment       0x0000000000000053       0x54 ./Drivers/STM32H7xx_HAL_Driver/Src/stm32h7xx_hal_gpio.o
 .comment       0x0000000000000053       0x54 ./Drivers/STM32H7xx_HAL_Driver/Src/stm32h7xx_hal_pwr_ex.o
 .comment       0x0000000000000053       0x54 ./Drivers/STM32H7xx_HAL_Driver/Src/stm32h7xx_hal_rcc.o
 .comment       0x0000000000000053       0x54 ./Drivers/STM32H7xx_HAL_Driver/Src/stm32h7xx_hal_rcc_ex.o
 .comment       0x0000000000000053       0x54 ./Drivers/STM32H7xx_HAL_Driver/Src/stm32h7xx_hal_sai.o
 .comment       0x0000000000000053       0x54 ./Drivers/STM32H7xx_HAL_Driver/Src/stm32h7xx_hal_sram.o
 .comment       0x0000000000000053       0x54 ./Drivers/STM32H7xx_HAL_Driver/Src/stm32h7xx_ll_fmc.o

.debug_frame    0x0000000000000000     0x28d0
 .debug_frame   0x0000000000000000       0xe8 ./Core/Src/main.o
 .debug_frame   0x00000000000000e8      0x110 ./Core/Src/stm32h7xx_hal_msp.o
 .debug_frame   0x00000000000001f8      0x108 ./Core/Src/stm32h7xx_it.o
 .debug_frame   0x0000000000000300       0x58 ./Core/Src/system_stm32h7xx.o
 .debug_frame   0x0000000000000358      0x690 ./Drivers/STM32H7xx_HAL_Driver/Src/stm32h7xx_hal.o
 .debug_frame   0x00000000000009e8      0x4b8 ./Drivers/STM32H7xx_HAL_Driver/Src/stm32h7xx_hal_cortex.o
 .debug_frame   0x0000000000000ea0      0x14c ./Drivers/STM32H7xx_HAL_Driver/Src/stm32h7xx_hal_gpio.o
 .debug_frame   0x0000000000000fec      0x580 ./Drivers/STM32H7xx_HAL_Driver/Src/stm32h7xx_hal_pwr_ex.o
 .debug_frame   0x000000000000156c      0x1f8 ./Drivers/STM32H7xx_HAL_Driver/Src/stm32h7xx_hal_rcc.o
 .debug_frame   0x0000000000001764      0x3f4 ./Drivers/STM32H7xx_HAL_Driver/Src/stm32h7xx_hal_rcc_ex.o
 .debug_frame   0x0000000000001b58      0x69c ./Drivers/STM32H7xx_HAL_Driver/Src/stm32h7xx_hal_sai.o
 .debug_frame   0x00000000000021f4      0x314 ./Drivers/STM32H7xx_HAL_Driver/Src/stm32h7xx_hal_sram.o
 .debug_frame   0x0000000000002508      0x37c ./Drivers/STM32H7xx_HAL_Driver/Src/stm32h7xx_ll_fmc.o
 .debug_frame   0x0000000000002884       0x2c c:/st/stm32cubeide_1.7.0/stm32cubeide/plugins/com.st.stm32cube.ide.mcu.externaltools.gnu-tools-for-stm32.9-2020-q2-update.win32_2.0.0.202105311346/tools/bin/../lib/gcc/arm-none-eabi/9.3.1/../../../../arm-none-eabi/lib/thumb/v7e-m+dp/hard\libc_nano.a(lib_a-init.o)
 .debug_frame   0x00000000000028b0       0x20 c:/st/stm32cubeide_1.7.0/stm32cubeide/plugins/com.st.stm32cube.ide.mcu.externaltools.gnu-tools-for-stm32.9-2020-q2-update.win32_2.0.0.202105311346/tools/bin/../lib/gcc/arm-none-eabi/9.3.1/../../../../arm-none-eabi/lib/thumb/v7e-m+dp/hard\libc_nano.a(lib_a-memset.o)
