../Drivers/ili9341/ili9341.c:139:38:ili9341_Init	8	static
../Drivers/ili9341/ili9341.c:32:20:ili9341_DelayMicro	8	static
../Drivers/ili9341/ili9341.c:314:13:ConvHL_8bit	0	static
../Drivers/ili9341/ili9341.c:26:6:ili9341_Delay	0	static
../Drivers/ili9341/ili9341.c:38:6:ili9341_WriteCmd	0	static
../Drivers/ili9341/ili9341.c:43:6:ili9341_WriteData	0	static
../Drivers/ili9341/ili9341.c:79:13:ili9341_Direction	8	static
../Drivers/ili9341/ili9341.c:49:10:ili9341_ReadReg	8	static
../Drivers/ili9341/ili9341.c:101:6:ili9341_SetRotation	8	static
../Drivers/ili9341/ili9341.c:128:6:ili9341_Reset	8	static
../Drivers/ili9341/ili9341.c:256:6:ili9341_Flood	24	static
../Drivers/ili9341/ili9341.c:291:6:ili9341_SetAddrWindow	24	static
../Drivers/ili9341/ili9341.c:308:6:ili9341_FillScreen	16	static
../Drivers/ili9341/ili9341.c:326:6:ili9341_DrawBitmap_8bit	16	static
../Drivers/ili9341/ili9341.c:336:10:ili9341_GetRandColor	8	static
../Drivers/ili9341/ili9341.c:340:6:ili9341_Test_BlinkRandColor_3000	8	static
../Drivers/ili9341/ili9341.c:349:6:ili9341_FillRectangle	24	static
../Drivers/ili9341/ili9341.c:355:6:ili9341_SpeedTest	16	static
../Drivers/ili9341/ili9341.c:365:6:ili9341_DrawPixel	8	static
../Drivers/ili9341/ili9341.c:381:6:ili9341_DrawLine	48	static
../Drivers/ili9341/ili9341.c:414:6:ili9341_DrawRandomLine	40	static
../Drivers/ili9341/ili9341.c:422:6:ili9341_DrawRect	32	static
../Drivers/ili9341/ili9341.c:430:6:ili9341_DrawCircle	48	static
../Drivers/ili9341/ili9341.c:461:6:ili9341_DrawRandomCircle	24	static
