stm32h7xx_hal_sai.c:330:19:HAL_SAI_InitProtocol	32	static
stm32h7xx_hal_sai.c:369:19:HAL_SAI_Init	48	static
stm32h7xx_hal_sai.c:782:19:HAL_SAI_DeInit	24	static
stm32h7xx_hal_sai.c:863:13:HAL_SAI_MspInit	16	static
stm32h7xx_hal_sai.c:879:13:HAL_SAI_MspDeInit	16	static
stm32h7xx_hal_sai.c:1120:19:HAL_SAI_Transmit	32	static
stm32h7xx_hal_sai.c:1233:19:HAL_SAI_Receive	32	static
stm32h7xx_hal_sai.c:1343:19:HAL_SAI_Transmit_IT	24	static
stm32h7xx_hal_sai.c:1405:19:HAL_SAI_Receive_IT	24	static
stm32h7xx_hal_sai.c:1463:19:HAL_SAI_DMAPause	16	static
stm32h7xx_hal_sai.c:1483:19:HAL_SAI_DMAResume	16	static
stm32h7xx_hal_sai.c:1510:19:HAL_SAI_DMAStop	24	static
stm32h7xx_hal_sai.c:1572:19:HAL_SAI_Abort	24	static
stm32h7xx_hal_sai.c:1644:19:HAL_SAI_Transmit_DMA	32	static
stm32h7xx_hal_sai.c:1731:19:HAL_SAI_Receive_DMA	24	static
stm32h7xx_hal_sai.c:1800:19:HAL_SAI_EnableTxMuteMode	16	static
stm32h7xx_hal_sai.c:1819:19:HAL_SAI_DisableTxMuteMode	16	static
stm32h7xx_hal_sai.c:1837:19:HAL_SAI_EnableRxMuteMode	24	static
stm32h7xx_hal_sai.c:1860:19:HAL_SAI_DisableRxMuteMode	16	static
stm32h7xx_hal_sai.c:1879:6:HAL_SAI_IRQHandler	32	static
stm32h7xx_hal_sai.c:2152:13:HAL_SAI_TxCpltCallback	16	static
stm32h7xx_hal_sai.c:2168:13:HAL_SAI_TxHalfCpltCallback	16	static
stm32h7xx_hal_sai.c:2184:13:HAL_SAI_RxCpltCallback	16	static
stm32h7xx_hal_sai.c:2200:13:HAL_SAI_RxHalfCpltCallback	16	static
stm32h7xx_hal_sai.c:2216:13:HAL_SAI_ErrorCallback	16	static
stm32h7xx_hal_sai.c:2251:22:HAL_SAI_GetState	16	static
stm32h7xx_hal_sai.c:2262:10:HAL_SAI_GetError	16	static
stm32h7xx_hal_sai.c:2291:26:SAI_InitI2S	32	static
stm32h7xx_hal_sai.c:2386:26:SAI_InitPCM	32	static
stm32h7xx_hal_sai.c:2456:13:SAI_FillFifo	24	static
stm32h7xx_hal_sai.c:2499:17:SAI_InterruptFlag	24	static
stm32h7xx_hal_sai.c:2532:26:SAI_Disable	24	static
stm32h7xx_hal_sai.c:2563:13:SAI_Transmit_IT8Bit	16	static
stm32h7xx_hal_sai.c:2592:13:SAI_Transmit_IT16Bit	24	static
stm32h7xx_hal_sai.c:2625:13:SAI_Transmit_IT32Bit	24	static
stm32h7xx_hal_sai.c:2662:13:SAI_Receive_IT8Bit	16	static
stm32h7xx_hal_sai.c:2693:13:SAI_Receive_IT16Bit	24	static
stm32h7xx_hal_sai.c:2729:13:SAI_Receive_IT32Bit	24	static
stm32h7xx_hal_sai.c:2769:13:SAI_DMATxCplt	24	static
stm32h7xx_hal_sai.c:2798:13:SAI_DMATxHalfCplt	24	static
stm32h7xx_hal_sai.c:2815:13:SAI_DMARxCplt	24	static
stm32h7xx_hal_sai.c:2843:13:SAI_DMARxHalfCplt	24	static
stm32h7xx_hal_sai.c:2860:13:SAI_DMAError	24	static
stm32h7xx_hal_sai.c:2898:13:SAI_DMAAbort	24	static
