../Middlewares/ST/touchgfx/framework/include/touchgfx/Drawable.hpp:515:10:void touchgfx::Drawable::setVisible(bool)	16	static
../Middlewares/ST/touchgfx/framework/include/touchgfx/Drawable.hpp:537:10:bool touchgfx::Drawable::isVisible() const	16	static
../Middlewares/ST/touchgfx/framework/include/touchgfx/Screen.hpp:104:18:virtual void touchgfx::Screen::afterTransition()	16	static
../Middlewares/ST/touchgfx/framework/include/touchgfx/Screen.hpp:115:18:virtual void touchgfx::Screen::tearDownScreen()	16	static
../Middlewares/ST/touchgfx/framework/include/touchgfx/Screen.hpp:144:18:virtual void touchgfx::Screen::handleTickEvent()	16	static
../Middlewares/ST/touchgfx/framework/include/touchgfx/Screen.hpp:154:18:virtual void touchgfx::Screen::handleKeyEvent(uint8_t)	16	static
../Middlewares/ST/touchgfx/framework/include/touchgfx/Screen.hpp:267:10:void touchgfx::Screen::invalidate() const	16	static
../TouchGFX/gui/include/gui/model/Model.hpp:79:10:uint8_t Model::getChannelNum()	16	static
../TouchGFX/gui/include/gui/model/Model.hpp:88:15:MenuItemInfo Model::getFXchainItem(uint8_t, uint8_t)	24	static
../TouchGFX/gui/include/gui/model/Model.hpp:96:10:uint8_t Model::getChannelChainPosition(uint8_t)	16	static
../TouchGFX/gui/include/gui/effectsettings_screen/EffectSettingsPresenter.hpp:36:10:uint8_t EffectSettingsPresenter::getChannelNum()	16	static
../TouchGFX/gui/include/gui/effectsettings_screen/EffectSettingsPresenter.hpp:44:10:uint8_t EffectSettingsPresenter::getChannelChainPosition(uint8_t)	16	static
../TouchGFX/gui/include/gui/effectsettings_screen/EffectSettingsPresenter.hpp:48:15:MenuItemInfo EffectSettingsPresenter::getFXchainItem(uint8_t, uint8_t)	24	static
../Middlewares/ST/touchgfx/framework/include/touchgfx/TypedText.hpp:59:5:touchgfx::TypedText::TypedText(touchgfx::TypedTextId)	16	static
../Middlewares/ST/touchgfx/framework/include/touchgfx/TypedText.hpp:65:13:touchgfx::TypedText::~TypedText()	16	static
../Middlewares/ST/touchgfx/framework/include/touchgfx/TypedText.hpp:65:13:virtual touchgfx::TypedText::~TypedText()	16	static
../TouchGFX/generated/gui_generated/include/gui_generated/effectsettings_screen/EffectSettingsViewBase.hpp:25:26:FrontendApplication& EffectSettingsViewBase::application()	16	static
../TouchGFX/gui/include/gui/effectsettings_screen/EffectSettingsView.hpp:11:13:EffectSettingsView::~EffectSettingsView()	16	static
../TouchGFX/gui/include/gui/effectsettings_screen/EffectSettingsView.hpp:11:13:virtual EffectSettingsView::~EffectSettingsView()	16	static
../TouchGFX/gui/src/effectsettings_screen/EffectSettingsView.cpp:3:1:EffectSettingsView::EffectSettingsView()	16	static
../TouchGFX/gui/src/effectsettings_screen/EffectSettingsView.cpp:9:6:virtual void EffectSettingsView::setupScreen()	80	static
../TouchGFX/gui/src/effectsettings_screen/EffectSettingsView.cpp:73:6:virtual void EffectSettingsView::tearDownScreen()	16	static
../TouchGFX/gui/src/effectsettings_screen/EffectSettingsView.cpp:77:6:void EffectSettingsView::parameterChange(uint8_t, int8_t)	16	static
../TouchGFX/gui/src/effectsettings_screen/EffectSettingsView.cpp:91:6:void EffectSettingsView::encScroll_action(int8_t)	24	static
../TouchGFX/gui/src/effectsettings_screen/EffectSettingsView.cpp:101:6:void EffectSettingsView::btnYES_action()	40	static
../TouchGFX/gui/src/effectsettings_screen/EffectSettingsView.cpp:130:6:void EffectSettingsView::btnNO_action()	16	static
